Component: ARM Compiler 6.12 Tool: armlink [5d624300]

==============================================================================

Section Cross References

    encoder.o(.text.get_encoder) refers to zf_driver_encoder.o(.text.encoder_get_count) for encoder_get_count
    encoder.o(.text.get_encoder) refers to zf_driver_encoder.o(.text.encoder_clear_count) for encoder_clear_count
    encoder.o(.text.get_encoder) refers to encoder.o(.bss.encoder) for encoder
    encoder.o(.ARM.exidx.text.get_encoder) refers to encoder.o(.text.get_encoder) for [Anonymous Symbol]
    encoder.o(.text.encoder_init) refers to zf_driver_encoder.o(.text.encoder_dir_init) for encoder_dir_init
    encoder.o(.text.encoder_init) refers to zf_driver_pit.o(.text.pit_ms_init) for pit_ms_init
    encoder.o(.text.encoder_init) refers to encoder.o(.text.get_encoder) for get_encoder
    encoder.o(.ARM.exidx.text.encoder_init) refers to encoder.o(.text.encoder_init) for [Anonymous Symbol]
    main.o(.text) refers (Special) to _printf_d.o(.ARM.Collect$$_printf_percent$$00000009) for _printf_d
    main.o(.text) refers (Special) to _printf_dec.o(.text) for _printf_int_dec
    main.o(.text) refers (Special) to _printf_percent.o(.ARM.Collect$$_printf_percent$$00000000) for _printf_percent
    main.o(.text.main) refers (Special) to _printf_d.o(.ARM.Collect$$_printf_percent$$00000009) for _printf_d
    main.o(.text.main) refers (Special) to _printf_dec.o(.text) for _printf_int_dec
    main.o(.text.main) refers (Special) to _printf_percent.o(.ARM.Collect$$_printf_percent$$00000000) for _printf_percent
    main.o(.text.main) refers to zf_common_clock.o(.text.clock_init) for clock_init
    main.o(.text.main) refers to zf_common_debug.o(.text.debug_init) for debug_init
    main.o(.text.main) refers to zf_driver_gpio.o(.text.gpio_init) for gpio_init
    main.o(.text.main) refers to zf_driver_gpio.o(.text.gpio_set_level) for gpio_set_level
    main.o(.text.main) refers to encoder.o(.text.encoder_init) for encoder_init
    main.o(.text.main) refers to __2printf.o(.text) for __2printf
    main.o(.text.main) refers to zf_driver_delay.o(.text.system_delay_ms) for system_delay_ms
    main.o(.text.main) refers to encoder.o(.bss.encoder) for encoder
    main.o(.ARM.exidx.text.main) refers (Special) to _printf_d.o(.ARM.Collect$$_printf_percent$$00000009) for _printf_d
    main.o(.ARM.exidx.text.main) refers (Special) to _printf_dec.o(.text) for _printf_int_dec
    main.o(.ARM.exidx.text.main) refers (Special) to _printf_percent.o(.ARM.Collect$$_printf_percent$$00000000) for _printf_percent
    main.o(.ARM.exidx.text.main) refers to main.o(.text.main) for [Anonymous Symbol]
    main.o(.ARM.use_no_argv) refers (Special) to _printf_d.o(.ARM.Collect$$_printf_percent$$00000009) for _printf_d
    main.o(.ARM.use_no_argv) refers (Special) to _printf_dec.o(.text) for _printf_int_dec
    main.o(.ARM.use_no_argv) refers (Special) to _printf_percent.o(.ARM.Collect$$_printf_percent$$00000000) for _printf_percent
    isr.o(.text.TIMA0_IRQHandler) refers to zf_driver_pit.o(.data.pit_callback_ptr_list) for pit_callback_ptr_list
    isr.o(.text.TIMA0_IRQHandler) refers to zf_driver_pit.o(.bss.pit_callback_list) for pit_callback_list
    isr.o(.ARM.exidx.text.TIMA0_IRQHandler) refers to isr.o(.text.TIMA0_IRQHandler) for [Anonymous Symbol]
    isr.o(.text.TIMA1_IRQHandler) refers to zf_driver_pit.o(.data.pit_callback_ptr_list) for pit_callback_ptr_list
    isr.o(.text.TIMA1_IRQHandler) refers to zf_driver_pit.o(.bss.pit_callback_list) for pit_callback_list
    isr.o(.ARM.exidx.text.TIMA1_IRQHandler) refers to isr.o(.text.TIMA1_IRQHandler) for [Anonymous Symbol]
    isr.o(.text.TIMG0_IRQHandler) refers to zf_driver_pit.o(.data.pit_callback_ptr_list) for pit_callback_ptr_list
    isr.o(.text.TIMG0_IRQHandler) refers to zf_driver_pit.o(.bss.pit_callback_list) for pit_callback_list
    isr.o(.ARM.exidx.text.TIMG0_IRQHandler) refers to isr.o(.text.TIMG0_IRQHandler) for [Anonymous Symbol]
    isr.o(.text.TIMG6_IRQHandler) refers to zf_driver_pit.o(.data.pit_callback_ptr_list) for pit_callback_ptr_list
    isr.o(.text.TIMG6_IRQHandler) refers to zf_driver_pit.o(.bss.pit_callback_list) for pit_callback_list
    isr.o(.ARM.exidx.text.TIMG6_IRQHandler) refers to isr.o(.text.TIMG6_IRQHandler) for [Anonymous Symbol]
    isr.o(.text.TIMG7_IRQHandler) refers to zf_driver_pit.o(.data.pit_callback_ptr_list) for pit_callback_ptr_list
    isr.o(.text.TIMG7_IRQHandler) refers to zf_driver_pit.o(.bss.pit_callback_list) for pit_callback_list
    isr.o(.ARM.exidx.text.TIMG7_IRQHandler) refers to isr.o(.text.TIMG7_IRQHandler) for [Anonymous Symbol]
    isr.o(.text.TIMG8_IRQHandler) refers to zf_driver_pit.o(.data.pit_callback_ptr_list) for pit_callback_ptr_list
    isr.o(.text.TIMG8_IRQHandler) refers to zf_driver_pit.o(.bss.pit_callback_list) for pit_callback_list
    isr.o(.ARM.exidx.text.TIMG8_IRQHandler) refers to isr.o(.text.TIMG8_IRQHandler) for [Anonymous Symbol]
[...]
    __arm_cp.1_0                             0x00001680   Number         4  dl_uart.o(.text.DL_UART_setClockConfig)
    [Anonymous Symbol]                       0x00001684   Section        0  dl_vref.o(.text.DL_VREF_configReference)
    __arm_cp.0_0                             0x000016a4   Number         4  dl_vref.o(.text.DL_VREF_configReference)
    [Anonymous Symbol]                       0x000016a8   Section        0  isr.o(.text.GROUP1_IRQHandler)
    __arm_cp.16_0                            0x000016ec   Number         4  isr.o(.text.GROUP1_IRQHandler)
    __arm_cp.16_1                            0x000016f0   Number         4  isr.o(.text.GROUP1_IRQHandler)
    __arm_cp.16_2                            0x000016f4   Number         4  isr.o(.text.GROUP1_IRQHandler)
    __arm_cp.16_3                            0x000016f8   Number         4  isr.o(.text.GROUP1_IRQHandler)
    [Anonymous Symbol]                       0x000016fc   Section        0  ti_msp_dl_config.o(.text.SYSCFG_DL_GPIO_init)
    __arm_cp.2_0                             0x0000170c   Number         4  ti_msp_dl_config.o(.text.SYSCFG_DL_GPIO_init)
    [Anonymous Symbol]                       0x00001710   Section        0  ti_msp_dl_config.o(.text.SYSCFG_DL_SYSCTL_CLK_init)
    __arm_cp.6_0                             0x00001720   Number         4  ti_msp_dl_config.o(.text.SYSCFG_DL_SYSCTL_CLK_init)
    [Anonymous Symbol]                       0x00001724   Section        0  ti_msp_dl_config.o(.text.SYSCFG_DL_SYSCTL_SYSPLL_init)
    __arm_cp.7_0                             0x00001790   Number         4  ti_msp_dl_config.o(.text.SYSCFG_DL_SYSCTL_SYSPLL_init)
    __arm_cp.7_1                             0x00001794   Number         4  ti_msp_dl_config.o(.text.SYSCFG_DL_SYSCTL_SYSPLL_init)
    __arm_cp.7_2                             0x00001798   Number         4  ti_msp_dl_config.o(.text.SYSCFG_DL_SYSCTL_SYSPLL_init)
    __arm_cp.7_3                             0x0000179c   Number         4  ti_msp_dl_config.o(.text.SYSCFG_DL_SYSCTL_SYSPLL_init)
    __arm_cp.7_4                             0x000017a0   Number         4  ti_msp_dl_config.o(.text.SYSCFG_DL_SYSCTL_SYSPLL_init)
    [Anonymous Symbol]                       0x000017a4   Section        0  ti_msp_dl_config.o(.text.SYSCFG_DL_SYSCTL_init)
    __arm_cp.3_0                             0x0000184c   Number         4  ti_msp_dl_config.o(.text.SYSCFG_DL_SYSCTL_init)
    __arm_cp.3_1                             0x00001850   Number         4  ti_msp_dl_config.o(.text.SYSCFG_DL_SYSCTL_init)
    __arm_cp.3_2                             0x00001854   Number         4  ti_msp_dl_config.o(.text.SYSCFG_DL_SYSCTL_init)
    __arm_cp.3_3                             0x00001858   Number         4  ti_msp_dl_config.o(.text.SYSCFG_DL_SYSCTL_init)
    __arm_cp.3_4                             0x0000185c   Number         4  ti_msp_dl_config.o(.text.SYSCFG_DL_SYSCTL_init)
    __arm_cp.3_5                             0x00001860   Number         4  ti_msp_dl_config.o(.text.SYSCFG_DL_SYSCTL_init)
    [Anonymous Symbol]                       0x00001864   Section        0  ti_msp_dl_config.o(.text.SYSCFG_DL_SYSTICK_init)
    __arm_cp.5_0                             0x0000187c   Number         4  ti_msp_dl_config.o(.text.SYSCFG_DL_SYSTICK_init)
    [Anonymous Symbol]                       0x00001880   Section        0  ti_msp_dl_config.o(.text.SYSCFG_DL_VREF_init)
    __arm_cp.4_0                             0x0000188c   Number         4  ti_msp_dl_config.o(.text.SYSCFG_DL_VREF_init)
    __arm_cp.4_1                             0x00001890   Number         4  ti_msp_dl_config.o(.text.SYSCFG_DL_VREF_init)
    [Anonymous Symbol]                       0x00001894   Section        0  ti_msp_dl_config.o(.text.SYSCFG_DL_init)
    [Anonymous Symbol]                       0x000018b0   Section        0  ti_msp_dl_config.o(.text.SYSCFG_DL_initPower)
    __arm_cp.1_3                             0x000018d4   Number         4  ti_msp_dl_config.o(.text.SYSCFG_DL_initPower)
    [Anonymous Symbol]                       0x000018d8   Section        0  isr.o(.text.TIMA0_IRQHandler)
    [Anonymous Symbol]                       0x000018e8   Section        0  isr.o(.text.TIMA1_IRQHandler)
    [Anonymous Symbol]                       0x000018f8   Section        0  isr.o(.text.TIMG0_IRQHandler)
    [Anonymous Symbol]                       0x00001908   Section        0  isr.o(.text.TIMG12_IRQHandler)
    [Anonymous Symbol]                       0x00001918   Section        0  isr.o(.text.TIMG14_IRQHandler)
    [Anonymous Symbol]                       0x00001928   Section        0  isr.o(.text.TIMG6_IRQHandler)
    [Anonymous Symbol]                       0x00001938   Section        0  isr.o(.text.TIMG7_IRQHandler)
    [Anonymous Symbol]                       0x00001948   Section        0  isr.o(.text.TIMG8_IRQHandler)
    [Anonymous Symbol]                       0x00001958   Section        0  isr.o(.text.TIMG9_IRQHandler)
    __arm_cp.6_0                             0x00001968   Number         4  isr.o(.text.TIMG9_IRQHandler)
    __arm_cp.6_1                             0x0000196c   Number         4  isr.o(.text.TIMG9_IRQHandler)
    [Anonymous Symbol]                       0x00001970   Section        0  isr.o(.text.UART0_IRQHandler)
    __arm_cp.9_0                             0x000019a4   Number         4  isr.o(.text.UART0_IRQHandler)
    [Anonymous Symbol]                       0x000019a8   Section        0  isr.o(.text.UART1_IRQHandler)
    __arm_cp.10_0                            0x000019e0   Number         4  isr.o(.text.UART1_IRQHandler)
    __arm_cp.10_3                            0x000019e4   Number         4  isr.o(.text.UART1_IRQHandler)
    [Anonymous Symbol]                       0x000019e8   Section        0  isr.o(.text.UART3_IRQHandler)
    __arm_cp.11_0                            0x00001a18   Number         4  isr.o(.text.UART3_IRQHandler)
    [Anonymous Symbol]                       0x00001a1c   Section        0  isr.o(.text.UART4_IRQHandler)
    __arm_cp.12_0                            0x00001a4c   Number         4  isr.o(.text.UART4_IRQHandler)
    [Anonymous Symbol]                       0x00001a50   Section        0  isr.o(.text.UART5_IRQHandler)
    __arm_cp.13_0                            0x00001a80   Number         4  isr.o(.text.UART5_IRQHandler)
    [Anonymous Symbol]                       0x00001a84   Section        0  isr.o(.text.UART6_IRQHandler)
    __arm_cp.14_0                            0x00001ab4   Number         4  isr.o(.text.UART6_IRQHandler)
    [Anonymous Symbol]                       0x00001ab8   Section        0  isr.o(.text.UART7_IRQHandler)
    __arm_cp.15_0                            0x00001ae8   Number         4  isr.o(.text.UART7_IRQHandler)
    __arm_cp.15_1                            0x00001aec   Number         4  isr.o(.text.UART7_IRQHandler)
    __arm_cp.15_2                            0x00001af0   Number         4  isr.o(.text.UART7_IRQHandler)
    [Anonymous Symbol]                       0x00001af4   Section        0  zf_common_debug.o(.text._sys_exit)
    [Anonymous Symbol]                       0x00001af8   Section        0  zf_driver_gpio.o(.text.afio_init)
    __arm_cp.6_0                             0x00001b50   Number         4  zf_driver_gpio.o(.text.afio_init)
    __arm_cp.6_1                             0x00001b54   Number         4  zf_driver_gpio.o(.text.afio_init)
    __arm_cp.6_2                             0x00001b58   Number         4  zf_driver_gpio.o(.text.afio_init)
    __arm_cp.6_3                             0x00001b5c   Number         4  zf_driver_gpio.o(.text.afio_init)
    __arm_cp.6_4                             0x00001b60   Number         4  zf_driver_gpio.o(.text.afio_init)
    __arm_cp.6_5                             0x00001b64   Number         4  zf_driver_gpio.o(.text.afio_init)
    __arm_cp.6_6                             0x00001b68   Number         4  zf_driver_gpio.o(.text.afio_init)
    [Anonymous Symbol]                       0x00001b6c   Section        0  zf_common_clock.o(.text.clock_init)
    __arm_cp.0_0                             0x00001c20   Number         4  zf_common_clock.o(.text.clock_init)
    __arm_cp.0_1                             0x00001c24   Number         4  zf_common_clock.o(.text.clock_init)
    __arm_cp.0_2                             0x00001c28   Number         4  zf_common_clock.o(.text.clock_init)
    __arm_cp.0_3                             0x00001c2c   Number         4  zf_common_clock.o(.text.clock_init)
    __arm_cp.0_4                             0x00001c30   Number         4  zf_common_clock.o(.text.clock_init)
    __arm_cp.0_5                             0x00001c34   Number         4  zf_common_clock.o(.text.clock_init)
    __arm_cp.0_6                             0x00001c38   Number         4  zf_common_clock.o(.text.clock_init)
    __arm_cp.0_7                             0x00001c3c   Number         4  zf_common_clock.o(.text.clock_init)
    __arm_cp.0_8                             0x00001c40   Number         4  zf_common_clock.o(.text.clock_init)
    __arm_cp.0_9                             0x00001c44   Number         4  zf_common_clock.o(.text.clock_init)
    __arm_cp.0_10                            0x00001c48   Number         4  zf_common_clock.o(.text.clock_init)
    __arm_cp.0_11                            0x00001c4c   Number         4  zf_common_clock.o(.text.clock_init)
    __arm_cp.0_12                            0x00001c50   Number         4  zf_common_clock.o(.text.clock_init)
    __arm_cp.0_13                            0x00001c54   Number         4  zf_common_clock.o(.text.clock_init)
    __arm_cp.0_14                            0x00001c58   Number         4  zf_common_clock.o(.text.clock_init)
    __arm_cp.0_15                            0x00001c5c   Number         4  zf_common_clock.o(.text.clock_init)
    __arm_cp.0_16                            0x00001c60   Number         4  zf_common_clock.o(.text.clock_init)
    __arm_cp.0_17                            0x00001c64   Number         4  zf_common_clock.o(.text.clock_init)
    __arm_cp.0_18                            0x00001c68   Number         4  zf_common_clock.o(.text.clock_init)
    __arm_cp.0_19                            0x00001c6c   Number         4  zf_common_clock.o(.text.clock_init)
    __arm_cp.0_20                            0x00001c70   Number         4  zf_common_clock.o(.text.clock_init)
    __arm_cp.0_21                            0x00001c74   Number         4  zf_common_clock.o(.text.clock_init)
    __arm_cp.0_22                            0x00001c78   Number         4  zf_common_clock.o(.text.clock_init)
    __arm_cp.0_23                            0x00001c7c   Number         4  zf_common_clock.o(.text.clock_init)
    __arm_cp.0_24                            0x00001c80   Number         4  zf_common_clock.o(.text.clock_init)
    __arm_cp.0_25                            0x00001c84   Number         4  zf_common_clock.o(.text.clock_init)
    [Anonymous Symbol]                       0x00001c88   Section        0  zf_common_debug.o(.text.debug_assert_handler)
    __arm_cp.8_0                             0x00001ce8   Number         4  zf_common_debug.o(.text.debug_assert_handler)
    __arm_cp.8_1                             0x00001cec   Number         4  zf_common_debug.o(.text.debug_assert_handler)
    [Anonymous Symbol]                       0x00001d00   Section        0  zf_common_debug.o(.text.debug_init)
    __arm_cp.13_0                            0x00001d50   Number         4  zf_common_debug.o(.text.debug_init)
    __arm_cp.13_1                            0x00001d54   Number         4  zf_common_debug.o(.text.debug_init)
    __arm_cp.13_2                            0x00001d58   Number         4  zf_common_debug.o(.text.debug_init)
    [Anonymous Symbol]                       0x00001d5c   Section        0  zf_common_debug.o(.text.debug_interrupr_handler)
    debug_output                             0x00001d79   Thumb Code   708  zf_common_debug.o(.text.debug_output)
    [Anonymous Symbol]                       0x00001d78   Section        0  zf_common_debug.o(.text.debug_output)
    __arm_cp.9_0                             0x00001fe4   Number         4  zf_common_debug.o(.text.debug_output)
    __arm_cp.9_1                             0x00001fe8   Number         4  zf_common_debug.o(.text.debug_output)
    [Anonymous Symbol]                       0x0000203c   Section        0  zf_common_debug.o(.text.debug_output_init)
    __arm_cp.12_0                            0x00002060   Number         4  zf_common_debug.o(.text.debug_output_init)
    debug_uart_str_output                    0x00002065   Thumb Code    12  zf_common_debug.o(.text.debug_uart_str_output)
    [Anonymous Symbol]                       0x00002064   Section        0  zf_common_debug.o(.text.debug_uart_str_output)
    [Anonymous Symbol]                       0x00002070   Section        0  zf_driver_encoder.o(.text.encoder_clear_count)
    __arm_cp.1_1                             0x00002094   Number         4  zf_driver_encoder.o(.text.encoder_clear_count)
    [Anonymous Symbol]                       0x00002098   Section        0  zf_driver_encoder.o(.text.encoder_dir_init)
    __arm_cp.3_0                             0x00002104   Number         4  zf_driver_encoder.o(.text.encoder_dir_init)
    __arm_cp.3_3                             0x00002108   Number         4  zf_driver_encoder.o(.text.encoder_dir_init)
    __arm_cp.3_4                             0x0000210c   Number         4  zf_driver_encoder.o(.text.encoder_dir_init)
    [Anonymous Symbol]                       0x00002110   Section        0  zf_driver_encoder.o(.text.encoder_get_count)
    __arm_cp.0_0                             0x00002138   Number         4  zf_driver_encoder.o(.text.encoder_get_count)
    __arm_cp.0_1                             0x0000213c   Number         4  zf_driver_encoder.o(.text.encoder_get_count)
    [Anonymous Symbol]                       0x00002140   Section        0  encoder.o(.text.encoder_init)
    __arm_cp.1_0                             0x00002164   Number         4  encoder.o(.text.encoder_init)
    __arm_cp.1_1                             0x00002168   Number         4  encoder.o(.text.encoder_init)
    __arm_cp.1_2                             0x0000216c   Number         4  encoder.o(.text.encoder_init)
    exti_callbakc_defalut                    0x00002171   Thumb Code     2  zf_driver_exti.o(.text.exti_callbakc_defalut)
    [Anonymous Symbol]                       0x00002170   Section        0  zf_driver_exti.o(.text.exti_callbakc_defalut)
    fifo_head_offset                         0x00002173   Thumb Code    70  zf_common_fifo.o(.text.fifo_head_offset)
    [Anonymous Symbol]                       0x00002172   Section        0  zf_common_fifo.o(.text.fifo_head_offset)
    [Anonymous Symbol]                       0x000021b8   Section        0  zf_common_fifo.o(.text.fifo_init)
    __arm_cp.9_1                             0x00002214   Number         4  zf_common_fifo.o(.text.fifo_init)
    [Anonymous Symbol]                       0x00002218   Section        0  zf_common_fifo.o(.text.fifo_write_buffer)
    __arm_cp.4_0                             0x00002478   Number         4  zf_common_fifo.o(.text.fifo_write_buffer)
    [Anonymous Symbol]                       0x0000247c   Section        0  zf_common_debug.o(.text.fputc)
    __arm_cp.4_0                             0x00002494   Number         4  zf_common_debug.o(.text.fputc)
    [Anonymous Symbol]                       0x00002498   Section        0  encoder.o(.text.get_encoder)
    [Anonymous Symbol]                       0x000024c0   Section        0  zf_driver_gpio.o(.text.gpio_get_level)
    [Anonymous Symbol]                       0x000024e4   Section        0  zf_driver_gpio.o(.text.gpio_init)
    __arm_cp.1_0                             0x00002578   Number         4  zf_driver_gpio.o(.text.gpio_init)
    __arm_cp.1_1                             0x0000257c   Number         4  zf_driver_gpio.o(.text.gpio_init)
    __arm_cp.1_2                             0x00002580   Number         4  zf_driver_gpio.o(.text.gpio_init)
    __arm_cp.1_3                             0x00002584   Number         4  zf_driver_gpio.o(.text.gpio_init)
    __arm_cp.1_4                             0x00002588   Number         4  zf_driver_gpio.o(.text.gpio_init)
    __arm_cp.1_5                             0x0000258c   Number         4  zf_driver_gpio.o(.text.gpio_init)
    __arm_cp.1_6                             0x00002590   Number         4  zf_driver_gpio.o(.text.gpio_init)
    __arm_cp.1_8                             0x00002594   Number         4  zf_driver_gpio.o(.text.gpio_init)
    [Anonymous Symbol]                       0x00002598   Section        0  zf_driver_gpio.o(.text.gpio_set_a0_a1_output)
    [Anonymous Symbol]                       0x000025bc   Section        0  zf_driver_gpio.o(.text.gpio_set_level)
    __arm_cp.2_0                             0x000025e4   Number         4  zf_driver_gpio.o(.text.gpio_set_level)
    __arm_cp.2_1                             0x000025e8   Number         4  zf_driver_gpio.o(.text.gpio_set_level)
    [Anonymous Symbol]                       0x000025ec   Section        0  zf_common_interrupt.o(.text.interrupt_disable)
    __arm_cp.3_0                             0x00002608   Number         4  zf_common_interrupt.o(.text.interrupt_disable)
    [Anonymous Symbol]                       0x0000260c   Section        0  zf_common_interrupt.o(.text.interrupt_enable)
    __arm_cp.2_0                             0x00002620   Number         4  zf_common_interrupt.o(.text.interrupt_enable)
    [Anonymous Symbol]                       0x00002624   Section        0  zf_common_interrupt.o(.text.interrupt_global_disable)
    __arm_cp.1_0                             0x00002638   Number         4  zf_common_interrupt.o(.text.interrupt_global_disable)
    [Anonymous Symbol]                       0x0000263c   Section        0  zf_common_interrupt.o(.text.interrupt_init)
    [Anonymous Symbol]                       0x00002640   Section        0  zf_common_interrupt.o(.text.interrupt_set_priority)
    __arm_cp.4_0                             0x00002678   Number         4  zf_common_interrupt.o(.text.interrupt_set_priority)
    __arm_cp.4_1                             0x0000267c   Number         4  zf_common_interrupt.o(.text.interrupt_set_priority)
    [Anonymous Symbol]                       0x00002680   Section        0  main.o(.text.main)
    __arm_cp.0_0                             0x000026c8   Number         4  main.o(.text.main)
    __arm_cp.0_1                             0x000026cc   Number         4  main.o(.text.main)
    pit_callbakc_defalut                     0x00002709   Thumb Code     2  zf_driver_pit.o(.text.pit_callbakc_defalut)
    [Anonymous Symbol]                       0x00002708   Section        0  zf_driver_pit.o(.text.pit_callbakc_defalut)
    [Anonymous Symbol]                       0x0000270c   Section        0  zf_driver_pit.o(.text.pit_ms_init)
    __arm_cp.6_2                             0x00002760   Number         4  zf_driver_pit.o(.text.pit_ms_init)
    pit_set_div                              0x00002765   Thumb Code   140  zf_driver_pit.o(.text.pit_set_div)
    [Anonymous Symbol]                       0x00002764   Section        0  zf_driver_pit.o(.text.pit_set_div)
    __arm_cp.5_1                             0x000027d8   Number         4  zf_driver_pit.o(.text.pit_set_div)
    __arm_cp.5_4                             0x000027dc   Number         4  zf_driver_pit.o(.text.pit_set_div)
    [Anonymous Symbol]                       0x000027e0   Section        0  zf_driver_pit.o(.text.pit_us_init)
    __arm_cp.4_0                             0x00002898   Number         4  zf_driver_pit.o(.text.pit_us_init)
    __arm_cp.4_1                             0x0000289c   Number         4  zf_driver_pit.o(.text.pit_us_init)
    __arm_cp.4_2                             0x000028a0   Number         4  zf_driver_pit.o(.text.pit_us_init)
    __arm_cp.4_3                             0x000028a4   Number         4  zf_driver_pit.o(.text.pit_us_init)
    __arm_cp.4_4                             0x000028a8   Number         4  zf_driver_pit.o(.text.pit_us_init)
    __arm_cp.4_6                             0x000028ac   Number         4  zf_driver_pit.o(.text.pit_us_init)
    __arm_cp.4_7                             0x000028b0   Number         4  zf_driver_pit.o(.text.pit_us_init)
    __arm_cp.4_8                             0x000028b4   Number         4  zf_driver_pit.o(.text.pit_us_init)
    __arm_cp.4_9                             0x000028b8   Number         4  zf_driver_pit.o(.text.pit_us_init)
    __arm_cp.4_10                            0x000028bc   Number         4  zf_driver_pit.o(.text.pit_us_init)
    __arm_cp.4_12                            0x000028c0   Number         4  zf_driver_pit.o(.text.pit_us_init)
    [Anonymous Symbol]                       0x000028c4   Section        0  zf_driver_delay.o(.text.system_delay_init)
    [Anonymous Symbol]                       0x000028c8   Section        0  zf_driver_delay.o(.text.system_delay_ms)
    __arm_cp.0_0                             0x000028ec   Number         4  zf_driver_delay.o(.text.system_delay_ms)
    __arm_cp.0_1                             0x000028f0   Number         4  zf_driver_delay.o(.text.system_delay_ms)
    [Anonymous Symbol]                       0x000028f4   Section        0  zf_driver_timer.o(.text.timer_clock_enable)
    __arm_cp.1_0                             0x00002908   Number         4  zf_driver_timer.o(.text.timer_clock_enable)
    [Anonymous Symbol]                       0x0000290c   Section        0  zf_driver_timer.o(.text.timer_funciton_check)
    __arm_cp.0_0                             0x00002924   Number         4  zf_driver_timer.o(.text.timer_funciton_check)
    type_default_callback                    0x00002929   Thumb Code     2  zf_device_type.o(.text.type_default_callback)
    [Anonymous Symbol]                       0x00002928   Section        0  zf_device_type.o(.text.type_default_callback)
    uart_callbakc_defalut                    0x0000292b   Thumb Code     2  zf_driver_uart.o(.text.uart_callbakc_defalut)
    [Anonymous Symbol]                       0x0000292a   Section        0  zf_driver_uart.o(.text.uart_callbakc_defalut)
    [Anonymous Symbol]                       0x0000292c   Section        0  zf_driver_uart.o(.text.uart_init)
    __arm_cp.8_1                             0x00002a0c   Number         4  zf_driver_uart.o(.text.uart_init)
    __arm_cp.8_2                             0x00002a10   Number         4  zf_driver_uart.o(.text.uart_init)
    __arm_cp.8_3                             0x00002a14   Number         4  zf_driver_uart.o(.text.uart_init)
    __arm_cp.8_4                             0x00002a18   Number         4  zf_driver_uart.o(.text.uart_init)
    __arm_cp.8_5                             0x00002a1c   Number         4  zf_driver_uart.o(.text.uart_init)
    __arm_cp.8_6                             0x00002a20   Number         4  zf_driver_uart.o(.text.uart_init)
    __arm_cp.8_7                             0x00002a24   Number         4  zf_driver_uart.o(.text.uart_init)
    __arm_cp.8_8                             0x00002a28   Number         4  zf_driver_uart.o(.text.uart_init)
    __arm_cp.8_9                             0x00002a2c   Number         4  zf_driver_uart.o(.text.uart_init)
    __arm_cp.8_10                            0x00002a30   Number         4  zf_driver_uart.o(.text.uart_init)
    [Anonymous Symbol]                       0x00002a34   Section        0  zf_driver_uart.o(.text.uart_query_byte)
    __arm_cp.5_3                             0x00002a68   Number         4  zf_driver_uart.o(.text.uart_query_byte)
    [Anonymous Symbol]                       0x00002a6c   Section        0  zf_driver_uart.o(.text.uart_set_interrupt_config)
    __arm_cp.7_1                             0x00002b40   Number         4  zf_driver_uart.o(.text.uart_set_interrupt_config)
    __arm_cp.7_2                             0x00002b44   Number         4  zf_driver_uart.o(.text.uart_set_interrupt_config)
    __arm_cp.7_3                             0x00002b48   Number         4  zf_driver_uart.o(.text.uart_set_interrupt_config)
    [Anonymous Symbol]                       0x00002b4c   Section        0  zf_driver_uart.o(.text.uart_write_byte)
    [Anonymous Symbol]                       0x00002b64   Section        0  zf_driver_uart.o(.text.uart_write_string)
    __arm_cp.3_0                             0x00002ba0   Number         4  zf_driver_uart.o(.text.uart_write_string)
    __arm_cp.3_1                             0x00002ba4   Number         4  zf_driver_uart.o(.text.uart_write_string)
    __arm_cp.3_2                             0x00002ba8   Number         4  zf_driver_uart.o(.text.uart_write_string)
    i._is_digit                              0x00002bac   Section        0  __printf_wp.o(i._is_digit)
    maptable                                 0x00002bba   Data          17  __printf_flags_ss_wp.o(.constdata)
    .constdata                               0x00002bba   Section       17  __printf_flags_ss_wp.o(.constdata)
    x$fpl$usenofp                            0x00002bba   Section        0  usenofp.o(x$fpl$usenofp)
    ddiv_reciptbl                            0x00002bcb   Data         128  ddiv.o(.constdata)
    .constdata                               0x00002bcb   Section      128  ddiv.o(.constdata)
    gCAPTURE_0ClockConfig                    0x00002c4b   Data           3  zf_driver_encoder.o(.rodata.gCAPTURE_0ClockConfig)
    [Anonymous Symbol]                       0x00002c4b   Section        0  zf_driver_encoder.o(.rodata.gCAPTURE_0ClockConfig)
    gLFCLKConfig                             0x00002c4e   Data           3  ti_msp_dl_config.o(.rodata.gLFCLKConfig)
    [Anonymous Symbol]                       0x00002c4e   Section        0  ti_msp_dl_config.o(.rodata.gLFCLKConfig)
    gSYSPLLConfig                            0x00002c54   Data          40  ti_msp_dl_config.o(.rodata.gSYSPLLConfig)
    [Anonymous Symbol]                       0x00002c54   Section        0  ti_msp_dl_config.o(.rodata.gSYSPLLConfig)
    gVREFConfig                              0x00002c7c   Data          12  ti_msp_dl_config.o(.rodata.gVREFConfig)
    [Anonymous Symbol]                       0x00002c7c   Section        0  ti_msp_dl_config.o(.rodata.gVREFConfig)
    .L.str.2                                 0x00002ccd   Data           9  zf_common_debug.o(.rodata.str1.1)
    [Anonymous Symbol]                       0x00002ccd   Section        0  zf_common_debug.o(.rodata.str1.1)
    .L.str                                   0x00002cd6   Data          43  zf_common_fifo.o(.rodata.str1.1)
    [Anonymous Symbol]                       0x00002cd6   Section        0  zf_common_fifo.o(.rodata.str1.1)
    .L.str                                   0x00002d01   Data          43  zf_driver_gpio.o(.rodata.str1.1)
    [Anonymous Symbol]                       0x00002d01   Section        0  zf_driver_gpio.o(.rodata.str1.1)
    .L.str                                   0x00002d2c   Data          42  zf_driver_pit.o(.rodata.str1.1)
    [Anonymous Symbol]                       0x00002d2c   Section        0  zf_driver_pit.o(.rodata.str1.1)
    .L.str                                   0x00002d56   Data          43  zf_driver_uart.o(.rodata.str1.1)
    [Anonymous Symbol]                       0x00002d56   Section        0  zf_driver_uart.o(.rodata.str1.1)
    .L.str                                   0x00002d81   Data          46  zf_driver_encoder.o(.rodata.str1.1)
    [Anonymous Symbol]                       0x00002d81   Section        0  zf_driver_encoder.o(.rodata.str1.1)
    timer_list                               0x00002db0   Data          36  zf_driver_encoder.o(.rodata.timer_list)
    [Anonymous Symbol]                       0x00002db0   Section        0  zf_driver_encoder.o(.rodata.timer_list)
    uart_init.uart_clock_config              0x00002df8   Data           2  zf_driver_uart.o(.rodata.uart_init.uart_clock_config)
    [Anonymous Symbol]                       0x00002df8   Section        0  zf_driver_uart.o(.rodata.uart_init.uart_clock_config)
    uart_init.uart_default_config            0x00002dfa   Data          10  zf_driver_uart.o(.rodata.uart_init.uart_default_config)
    [Anonymous Symbol]                       0x00002dfa   Section        0  zf_driver_uart.o(.rodata.uart_init.uart_default_config)
    uart_irq                                 0x00002e04   Data           7  zf_driver_uart.o(.rodata.uart_irq)
    [Anonymous Symbol]                       0x00002e04   Section        0  zf_driver_uart.o(.rodata.uart_irq)
    uart_list                                0x00002e0c   Data          28  zf_driver_uart.o(.rodata.uart_list)
    [Anonymous Symbol]                       0x00002e0c   Section        0  zf_driver_uart.o(.rodata.uart_list)
    [Anonymous Symbol]                       0x20200044   Section        0  zf_device_type.o(.data..L_MergedGlobals)
    encoder_dir                              0x2020005c   Data           9  zf_driver_encoder.o(.data.encoder_dir)
    [Anonymous Symbol]                       0x2020005c   Section        0  zf_driver_encoder.o(.data.encoder_dir)
    zf_debug_assert_enable                   0x20200130   Data           1  zf_common_debug.o(.data.zf_debug_assert_enable)
    [Anonymous Symbol]                       0x20200130   Section        0  zf_common_debug.o(.data.zf_debug_assert_enable)
    .bss                                     0x20200138   Section       96  libspace.o(.bss)
    [Anonymous Symbol]                       0x20200198   Section        0  zf_common_debug.o(.bss..L_MergedGlobals)
    zf_debug_init_flag                       0x20200199   Data           1  zf_common_debug.o(.bss..L_MergedGlobals)
    debug_output_info.3                      0x2020019a   Data           1  zf_common_debug.o(.bss..L_MergedGlobals)
    debug_output_info.4                      0x2020019c   Data           1  zf_common_debug.o(.bss..L_MergedGlobals)
    debug_output_info.0                      0x202001a0   Data           2  zf_common_debug.o(.bss..L_MergedGlobals)
    debug_output_info.1                      0x202001a4   Data           2  zf_common_debug.o(.bss..L_MergedGlobals)
    debug_output_info.5                      0x202001a8   Data           4  zf_common_debug.o(.bss..L_MergedGlobals)
    debug_output_info.6                      0x202001ac   Data           4  zf_common_debug.o(.bss..L_MergedGlobals)
    debug_output_info.7                      0x202001b0   Data           4  zf_common_debug.o(.bss..L_MergedGlobals)
    [Anonymous Symbol]                       0x2020020a   Section        0  zf_driver_timer.o(.bss..L_MergedGlobals)
    timer_mode_state                         0x20200213   Data           9  zf_driver_timer.o(.bss..L_MergedGlobals)
    debug_assert_handler.assert_nest_index   0x20200270   Data           1  zf_common_debug.o(.bss.debug_assert_handler.assert_nest_index)
    [Anonymous Symbol]                       0x20200270   Section        0  zf_common_debug.o(.bss.debug_assert_handler.assert_nest_index)
    interrupt_nest_count                     0x202002f8   Data           4  zf_common_interrupt.o(.bss.interrupt_nest_count)
    [Anonymous Symbol]                       0x202002f8   Section        0  zf_common_interrupt.o(.bss.interrupt_nest_count)
    uart_interrupt_state                     0x2020033c   Data           7  zf_driver_uart.o(.bss.uart_interrupt_state)
    [Anonymous Symbol]                       0x2020033c   Section        0  zf_driver_uart.o(.bss.uart_interrupt_state)
    Heap_Mem                                 0x20200348   Data        1024  startup_mspm0g351x_uvision.o(HEAP)
    HEAP                                     0x20200348   Section     1024  startup_mspm0g351x_uvision.o(HEAP)
    Stack_Mem                                0x20200748   Data        4096  startup_mspm0g351x_uvision.o(STACK)
    STACK                                    0x20200748   Section     4096  startup_mspm0g351x_uvision.o(STACK)
    __initial_sp                             0x20201748   Data           0  startup_mspm0g351x_uvision.o(STACK)

    Global Symbols

    Symbol Name                              Value     Ov Type        Size  Object(Section)

    BuildAttributes$$THM_ISAv3M$S$PE$A:L22$X:L11$S22$IEEE1$IW$~IW$USESV6$~STKCKD$USESV7$~SHL$OTIME$ROPI$IEEEX$EBA8$UX$STANDARDLIB$REQ8$PRES8$EABIv2 0x00000000   Number         0  anon$$obj.o ABSOLUTE
    __Vectors                                0x00000000   Data           4  startup_mspm0g351x_uvision.o(RESET)
    _printf_flags                            0x00000000   Number         0  printf_stubs.o ABSOLUTE
    _printf_return_value                     0x00000000   Number         0  printf_stubs.o ABSOLUTE
    _printf_sizespec                         0x00000000   Number         0  printf_stubs.o ABSOLUTE
    _printf_widthprec                        0x00000000   Number         0  printf_stubs.o ABSOLUTE
    __ARM_exceptions_init                     - Undefined Weak Reference
    __alloca_initialize                       - Undefined Weak Reference
    __arm_preinit_                            - Undefined Weak Reference
    __cpp_initialize__aeabi_                  - Undefined Weak Reference
    __cxa_finalize                            - Undefined Weak Reference
    __sigvec_lookup                           - Undefined Weak Reference
    _atexit_init                              - Undefined Weak Reference
    _call_atexit_fns                          - Undefined Weak Reference
    _clock_init                               - Undefined Weak Reference
    _fp_trap_init                             - Undefined Weak Reference
    _fp_trap_shutdown                         - Undefined Weak Reference
    _get_lc_collate                           - Undefined Weak Reference
    _get_lc_monetary                          - Undefined Weak Reference
    _get_lc_time                              - Undefined Weak Reference
    _getenv_init                              - Undefined Weak Reference
    _handle_redirection                       - Undefined Weak Reference
    _init_alloc                               - Undefined Weak Reference
    _init_user_alloc                          - Undefined Weak Reference
    _initio                                   - Undefined Weak Reference
    _mutex_acquire                            - Undefined Weak Reference
    _mutex_release                            - Undefined Weak Reference
    _printf_mbtowc                            - Undefined Weak Reference
    _printf_wc                                - Undefined Weak Reference
    _rand_init                                - Undefined Weak Reference
    _signal_finish                            - Undefined Weak Reference
    _signal_init                              - Undefined Weak Reference
    _terminate_alloc                          - Undefined Weak Reference
    _terminate_user_alloc                     - Undefined Weak Reference
    _terminateio                              - Undefined Weak Reference
    __Vectors_End                            0x000000c0   Data           0  startup_mspm0g351x_uvision.o(RESET)
    __Vectors_Size                           0x000000c0   Number         0  startup_mspm0g351x_uvision.o ABSOLUTE
    __main                                   0x000000c1   Thumb Code     8  __main.o(!!!main)
    __scatterload                            0x000000c9   Thumb Code     0  __scatter.o(!!!scatter)
    __scatterload_rt2                        0x000000c9   Thumb Code    52  __scatter.o(!!!scatter)
    __scatterload_rt2_thumb_only             0x000000c9   Thumb Code     0  __scatter.o(!!!scatter)
    __scatterload_null                       0x000000d9   Thumb Code     0  __scatter.o(!!!scatter)
    __scatterload_zeroinit                   0x00000109   Thumb Code    28  __scatter_zi.o(!!handler_zi)
    _printf_percent                          0x00000125   Thumb Code     0  _printf_percent.o(.ARM.Collect$$_printf_percent$$00000000)
    _printf_d                                0x00000127   Thumb Code     0  _printf_d.o(.ARM.Collect$$_printf_percent$$00000009)
    _printf_s                                0x00000131   Thumb Code     0  _printf_s.o(.ARM.Collect$$_printf_percent$$00000014)
    _printf_percent_end                      0x0000013b   Thumb Code     0  _printf_percent_end.o(.ARM.Collect$$_printf_percent$$00000017)
    __rt_lib_init                            0x0000013f   Thumb Code     0  libinit.o(.ARM.Collect$$libinit$$00000000)
    __rt_lib_init_alloca_1                   0x00000141   Thumb Code     0  libinit2.o(.ARM.Collect$$libinit$$0000002E)
    __rt_lib_init_argv_1                     0x00000141   Thumb Code     0  libinit2.o(.ARM.Collect$$libinit$$0000002C)
    __rt_lib_init_atexit_1                   0x00000141   Thumb Code     0  libinit2.o(.ARM.Collect$$libinit$$0000001B)
    __rt_lib_init_clock_1                    0x00000141   Thumb Code     0  libinit2.o(.ARM.Collect$$libinit$$00000021)
    __rt_lib_init_cpp_1                      0x00000141   Thumb Code     0  libinit2.o(.ARM.Collect$$libinit$$00000032)
    __rt_lib_init_exceptions_1               0x00000141   Thumb Code     0  libinit2.o(.ARM.Collect$$libinit$$00000030)
    __rt_lib_init_fp_1                       0x00000141   Thumb Code     0  libinit2.o(.ARM.Collect$$libinit$$00000002)
    __rt_lib_init_fp_trap_1                  0x00000141   Thumb Code     0  libinit2.o(.ARM.Collect$$libinit$$0000001F)
    __rt_lib_init_getenv_1                   0x00000141   Thumb Code     0  libinit2.o(.ARM.Collect$$libinit$$00000023)
    __rt_lib_init_heap_1                     0x00000141   Thumb Code     0  libinit2.o(.ARM.Collect$$libinit$$0000000A)
    __rt_lib_init_lc_collate_1               0x00000141   Thumb Code     0  libinit2.o(.ARM.Collect$$libinit$$00000011)
    __rt_lib_init_lc_ctype_1                 0x00000141   Thumb Code     0  libinit2.o(.ARM.Collect$$libinit$$00000013)
    __rt_lib_init_lc_monetary_1              0x00000141   Thumb Code     0  libinit2.o(.ARM.Collect$$libinit$$00000015)
    __rt_lib_init_lc_numeric_1               0x00000141   Thumb Code     0  libinit2.o(.ARM.Collect$$libinit$$00000017)
    __rt_lib_init_lc_time_1                  0x00000141   Thumb Code     0  libinit2.o(.ARM.Collect$$libinit$$00000019)
    __rt_lib_init_preinit_1                  0x00000141   Thumb Code     0  libinit2.o(.ARM.Collect$$libinit$$00000004)
    __rt_lib_init_rand_1                     0x00000141   Thumb Code     0  libinit2.o(.ARM.Collect$$libinit$$0000000E)
    __rt_lib_init_return                     0x00000141   Thumb Code     0  libinit2.o(.ARM.Collect$$libinit$$00000033)
    __rt_lib_init_signal_1                   0x00000141   Thumb Code     0  libinit2.o(.ARM.Collect$$libinit$$0000001D)
    __rt_lib_init_stdio_1                    0x00000141   Thumb Code     0  libinit2.o(.ARM.Collect$$libinit$$00000025)
    __rt_lib_init_user_alloc_1               0x00000141   Thumb Code     0  libinit2.o(.ARM.Collect$$libinit$$0000000C)
    __rt_lib_shutdown                        0x00000143   Thumb Code     0  libshutdown.o(.ARM.Collect$$libshutdown$$00000000)
    __rt_lib_shutdown_cpp_1                  0x00000145   Thumb Code     0  libshutdown2.o(.ARM.Collect$$libshutdown$$00000002)
    __rt_lib_shutdown_fp_trap_1              0x00000145   Thumb Code     0  libshutdown2.o(.ARM.Collect$$libshutdown$$00000007)
    __rt_lib_shutdown_heap_1                 0x00000145   Thumb Code     0  libshutdown2.o(.ARM.Collect$$libshutdown$$0000000F)
    __rt_lib_shutdown_return                 0x00000145   Thumb Code     0  libshutdown2.o(.ARM.Collect$$libshutdown$$00000010)
    __rt_lib_shutdown_signal_1               0x00000145   Thumb Code     0  libshutdown2.o(.ARM.Collect$$libshutdown$$0000000A)
    __rt_lib_shutdown_stdio_1                0x00000145   Thumb Code     0  libshutdown2.o(.ARM.Collect$$libshutdown$$00000004)
    __rt_lib_shutdown_user_alloc_1           0x00000145   Thumb Code     0  libshutdown2.o(.ARM.Collect$$libshutdown$$0000000C)
    __rt_entry                               0x00000147   Thumb Code     0  __rtentry.o(.ARM.Collect$$rtentry$$00000000)
    __rt_entry_presh_1                       0x00000147   Thumb Code     0  __rtentry2.o(.ARM.Collect$$rtentry$$00000002)
    __rt_entry_sh                            0x00000147   Thumb Code     0  __rtentry4.o(.ARM.Collect$$rtentry$$00000004)
    __rt_entry_li                            0x0000014d   Thumb Code     0  __rtentry2.o(.ARM.Collect$$rtentry$$0000000A)
    __rt_entry_postsh_1                      0x0000014d   Thumb Code     0  __rtentry2.o(.ARM.Collect$$rtentry$$00000009)
    __rt_entry_main                          0x00000151   Thumb Code     0  __rtentry2.o(.ARM.Collect$$rtentry$$0000000D)
    __rt_entry_postli_1                      0x00000151   Thumb Code     0  __rtentry2.o(.ARM.Collect$$rtentry$$0000000C)
    __rt_exit                                0x00000159   Thumb Code     0  rtexit.o(.ARM.Collect$$rtexit$$00000000)
    __rt_exit_ls                             0x0000015b   Thumb Code     0  rtexit2.o(.ARM.Collect$$rtexit$$00000003)
    __rt_exit_prels_1                        0x0000015b   Thumb Code     0  rtexit2.o(.ARM.Collect$$rtexit$$00000002)
    __rt_exit_exit                           0x0000015f   Thumb Code     0  rtexit2.o(.ARM.Collect$$rtexit$$00000004)
    __aeabi_memcpy4                          0x00000165   Thumb Code    56  rt_memcpy.o(.emb_text)
    __aeabi_memcpy8                          0x00000165   Thumb Code     0  rt_memcpy.o(.emb_text)
    Reset_Handler                            0x0000019d   Thumb Code     4  startup_mspm0g351x_uvision.o(.text)
    NMI_Handler                              0x000001a1   Thumb Code     2  startup_mspm0g351x_uvision.o(.text)
    HardFault_Handler                        0x000001a3   Thumb Code     2  startup_mspm0g351x_uvision.o(.text)
    SVC_Handler                              0x000001a5   Thumb Code     2  startup_mspm0g351x_uvision.o(.text)
    PendSV_Handler                           0x000001a7   Thumb Code     2  startup_mspm0g351x_uvision.o(.text)
    SysTick_Handler                          0x000001a9   Thumb Code     2  startup_mspm0g351x_uvision.o(.text)
    ADC0_IRQHandler                          0x000001ab   Thumb Code     0  startup_mspm0g351x_uvision.o(.text)
    ADC1_IRQHandler                          0x000001ab   Thumb Code     0  startup_mspm0g351x_uvision.o(.text)
    AESADV_IRQHandler                        0x000001ab   Thumb Code     0  startup_mspm0g351x_uvision.o(.text)
    CANFD0_IRQHandler                        0x000001ab   Thumb Code     0  startup_mspm0g351x_uvision.o(.text)
    CANFD1_IRQHandler                        0x000001ab   Thumb Code     0  startup_mspm0g351x_uvision.o(.text)
    DAC0_IRQHandler                          0x000001ab   Thumb Code     0  startup_mspm0g351x_uvision.o(.text)
    DMA_IRQHandler                           0x000001ab   Thumb Code     0  startup_mspm0g351x_uvision.o(.text)
    Default_Handler                          0x000001ab   Thumb Code     2  startup_mspm0g351x_uvision.o(.text)
    GROUP0_IRQHandler                        0x000001ab   Thumb Code     0  startup_mspm0g351x_uvision.o(.text)
    I2C0_IRQHandler                          0x000001ab   Thumb Code     0  startup_mspm0g351x_uvision.o(.text)
    I2C1_IRQHandler                          0x000001ab   Thumb Code     0  startup_mspm0g351x_uvision.o(.text)
    I2C2_IRQHandler                          0x000001ab   Thumb Code     0  startup_mspm0g351x_uvision.o(.text)
    LFSS_IRQHandler                          0x000001ab   Thumb Code     0  startup_mspm0g351x_uvision.o(.text)
    SPI0_IRQHandler                          0x000001ab   Thumb Code     0  startup_mspm0g351x_uvision.o(.text)
    SPI1_IRQHandler                          0x000001ab   Thumb Code     0  startup_mspm0g351x_uvision.o(.text)
    SPI2_IRQHandler                          0x000001ab   Thumb Code     0  startup_mspm0g351x_uvision.o(.text)
    __user_initial_stackheap                 0x000001ad   Thumb Code    10  startup_mspm0g351x_uvision.o(.text)
    __2printf                                0x000001cd   Thumb Code    22  __2printf.o(.text)
    __2sprintf                               0x000001e9   Thumb Code    40  __2sprintf.o(.text)
    _printf_str                              0x00000215   Thumb Code    82  _printf_str.o(.text)
    _printf_int_dec                          0x00000269   Thumb Code    90  _printf_dec.o(.text)
    __printf                                 0x000002d5   Thumb Code   386  __printf_flags_ss_wp.o(.text)
    strlen                                   0x0000045d   Thumb Code    62  strlen.o(.text)
    __aeabi_memcpy                           0x000004a1   Thumb Code   130  rt_memcpy.o(.text)
    __rt_memcpy                              0x000004a1   Thumb Code     0  rt_memcpy.o(.text)
    _memset_w                                0x00000523   Thumb Code    26  rt_memclr.o(.text)
    _memset                                  0x0000053d   Thumb Code    30  rt_memclr.o(.text)
    __aeabi_memclr                           0x0000055b   Thumb Code     4  rt_memclr.o(.text)
    __rt_memclr                              0x0000055b   Thumb Code     0  rt_memclr.o(.text)
    __aeabi_memclr4                          0x0000055f   Thumb Code     0  rt_memclr.o(.text)
    __aeabi_memclr8                          0x0000055f   Thumb Code     0  rt_memclr.o(.text)
    __rt_memclr_w                            0x0000055f   Thumb Code     4  rt_memclr.o(.text)
    __aeabi_uidiv                            0x00000563   Thumb Code     0  aeabi_sdiv.o(.text)
    __aeabi_uidivmod                         0x00000563   Thumb Code    20  aeabi_sdiv.o(.text)
    __aeabi_idiv                             0x00000577   Thumb Code     0  aeabi_sdiv.o(.text)
    __aeabi_idivmod                          0x00000577   Thumb Code   326  aeabi_sdiv.o(.text)
    __use_two_region_memory                  0x000006bd   Thumb Code     2  heapauxi.o(.text)
    __rt_heap_escrow$2region                 0x000006bf   Thumb Code     2  heapauxi.o(.text)
    __rt_heap_expand$2region                 0x000006c1   Thumb Code     2  heapauxi.o(.text)
    __aeabi_dadd                             0x000009bd   Thumb Code     0  daddsub.o(.text)
    _dadd                                    0x000009bd   Thumb Code    26  daddsub.o(.text)
    __aeabi_dsub                             0x000009d7   Thumb Code     0  daddsub.o(.text)
    _dsub                                    0x000009d7   Thumb Code    22  daddsub.o(.text)
    __aeabi_drsub                            0x000009ed   Thumb Code     0  daddsub.o(.text)
    _drsb                                    0x000009ed   Thumb Code    28  daddsub.o(.text)
    __aeabi_ddiv                             0x00000a1d   Thumb Code     0  ddiv.o(.text)
    _ddiv                                    0x00000a1d   Thumb Code  1072  ddiv.o(.text)
    _drdiv                                   0x00000e4d   Thumb Code    20  ddiv.o(.text)
    __aeabi_d2uiz                            0x00000e65   Thumb Code     0  dfixui.o(.text)
    _dfixu                                   0x00000e65   Thumb Code    68  dfixui.o(.text)
    __aeabi_i2d_normalise                    0x00000ead   Thumb Code    66  dflti.o(.text)
    __aeabi_i2d                              0x00000eef   Thumb Code    16  dflti.o(.text)
    _dflt                                    0x00000eef   Thumb Code     0  dflti.o(.text)
    __aeabi_ui2d                             0x00000eff   Thumb Code     6  dflti.o(.text)
    _dfltu                                   0x00000eff   Thumb Code     0  dflti.o(.text)
    __aeabi_dmul                             0x00000f05   Thumb Code     0  dmul.o(.text)
    _dmul                                    0x00000f05   Thumb Code   558  dmul.o(.text)
    _printf_int_common                       0x0000114d   Thumb Code   176  _printf_intcommon.o(.text)
    _printf_char_common                      0x00001207   Thumb Code    32  _printf_char_common.o(.text)
    _sputc                                   0x0000122d   Thumb Code    10  _sputc.o(.text)
    _printf_cs_common                        0x00001237   Thumb Code    22  _printf_char.o(.text)
    _printf_char                             0x0000124d   Thumb Code    16  _printf_char.o(.text)
    _printf_string                           0x0000125d   Thumb Code     8  _printf_char.o(.text)
    _printf_char_file                        0x00001265   Thumb Code    34  _printf_char_file.o(.text)
    __rt_udiv10                              0x0000128d   Thumb Code    40  rtudiv10.o(.text)
    ferror                                   0x000012b5   Thumb Code     8  ferror.o(.text)
    __user_libspace                          0x000012bd   Thumb Code     8  libspace.o(.text)
    __user_perproc_libspace                  0x000012bd   Thumb Code     0  libspace.o(.text)
    __user_perthread_libspace                0x000012bd   Thumb Code     0  libspace.o(.text)
    __user_setup_stackheap                   0x000012c5   Thumb Code    62  sys_stackheap_outer.o(.text)
    exit                                     0x00001303   Thumb Code    16  exit.o(.text)
    __decompress                             0x00001313   Thumb Code     0  __dczerorl2.o(.text)
    __decompress1                            0x00001313   Thumb Code    86  __dczerorl2.o(.text)
    DL_Common_delayCycles                    0x00001369   Thumb Code    10  dl_common.o(.text.DL_Common_delayCycles)
    DL_FactoryRegion_initTrimTable           0x00001375   Thumb Code    88  dl_factoryregion.o(.text.DL_FactoryRegion_initTrimTable)
    DL_SYSCTL_configFCC                      0x000013c9   Thumb Code    28  dl_sysctl_mspm0gx51x.o(.text.DL_SYSCTL_configFCC)
    DL_SYSCTL_configSYSPLL                   0x000013e1   Thumb Code   224  dl_sysctl_mspm0gx51x.o(.text.DL_SYSCTL_configSYSPLL)
    DL_SYSCTL_setHFCLKSourceHFXTParams       0x000014b1   Thumb Code   112  dl_sysctl_mspm0gx51x.o(.text.DL_SYSCTL_setHFCLKSourceHFXTParams)
    DL_SYSCTL_setLFCLKSourceLFXT             0x0000151d   Thumb Code    68  dl_sysctl_mspm0gx51x.o(.text.DL_SYSCTL_setLFCLKSourceLFXT)
    DL_SYSCTL_switchMCLKfromSYSOSCtoHSCLK    0x00001561   Thumb Code    40  dl_sysctl_mspm0gx51x.o(.text.DL_SYSCTL_switchMCLKfromSYSOSCtoHSCLK)
    DL_Timer_Count_CCP                       0x00001581   Thumb Code    88  dl_timer.o(.text.DL_Timer_Count_CCP)
    DL_Timer_enableCaptureCompareInputFilter 0x000015d9   Thumb Code    20  dl_timer.o(.text.DL_Timer_enableCaptureCompareInputFilter)
    DL_Timer_setCaptureCompareInputFilter    0x000015ed   Thumb Code    28  dl_timer.o(.text.DL_Timer_setCaptureCompareInputFilter)
    DL_Timer_setClockConfig                  0x00001609   Thumb Code    32  dl_timer.o(.text.DL_Timer_setClockConfig)
    DL_UART_init                             0x00001625   Thumb Code    76  dl_uart.o(.text.DL_UART_init)
    DL_UART_setClockConfig                   0x00001671   Thumb Code    20  dl_uart.o(.text.DL_UART_setClockConfig)
    DL_VREF_configReference                  0x00001685   Thumb Code    36  dl_vref.o(.text.DL_VREF_configReference)
    GROUP1_IRQHandler                        0x000016a9   Thumb Code    84  isr.o(.text.GROUP1_IRQHandler)
    SYSCFG_DL_GPIO_init                      0x000016fd   Thumb Code    20  ti_msp_dl_config.o(.text.SYSCFG_DL_GPIO_init)
    SYSCFG_DL_SYSCTL_CLK_init                0x00001711   Thumb Code    24  ti_msp_dl_config.o(.text.SYSCFG_DL_SYSCTL_CLK_init)
    SYSCFG_DL_SYSCTL_SYSPLL_init             0x00001725   Thumb Code   128  ti_msp_dl_config.o(.text.SYSCFG_DL_SYSCTL_SYSPLL_init)
    SYSCFG_DL_SYSCTL_init                    0x000017a5   Thumb Code   192  ti_msp_dl_config.o(.text.SYSCFG_DL_SYSCTL_init)
    SYSCFG_DL_SYSTICK_init                   0x00001865   Thumb Code    28  ti_msp_dl_config.o(.text.SYSCFG_DL_SYSTICK_init)
    SYSCFG_DL_VREF_init                      0x00001881   Thumb Code    20  ti_msp_dl_config.o(.text.SYSCFG_DL_VREF_init)
    SYSCFG_DL_init                           0x00001895   Thumb Code    28  ti_msp_dl_config.o(.text.SYSCFG_DL_init)
    SYSCFG_DL_initPower                      0x000018b1   Thumb Code    56  ti_msp_dl_config.o(.text.SYSCFG_DL_initPower)
    TIMA0_IRQHandler                         0x000018d9   Thumb Code    24  isr.o(.text.TIMA0_IRQHandler)
    TIMA1_IRQHandler                         0x000018e9   Thumb Code    24  isr.o(.text.TIMA1_IRQHandler)
    TIMG0_IRQHandler                         0x000018f9   Thumb Code    24  isr.o(.text.TIMG0_IRQHandler)
    TIMG12_IRQHandler                        0x00001909   Thumb Code    24  isr.o(.text.TIMG12_IRQHandler)
    TIMG14_IRQHandler                        0x00001919   Thumb Code    24  isr.o(.text.TIMG14_IRQHandler)
    TIMG6_IRQHandler                         0x00001929   Thumb Code    24  isr.o(.text.TIMG6_IRQHandler)
    TIMG7_IRQHandler                         0x00001939   Thumb Code    24  isr.o(.text.TIMG7_IRQHandler)
    TIMG8_IRQHandler                         0x00001949   Thumb Code    24  isr.o(.text.TIMG8_IRQHandler)
    TIMG9_IRQHandler                         0x00001959   Thumb Code    24  isr.o(.text.TIMG9_IRQHandler)
    UART0_IRQHandler                         0x00001971   Thumb Code    64  isr.o(.text.UART0_IRQHandler)
    UART1_IRQHandler                         0x000019a9   Thumb Code    72  isr.o(.text.UART1_IRQHandler)
    UART3_IRQHandler                         0x000019e9   Thumb Code    60  isr.o(.text.UART3_IRQHandler)
    UART4_IRQHandler                         0x00001a1d   Thumb Code    60  isr.o(.text.UART4_IRQHandler)
    UART5_IRQHandler                         0x00001a51   Thumb Code    60  isr.o(.text.UART5_IRQHandler)
    UART6_IRQHandler                         0x00001a85   Thumb Code    60  isr.o(.text.UART6_IRQHandler)
    UART7_IRQHandler                         0x00001ab9   Thumb Code    60  isr.o(.text.UART7_IRQHandler)
    _sys_exit                                0x00001af5   Thumb Code     2  zf_common_debug.o(.text._sys_exit)
    afio_init                                0x00001af9   Thumb Code   116  zf_driver_gpio.o(.text.afio_init)
    clock_init                               0x00001b6d   Thumb Code   284  zf_common_clock.o(.text.clock_init)
    debug_assert_handler                     0x00001c89   Thumb Code   120  zf_common_debug.o(.text.debug_assert_handler)
    debug_init                               0x00001d01   Thumb Code    96  zf_common_debug.o(.text.debug_init)
    debug_interrupr_handler                  0x00001d5d   Thumb Code    32  zf_common_debug.o(.text.debug_interrupr_handler)
    debug_output_init                        0x0000203d   Thumb Code    40  zf_common_debug.o(.text.debug_output_init)
    encoder_clear_count                      0x00002071   Thumb Code    44  zf_driver_encoder.o(.text.encoder_clear_count)
    encoder_dir_init                         0x00002099   Thumb Code   128  zf_driver_encoder.o(.text.encoder_dir_init)
    encoder_get_count                        0x00002111   Thumb Code    48  zf_driver_encoder.o(.text.encoder_get_count)
    encoder_init                             0x00002141   Thumb Code    48  encoder.o(.text.encoder_init)
    fifo_init                                0x000021b9   Thumb Code   100  zf_common_fifo.o(.text.fifo_init)
    fifo_write_buffer                        0x00002219   Thumb Code   612  zf_common_fifo.o(.text.fifo_write_buffer)
    fputc                                    0x0000247d   Thumb Code    28  zf_common_debug.o(.text.fputc)
    get_encoder                              0x00002499   Thumb Code    44  encoder.o(.text.get_encoder)
    gpio_get_level                           0x000024c1   Thumb Code    40  zf_driver_gpio.o(.text.gpio_get_level)
    gpio_init                                0x000024e5   Thumb Code   184  zf_driver_gpio.o(.text.gpio_init)
    gpio_set_a0_a1_output                    0x00002599   Thumb Code    34  zf_driver_gpio.o(.text.gpio_set_a0_a1_output)
    gpio_set_level                           0x000025bd   Thumb Code    48  zf_driver_gpio.o(.text.gpio_set_level)
    interrupt_disable                        0x000025ed   Thumb Code    32  zf_common_interrupt.o(.text.interrupt_disable)
    interrupt_enable                         0x0000260d   Thumb Code    24  zf_common_interrupt.o(.text.interrupt_enable)
    interrupt_global_disable                 0x00002625   Thumb Code    24  zf_common_interrupt.o(.text.interrupt_global_disable)
    interrupt_init                           0x0000263d   Thumb Code     2  zf_common_interrupt.o(.text.interrupt_init)
    interrupt_set_priority                   0x00002641   Thumb Code    64  zf_common_interrupt.o(.text.interrupt_set_priority)
    main                                     0x00002681   Thumb Code   136  main.o(.text.main)
    pit_ms_init                              0x0000270d   Thumb Code    96  zf_driver_pit.o(.text.pit_ms_init)
    pit_us_init                              0x000027e1   Thumb Code   236  zf_driver_pit.o(.text.pit_us_init)
    system_delay_init                        0x000028c5   Thumb Code     2  zf_driver_delay.o(.text.system_delay_init)
    system_delay_ms                          0x000028c9   Thumb Code    44  zf_driver_delay.o(.text.system_delay_ms)
    timer_clock_enable                       0x000028f5   Thumb Code    28  zf_driver_timer.o(.text.timer_clock_enable)
    timer_funciton_check                     0x0000290d   Thumb Code    28  zf_driver_timer.o(.text.timer_funciton_check)
    uart_init                                0x0000292d   Thumb Code   268  zf_driver_uart.o(.text.uart_init)
    uart_query_byte                          0x00002a35   Thumb Code    68  zf_driver_uart.o(.text.uart_query_byte)
    uart_set_interrupt_config                0x00002a6d   Thumb Code   228  zf_driver_uart.o(.text.uart_set_interrupt_config)
    uart_write_byte                          0x00002b4d   Thumb Code    32  zf_driver_uart.o(.text.uart_write_byte)
    uart_write_string                        0x00002b65   Thumb Code    72  zf_driver_uart.o(.text.uart_write_string)
    _is_digit                                0x00002bad   Thumb Code    14  __printf_wp.o(i._is_digit)
    __I$use$fp                               0x00002bba   Number         0  usenofp.o(x$fpl$usenofp)
    gpio_iomux_index                         0x00002c88   Data          60  zf_driver_gpio.o(.rodata.gpio_iomux_index)
    irq_index                                0x00002cc4   Data           9  zf_driver_pit.o(.rodata.irq_index)
    timer_reg                                0x00002dd4   Data          36  zf_driver_timer.o(.rodata.timer_reg)
    Region$$Table$$Base                      0x00002e28   Number         0  anon$$obj.o(Region$$Table)
    Region$$Table$$Limit                     0x00002e48   Number         0  anon$$obj.o(Region$$Table)
    DL_FACTORYREGION_TrimTable               0x20200000   Data          68  dl_factoryregion.o(.TrimTable)
    camera_uart_handler                      0x20200044   Data           4  zf_device_type.o(.data..L_MergedGlobals)
    camera_vsync_handler                     0x20200048   Data           4  zf_device_type.o(.data..L_MergedGlobals)
    camera_dma_handler                       0x2020004c   Data           4  zf_device_type.o(.data..L_MergedGlobals)
    wireless_module_uart_handler             0x20200050   Data           4  zf_device_type.o(.data..L_MergedGlobals)
    wireless_module_spi_handler              0x20200054   Data           4  zf_device_type.o(.data..L_MergedGlobals)
    FACTORYVALUE                             0x20200058   Data           4  dl_factoryregion.o(.data.FACTORYVALUE)
    exti_callback_list                       0x20200068   Data         128  zf_driver_exti.o(.data.exti_callback_list)
    gpio_group                               0x202000e8   Data           8  zf_driver_gpio.o(.data.gpio_group)
    pit_callback_ptr_list                    0x202000f0   Data          36  zf_driver_pit.o(.data.pit_callback_ptr_list)
    uart_callback_list                       0x20200114   Data          28  zf_driver_uart.o(.data.uart_callback_list)
    __libspace_start                         0x20200138   Data          96  libspace.o(.bss)
    __temporary_stack_top$libspace           0x20200198   Data           0  libspace.o(.bss)
    debug_uart_data                          0x20200198   Data           1  zf_common_debug.o(.bss..L_MergedGlobals)
    debug_uart_fifo                          0x202001b4   Data          22  zf_common_debug.o(.bss..L_MergedGlobals)
    debug_uart_buffer                        0x202001ca   Data          64  zf_common_debug.o(.bss..L_MergedGlobals)
    timer_function_state                     0x2020020a   Data           9  zf_driver_timer.o(.bss..L_MergedGlobals)
    __stdout                                 0x2020021c   Data          84  zf_common_debug.o(.bss.__stdout)
    encoder                                  0x20200272   Data           4  encoder.o(.bss.encoder)
    exti_callback_ptr_list                   0x20200278   Data         128  zf_driver_exti.o(.bss.exti_callback_ptr_list)
    pit_callback_list                        0x202002fc   Data          36  zf_driver_pit.o(.bss.pit_callback_list)
    uart_callback_ptr_list                   0x20200320   Data          28  zf_driver_uart.o(.bss.uart_callback_ptr_list)



==============================================================================

Memory Map of the image

  Image Entry point : 0x000000c1

  Load Region LR_IROM1 (Base: 0x00000000, Size: 0x00002f80, Max: 0x00080000, ABSOLUTE, COMPRESSED[0x00002e70])

    Execution Region ER_IROM1 (Exec base: 0x00000000, Load base: 0x00000000, Size: 0x00002e48, Max: 0x00080000, ABSOLUTE)

    Exec Addr    Load Addr    Size         Type   Attr      Idx    E Section Name        Object

    0x00000000   0x00000000   0x000000c0   Data   RO         1378    RESET               startup_mspm0g351x_uvision.o
    0x000000c0   0x000000c0   0x00000008   Code   RO         2328  * !!!main             c_p.l(__main.o)
    0x000000c8   0x000000c8   0x0000003c   Code   RO         2809    !!!scatter          c_p.l(__scatter.o)
    0x00000104   0x00000104   0x00000004   PAD
    0x00000108   0x00000108   0x0000001c   Code   RO         2811    !!handler_zi        c_p.l(__scatter_zi.o)
    0x00000124   0x00000124   0x00000002   Code   RO         2303    .ARM.Collect$$_printf_percent$$00000000  c_p.l(_printf_percent.o)
    0x00000126   0x00000126   0x0000000a   Code   RO         2302    .ARM.Collect$$_printf_percent$$00000009  c_p.l(_printf_d.o)
    0x00000130   0x00000130   0x0000000a   Code   RO         2301    .ARM.Collect$$_printf_percent$$00000014  c_p.l(_printf_s.o)
    0x0000013a   0x0000013a   0x00000004   Code   RO         2486    .ARM.Collect$$_printf_percent$$00000017  c_p.l(_printf_percent_end.o)
    0x0000013e   0x0000013e   0x00000002   Code   RO         2659    .ARM.Collect$$libinit$$00000000  c_p.l(libinit.o)
    0x00000140   0x00000140   0x00000000   Code   RO         2685    .ARM.Collect$$libinit$$00000002  c_p.l(libinit2.o)
    0x00000140   0x00000140   0x00000000   Code   RO         2687    .ARM.Collect$$libinit$$00000004  c_p.l(libinit2.o)
    0x00000140   0x00000140   0x00000000   Code   RO         2690    .ARM.Collect$$libinit$$0000000A  c_p.l(libinit2.o)
    0x00000140   0x00000140   0x00000000   Code   RO         2692    .ARM.Collect$$libinit$$0000000C  c_p.l(libinit2.o)
    0x00000140   0x00000140   0x00000000   Code   RO         2694    .ARM.Collect$$libinit$$0000000E  c_p.l(libinit2.o)
    0x00000140   0x00000140   0x00000000   Code   RO         2697    .ARM.Collect$$libinit$$00000011  c_p.l(libinit2.o)
    0x00000140   0x00000140   0x00000000   Code   RO         2699    .ARM.Collect$$libinit$$00000013  c_p.l(libinit2.o)
    0x00000140   0x00000140   0x00000000   Code   RO         2701    .ARM.Collect$$libinit$$00000015  c_p.l(libinit2.o)
    0x00000140   0x00000140   0x00000000   Code   RO         2703    .ARM.Collect$$libinit$$00000017  c_p.l(libinit2.o)
    0x00000140   0x00000140   0x00000000   Code   RO         2705    .ARM.Collect$$libinit$$00000019  c_p.l(libinit2.o)
    0x00000140   0x00000140   0x00000000   Code   RO         2707    .ARM.Collect$$libinit$$0000001B  c_p.l(libinit2.o)
    0x00000140   0x00000140   0x00000000   Code   RO         2709    .ARM.Collect$$libinit$$0000001D  c_p.l(libinit2.o)
    0x00000140   0x00000140   0x00000000   Code   RO         2711    .ARM.Collect$$libinit$$0000001F  c_p.l(libinit2.o)
    0x00000140   0x00000140   0x00000000   Code   RO         2713    .ARM.Collect$$libinit$$00000021  c_p.l(libinit2.o)
    0x00000140   0x00000140   0x00000000   Code   RO         2715    .ARM.Collect$$libinit$$00000023  c_p.l(libinit2.o)
    0x00000140   0x00000140   0x00000000   Code   RO         2717    .ARM.Collect$$libinit$$00000025  c_p.l(libinit2.o)
    0x00000140   0x00000140   0x00000000   Code   RO         2721    .ARM.Collect$$libinit$$0000002C  c_p.l(libinit2.o)
    0x00000140   0x00000140   0x00000000   Code   RO         2723    .ARM.Collect$$libinit$$0000002E  c_p.l(libinit2.o)
    0x00000140   0x00000140   0x00000000   Code   RO         2725    .ARM.Collect$$libinit$$00000030  c_p.l(libinit2.o)
    0x00000140   0x00000140   0x00000000   Code   RO         2727    .ARM.Collect$$libinit$$00000032  c_p.l(libinit2.o)
    0x00000140   0x00000140   0x00000002   Code   RO         2728    .ARM.Collect$$libinit$$00000033  c_p.l(libinit2.o)
    0x00000142   0x00000142   0x00000002   Code   RO         2760    .ARM.Collect$$libshutdown$$00000000  c_p.l(libshutdown.o)
    0x00000144   0x00000144   0x00000000   Code   RO         2791    .ARM.Collect$$libshutdown$$00000002  c_p.l(libshutdown2.o)
    0x00000144   0x00000144   0x00000000   Code   RO         2793    .ARM.Collect$$libshutdown$$00000004  c_p.l(libshutdown2.o)
    0x00000144   0x00000144   0x00000000   Code   RO         2796    .ARM.Collect$$libshutdown$$00000007  c_p.l(libshutdown2.o)
    0x00000144   0x00000144   0x00000000   Code   RO         2799    .ARM.Collect$$libshutdown$$0000000A  c_p.l(libshutdown2.o)
    0x00000144   0x00000144   0x00000000   Code   RO         2801    .ARM.Collect$$libshutdown$$0000000C  c_p.l(libshutdown2.o)
    0x00000144   0x00000144   0x00000000   Code   RO         2804    .ARM.Collect$$libshutdown$$0000000F  c_p.l(libshutdown2.o)
    0x00000144   0x00000144   0x00000002   Code   RO         2805    .ARM.Collect$$libshutdown$$00000010  c_p.l(libshutdown2.o)
    0x00000146   0x00000146   0x00000000   Code   RO         2418    .ARM.Collect$$rtentry$$00000000  c_p.l(__rtentry.o)
    0x00000146   0x00000146   0x00000000   Code   RO         2570    .ARM.Collect$$rtentry$$00000002  c_p.l(__rtentry2.o)
    0x00000146   0x00000146   0x00000006   Code   RO         2582    .ARM.Collect$$rtentry$$00000004  c_p.l(__rtentry4.o)
    0x0000014c   0x0000014c   0x00000000   Code   RO         2572    .ARM.Collect$$rtentry$$00000009  c_p.l(__rtentry2.o)
    0x0000014c   0x0000014c   0x00000004   Code   RO         2573    .ARM.Collect$$rtentry$$0000000A  c_p.l(__rtentry2.o)
    0x00000150   0x00000150   0x00000000   Code   RO         2575    .ARM.Collect$$rtentry$$0000000C  c_p.l(__rtentry2.o)
    0x00000150   0x00000150   0x00000008   Code   RO         2576    .ARM.Collect$$rtentry$$0000000D  c_p.l(__rtentry2.o)
    0x00000158   0x00000158   0x00000002   Code   RO         2669    .ARM.Collect$$rtexit$$00000000  c_p.l(rtexit.o)
    0x0000015a   0x0000015a   0x00000000   Code   RO         2732    .ARM.Collect$$rtexit$$00000002  c_p.l(rtexit2.o)
    0x0000015a   0x0000015a   0x00000004   Code   RO         2733    .ARM.Collect$$rtexit$$00000003  c_p.l(rtexit2.o)
    0x0000015e   0x0000015e   0x00000006   Code   RO         2734    .ARM.Collect$$rtexit$$00000004  c_p.l(rtexit2.o)
    0x00000164   0x00000164   0x00000038   Code   RO         2314    .emb_text           c_p.l(rt_memcpy.o)
    0x0000019c   0x0000019c   0x00000030   Code   RO         1379    .text               startup_mspm0g351x_uvision.o
    0x000001cc   0x000001cc   0x0000001c   Code   RO         2267    .text               c_p.l(__2printf.o)
    0x000001e8   0x000001e8   0x0000002c   Code   RO         2269    .text               c_p.l(__2sprintf.o)
    0x00000214   0x00000214   0x00000052   Code   RO         2277    .text               c_p.l(_printf_str.o)
    0x00000266   0x00000266   0x00000002   PAD
    0x00000268   0x00000268   0x0000006c   Code   RO         2279    .text               c_p.l(_printf_dec.o)
    0x000002d4   0x000002d4   0x00000188   Code   RO         2298    .text               c_p.l(__printf_flags_ss_wp.o)
    0x0000045c   0x0000045c   0x00000044   Code   RO         2310    .text               c_p.l(strlen.o)
    0x000004a0   0x000004a0   0x00000082   Code   RO         2315    .text               c_p.l(rt_memcpy.o)
    0x00000522   0x00000522   0x00000040   Code   RO         2320    .text               c_p.l(rt_memclr.o)
    0x00000562   0x00000562   0x0000015a   Code   RO         2322    .text               c_p.l(aeabi_sdiv.o)
    0x000006bc   0x000006bc   0x00000006   Code   RO         2326    .text               c_p.l(heapauxi.o)
    0x000006c2   0x000006c2   0x00000002   PAD
    0x000006c4   0x000006c4   0x00000358   Code   RO         2330    .text               fz_ps.l(daddsub.o)
    0x00000a1c   0x00000a1c   0x00000448   Code   RO         2344    .text               fz_ps.l(ddiv.o)
    0x00000e64   0x00000e64   0x00000048   Code   RO         2349    .text               fz_ps.l(dfixui.o)
    0x00000eac   0x00000eac   0x00000058   Code   RO         2351    .text               fz_ps.l(dflti.o)
    0x00000f04   0x00000f04   0x00000248   Code   RO         2353    .text               fz_ps.l(dmul.o)
    0x0000114c   0x0000114c   0x000000b0   Code   RO         2429    .text               c_p.l(_printf_intcommon.o)
    0x000011fc   0x000011fc   0x00000030   Code   RO         2433    .text               c_p.l(_printf_char_common.o)
    0x0000122c   0x0000122c   0x0000000a   Code   RO         2435    .text               c_p.l(_sputc.o)
    0x00001236   0x00001236   0x0000002e   Code   RO         2439    .text               c_p.l(_printf_char.o)
    0x00001264   0x00001264   0x00000028   Code   RO         2441    .text               c_p.l(_printf_char_file.o)
    0x0000128c   0x0000128c   0x00000028   Code   RO         2496    .text               c_p.l(rtudiv10.o)
    0x000012b4   0x000012b4   0x00000008   Code   RO         2604    .text               c_p.l(ferror.o)
    0x000012bc   0x000012bc   0x00000008   Code   RO         2620    .text               c_p.l(libspace.o)
    0x000012c4   0x000012c4   0x0000003e   Code   RO         2623    .text               c_p.l(sys_stackheap_outer.o)
    0x00001302   0x00001302   0x00000010   Code   RO         2648    .text               c_p.l(exit.o)
    0x00001312   0x00001312   0x00000056   Code   RO         2807    .text               c_p.l(__dczerorl2.o)
    0x00001368   0x00001368   0x0000000a   Code   RO         1475    .text.DL_Common_delayCycles  dl_common.o
    0x00001372   0x00001372   0x00000002   PAD
    0x00001374   0x00001374   0x00000054   Code   RO         2245    .text.DL_FactoryRegion_initTrimTable  dl_factoryregion.o
    0x000013c8   0x000013c8   0x00000018   Code   RO         2224    .text.DL_SYSCTL_configFCC  dl_sysctl_mspm0gx51x.o
    0x000013e0   0x000013e0   0x000000d0   Code   RO         2208    .text.DL_SYSCTL_configSYSPLL  dl_sysctl_mspm0gx51x.o
    0x000014b0   0x000014b0   0x0000006c   Code   RO         2222    .text.DL_SYSCTL_setHFCLKSourceHFXTParams  dl_sysctl_mspm0gx51x.o
    0x0000151c   0x0000151c   0x00000044   Code   RO         2210    .text.DL_SYSCTL_setLFCLKSourceLFXT  dl_sysctl_mspm0gx51x.o
    0x00001560   0x00001560   0x00000020   Code   RO         2216    .text.DL_SYSCTL_switchMCLKfromSYSOSCtoHSCLK  dl_sysctl_mspm0gx51x.o
    0x00001580   0x00001580   0x00000058   Code   RO         2047    .text.DL_Timer_Count_CCP  dl_timer.o
    0x000015d8   0x000015d8   0x00000014   Code   RO         2105    .text.DL_Timer_enableCaptureCompareInputFilter  dl_timer.o
    0x000015ec   0x000015ec   0x0000001c   Code   RO         2101    .text.DL_Timer_setCaptureCompareInputFilter  dl_timer.o
    0x00001608   0x00001608   0x0000001c   Code   RO         2031    .text.DL_Timer_setClockConfig  dl_timer.o
    0x00001624   0x00001624   0x0000004c   Code   RO         2151    .text.DL_UART_init  dl_uart.o
    0x00001670   0x00001670   0x00000014   Code   RO         2153    .text.DL_UART_setClockConfig  dl_uart.o
    0x00001684   0x00001684   0x00000024   Code   RO         2192    .text.DL_VREF_configReference  dl_vref.o
    0x000016a8   0x000016a8   0x00000054   Code   RO           57    .text.GROUP1_IRQHandler  isr.o
    0x000016fc   0x000016fc   0x00000014   Code   RO         1353    .text.SYSCFG_DL_GPIO_init  ti_msp_dl_config.o
    0x00001710   0x00001710   0x00000014   Code   RO         1361    .text.SYSCFG_DL_SYSCTL_CLK_init  ti_msp_dl_config.o
    0x00001724   0x00001724   0x00000080   Code   RO         1363    .text.SYSCFG_DL_SYSCTL_SYSPLL_init  ti_msp_dl_config.o
    0x000017a4   0x000017a4   0x000000c0   Code   RO         1355    .text.SYSCFG_DL_SYSCTL_init  ti_msp_dl_config.o
    0x00001864   0x00001864   0x0000001c   Code   RO         1359    .text.SYSCFG_DL_SYSTICK_init  ti_msp_dl_config.o
    0x00001880   0x00001880   0x00000014   Code   RO         1357    .text.SYSCFG_DL_VREF_init  ti_msp_dl_config.o
    0x00001894   0x00001894   0x0000001c   Code   RO         1349    .text.SYSCFG_DL_init  ti_msp_dl_config.o
    0x000018b0   0x000018b0   0x00000028   Code   RO         1351    .text.SYSCFG_DL_initPower  ti_msp_dl_config.o
    0x000018d8   0x000018d8   0x00000010   Code   RO           25    .text.TIMA0_IRQHandler  isr.o
    0x000018e8   0x000018e8   0x00000010   Code   RO           27    .text.TIMA1_IRQHandler  isr.o
    0x000018f8   0x000018f8   0x00000010   Code   RO           29    .text.TIMG0_IRQHandler  isr.o
    0x00001908   0x00001908   0x00000010   Code   RO           39    .text.TIMG12_IRQHandler  isr.o
    0x00001918   0x00001918   0x00000010   Code   RO           41    .text.TIMG14_IRQHandler  isr.o
    0x00001928   0x00001928   0x00000010   Code   RO           31    .text.TIMG6_IRQHandler  isr.o
    0x00001938   0x00001938   0x00000010   Code   RO           33    .text.TIMG7_IRQHandler  isr.o
    0x00001948   0x00001948   0x00000010   Code   RO           35    .text.TIMG8_IRQHandler  isr.o
    0x00001958   0x00001958   0x00000018   Code   RO           37    .text.TIMG9_IRQHandler  isr.o
    0x00001970   0x00001970   0x00000038   Code   RO           43    .text.UART0_IRQHandler  isr.o
    0x000019a8   0x000019a8   0x00000040   Code   RO           45    .text.UART1_IRQHandler  isr.o
    0x000019e8   0x000019e8   0x00000034   Code   RO           47    .text.UART3_IRQHandler  isr.o
    0x00001a1c   0x00001a1c   0x00000034   Code   RO           49    .text.UART4_IRQHandler  isr.o
    0x00001a50   0x00001a50   0x00000034   Code   RO           51    .text.UART5_IRQHandler  isr.o
    0x00001a84   0x00001a84   0x00000034   Code   RO           53    .text.UART6_IRQHandler  isr.o
    0x00001ab8   0x00001ab8   0x0000003c   Code   RO           55    .text.UART7_IRQHandler  isr.o
    0x00001af4   0x00001af4   0x00000002   Code   RO           86    .text._sys_exit     zf_common_debug.o
    0x00001af6   0x00001af6   0x00000002   PAD
    0x00001af8   0x00001af8   0x00000074   Code   RO          342    .text.afio_init     zf_driver_gpio.o
    0x00001b6c   0x00001b6c   0x0000011c   Code   RO           68    .text.clock_init    zf_common_clock.o
    0x00001c88   0x00001c88   0x00000078   Code   RO           96    .text.debug_assert_handler  zf_common_debug.o
    0x00001d00   0x00001d00   0x0000005c   Code   RO          106    .text.debug_init    zf_common_debug.o
    0x00001d5c   0x00001d5c   0x0000001c   Code   RO           84    .text.debug_interrupr_handler  zf_common_debug.o
    0x00001d78   0x00001d78   0x000002c4   Code   RO           98    .text.debug_output  zf_common_debug.o
    0x0000203c   0x0000203c   0x00000028   Code   RO          104    .text.debug_output_init  zf_common_debug.o
    0x00002064   0x00002064   0x0000000c   Code   RO          108    .text.debug_uart_str_output  zf_common_debug.o
    0x00002070   0x00002070   0x00000028   Code   RO          606    .text.encoder_clear_count  zf_driver_encoder.o
    0x00002098   0x00002098   0x00000078   Code   RO          610    .text.encoder_dir_init  zf_driver_encoder.o
    0x00002110   0x00002110   0x00000030   Code   RO          604    .text.encoder_get_count  zf_driver_encoder.o
    0x00002140   0x00002140   0x00000030   Code   RO            4    .text.encoder_init  encoder.o
    0x00002170   0x00002170   0x00000002   Code   RO          311    .text.exti_callbakc_defalut  zf_driver_exti.o
    0x00002172   0x00002172   0x00000046   Code   RO          130    .text.fifo_head_offset  zf_common_fifo.o
    0x000021b8   0x000021b8   0x00000060   Code   RO          142    .text.fifo_init     zf_common_fifo.o
    0x00002218   0x00002218   0x00000264   Code   RO          132    .text.fifo_write_buffer  zf_common_fifo.o
    0x0000247c   0x0000247c   0x0000001c   Code   RO           88    .text.fputc         zf_common_debug.o
    0x00002498   0x00002498   0x00000028   Code   RO            2    .text.get_encoder   encoder.o
    0x000024c0   0x000024c0   0x00000024   Code   RO          336    .text.gpio_get_level  zf_driver_gpio.o
    0x000024e4   0x000024e4   0x000000b4   Code   RO          332    .text.gpio_init     zf_driver_gpio.o
    0x00002598   0x00002598   0x00000022   Code   RO          330    .text.gpio_set_a0_a1_output  zf_driver_gpio.o
    0x000025ba   0x000025ba   0x00000002   PAD
    0x000025bc   0x000025bc   0x00000030   Code   RO          334    .text.gpio_set_level  zf_driver_gpio.o
    0x000025ec   0x000025ec   0x00000020   Code   RO          213    .text.interrupt_disable  zf_common_interrupt.o
    0x0000260c   0x0000260c   0x00000018   Code   RO          211    .text.interrupt_enable  zf_common_interrupt.o
    0x00002624   0x00002624   0x00000018   Code   RO          209    .text.interrupt_global_disable  zf_common_interrupt.o
    0x0000263c   0x0000263c   0x00000002   Code   RO          217    .text.interrupt_init  zf_common_interrupt.o
    0x0000263e   0x0000263e   0x00000002   PAD
    0x00002640   0x00002640   0x00000040   Code   RO          215    .text.interrupt_set_priority  zf_common_interrupt.o
    0x00002680   0x00002680   0x00000088   Code   RO           15    .text.main          main.o
    0x00002708   0x00002708   0x00000002   Code   RO          356    .text.pit_callbakc_defalut  zf_driver_pit.o
    0x0000270a   0x0000270a   0x00000002   PAD
    0x0000270c   0x0000270c   0x00000058   Code   RO          368    .text.pit_ms_init   zf_driver_pit.o
    0x00002764   0x00002764   0x0000007c   Code   RO          366    .text.pit_set_div   zf_driver_pit.o
    0x000027e0   0x000027e0   0x000000e4   Code   RO          364    .text.pit_us_init   zf_driver_pit.o
    0x000028c4   0x000028c4   0x00000002   Code   RO          300    .text.system_delay_init  zf_driver_delay.o
    0x000028c6   0x000028c6   0x00000002   PAD
    0x000028c8   0x000028c8   0x0000002c   Code   RO          296    .text.system_delay_ms  zf_driver_delay.o
    0x000028f4   0x000028f4   0x00000018   Code   RO          519    .text.timer_clock_enable  zf_driver_timer.o
    0x0000290c   0x0000290c   0x0000001c   Code   RO          517    .text.timer_funciton_check  zf_driver_timer.o
    0x00002928   0x00002928   0x00000002   Code   RO         1106    .text.type_default_callback  zf_device_type.o
    0x0000292a   0x0000292a   0x00000002   Code   RO          542    .text.uart_callbakc_defalut  zf_driver_uart.o
    0x0000292c   0x0000292c   0x00000108   Code   RO          558    .text.uart_init     zf_driver_uart.o
    0x00002a34   0x00002a34   0x00000038   Code   RO          552    .text.uart_query_byte  zf_driver_uart.o
    0x00002a6c   0x00002a6c   0x000000e0   Code   RO          556    .text.uart_set_interrupt_config  zf_driver_uart.o
    0x00002b4c   0x00002b4c   0x00000018   Code   RO          544    .text.uart_write_byte  zf_driver_uart.o
    0x00002b64   0x00002b64   0x00000048   Code   RO          548    .text.uart_write_string  zf_driver_uart.o
    0x00002bac   0x00002bac   0x0000000e   Code   RO         2291    i._is_digit         c_p.l(__printf_wp.o)
    0x00002bba   0x00002bba   0x00000000   Code   RO         2522    x$fpl$usenofp       fz_ps.l(usenofp.o)
    0x00002bba   0x00002bba   0x00000011   Data   RO         2299    .constdata          c_p.l(__printf_flags_ss_wp.o)
    0x00002bcb   0x00002bcb   0x00000080   Data   RO         2345    .constdata          fz_ps.l(ddiv.o)
    0x00002c4b   0x00002c4b   0x00000003   Data   RO          615    .rodata.gCAPTURE_0ClockConfig  zf_driver_encoder.o
    0x00002c4e   0x00002c4e   0x00000003   Data   RO         1366    .rodata.gLFCLKConfig  ti_msp_dl_config.o
    0x00002c51   0x00002c51   0x00000003   PAD
    0x00002c54   0x00002c54   0x00000028   Data   RO         1365    .rodata.gSYSPLLConfig  ti_msp_dl_config.o
    0x00002c7c   0x00002c7c   0x0000000c   Data   RO         1367    .rodata.gVREFConfig  ti_msp_dl_config.o
    0x00002c88   0x00002c88   0x0000003c   Data   RO          345    .rodata.gpio_iomux_index  zf_driver_gpio.o
    0x00002cc4   0x00002cc4   0x00000009   Data   RO          370    .rodata.irq_index   zf_driver_pit.o
    0x00002ccd   0x00002ccd   0x00000009   Data   RO          113    .rodata.str1.1      zf_common_debug.o
    0x00002cd6   0x00002cd6   0x0000002b   Data   RO          144    .rodata.str1.1      zf_common_fifo.o
    0x00002d01   0x00002d01   0x0000002b   Data   RO          346    .rodata.str1.1      zf_driver_gpio.o
    0x00002d2c   0x00002d2c   0x0000002a   Data   RO          373    .rodata.str1.1      zf_driver_pit.o
    0x00002d56   0x00002d56   0x0000002b   Data   RO          563    .rodata.str1.1      zf_driver_uart.o
    0x00002d81   0x00002d81   0x0000002e   Data   RO          614    .rodata.str1.1      zf_driver_encoder.o
    0x00002daf   0x00002daf   0x00000001   PAD
    0x00002db0   0x00002db0   0x00000024   Data   RO          612    .rodata.timer_list  zf_driver_encoder.o
    0x00002dd4   0x00002dd4   0x00000024   Data   RO          531    .rodata.timer_reg   zf_driver_timer.o
    0x00002df8   0x00002df8   0x00000002   Data   RO          566    .rodata.uart_init.uart_clock_config  zf_driver_uart.o
    0x00002dfa   0x00002dfa   0x0000000a   Data   RO          567    .rodata.uart_init.uart_default_config  zf_driver_uart.o
    0x00002e04   0x00002e04   0x00000007   Data   RO          565    .rodata.uart_irq    zf_driver_uart.o
    0x00002e0b   0x00002e0b   0x00000001   PAD
    0x00002e0c   0x00002e0c   0x0000001c   Data   RO          562    .rodata.uart_list   zf_driver_uart.o
    0x00002e28   0x00002e28   0x00000020   Data   RO         2806    Region$$Table       anon$$obj.o


    Execution Region RW_IRAM1 (Exec base: 0x20200000, Load base: 0x00002e48, Size: 0x00001748, Max: 0x00020000, ABSOLUTE, COMPRESSED[0x00000028])

    Exec Addr    Load Addr    Size         Type   Attr      Idx    E Section Name        Object

    0x20200000   COMPRESSED   0x00000044   Data   RW         2247    .TrimTable          dl_factoryregion.o
    0x20200044   COMPRESSED   0x00000014   Data   RW         1118    .data..L_MergedGlobals  zf_device_type.o
    0x20200058   COMPRESSED   0x00000004   Data   RW         2248    .data.FACTORYVALUE  dl_factoryregion.o
    0x2020005c   COMPRESSED   0x00000009   Data   RW          613    .data.encoder_dir   zf_driver_encoder.o
    0x20200065   COMPRESSED   0x00000003   PAD
    0x20200068   COMPRESSED   0x00000080   Data   RW          319    .data.exti_callback_list  zf_driver_exti.o
    0x202000e8   COMPRESSED   0x00000008   Data   RW          344    .data.gpio_group    zf_driver_gpio.o
    0x202000f0   COMPRESSED   0x00000024   Data   RW          372    .data.pit_callback_ptr_list  zf_driver_pit.o
    0x20200114   COMPRESSED   0x0000001c   Data   RW          561    .data.uart_callback_list  zf_driver_uart.o
    0x20200130   COMPRESSED   0x00000001   Data   RW          110    .data.zf_debug_assert_enable  zf_common_debug.o
    0x20200131   COMPRESSED   0x00000007   PAD
    0x20200138        -       0x00000060   Zero   RW         2621    .bss                c_p.l(libspace.o)
    0x20200198        -       0x00000072   Zero   RW          114    .bss..L_MergedGlobals  zf_common_debug.o
    0x2020020a        -       0x00000012   Zero   RW          532    .bss..L_MergedGlobals  zf_driver_timer.o
    0x2020021c        -       0x00000054   Zero   RW          112    .bss.__stdout       zf_common_debug.o
    0x20200270        -       0x00000001   Zero   RW          111    .bss.debug_assert_handler.assert_nest_index  zf_common_debug.o
    0x20200271   COMPRESSED   0x00000001   PAD
    0x20200272        -       0x00000004   Zero   RW            6    .bss.encoder        encoder.o
    0x20200276   COMPRESSED   0x00000002   PAD
    0x20200278        -       0x00000080   Zero   RW          320    .bss.exti_callback_ptr_list  zf_driver_exti.o
    0x202002f8        -       0x00000004   Zero   RW          219    .bss.interrupt_nest_count  zf_common_interrupt.o
    0x202002fc        -       0x00000024   Zero   RW          371    .bss.pit_callback_list  zf_driver_pit.o
    0x20200320        -       0x0000001c   Zero   RW          560    .bss.uart_callback_ptr_list  zf_driver_uart.o
    0x2020033c        -       0x00000007   Zero   RW          564    .bss.uart_interrupt_state  zf_driver_uart.o
    0x20200343   COMPRESSED   0x00000005   PAD
    0x20200348        -       0x00000400   Zero   RW         1377    HEAP                startup_mspm0g351x_uvision.o
    0x20200748        -       0x00001000   Zero   RW         1376    STACK               startup_mspm0g351x_uvision.o



  Load Region LR_BCR (Base: 0x41c00000, Size: 0x00000000, Max: 0x00000100, ABSOLUTE)

    Execution Region BCR_CONFIG (Exec base: 0x41c00000, Load base: 0x41c00000, Size: 0x00000000, Max: 0x000000ff, ABSOLUTE)

    **** No section assigned to this execution region ****



  Load Region LR_BSL (Base: 0x41c00100, Size: 0x00000000, Max: 0x00000100, ABSOLUTE)

    Execution Region BSL_CONFIG (Exec base: 0x41c00100, Load base: 0x41c00100, Size: 0x00000000, Max: 0x00000080, ABSOLUTE)

    **** No section assigned to this execution region ****



  Load Region LR_DATA (Base: 0x41d00000, Size: 0x00000000, Max: 0x00004000, ABSOLUTE)

    Execution Region DATA (Exec base: 0x41d00000, Load base: 0x41d00000, Size: 0x00000000, Max: 0x00004000, ABSOLUTE)

    **** No section assigned to this execution region ****


==============================================================================

Image component sizes


      Code (inc. data)   RO Data    RW Data    ZI Data      Debug   Object Name

        10          0          0          0          0        624   dl_common.o
        84          8          0         72          0       2153   dl_factoryregion.o
       440         36          0          0          0      13858   dl_sysctl_mspm0gx51x.o
       164         32          0          0          0      35366   dl_timer.o
        96         16          0          0          0      12497   dl_uart.o
        36          4          0          0          0       2548   dl_vref.o
        88         12          0          0          4       3965   encoder.o
       624         64          0          0          0       6338   isr.o
       136         64          0          0          0       1400   main.o
        48         22        192          0       5120        740   startup_mspm0g351x_uvision.o
       476         68         55          0          0      17339   ti_msp_dl_config.o
       284        104          0          0          0      11235   zf_common_clock.o
      1030        132          9          1        199       8960   zf_common_debug.o
       778          8         43          0          0       6006   zf_common_fifo.o
       146         20          0          0          4       3786   zf_common_interrupt.o
         2          0          0         20          0       1994   zf_device_type.o
        46          8          0          0          0       1184   zf_driver_delay.o
       208         24         85          9          0       9995   zf_driver_encoder.o
         2          0          0        128        128       3990   zf_driver_exti.o
       414         72        103          8          0       6980   zf_driver_gpio.o
       442         56         51         36         36       7360   zf_driver_pit.o
        52          8         36          0         18       5574   zf_driver_timer.o
       642         74         90         28         35      14240   zf_driver_uart.o

    ----------------------------------------------------------------------
      6260        832        701        308       5556     178132   Object Totals
         0          0         32          0          0          0   (incl. Generated)
        12          0          5          6         12          0   (incl. Padding)

    ----------------------------------------------------------------------

      Code (inc. data)   RO Data    RW Data    ZI Data      Debug   Library Member Name

        28          6          0          0          0         84   __2printf.o
        44          4          0          0          0         84   __2sprintf.o
        86          0          0          0          0          0   __dczerorl2.o
         8          0          0          0          0         68   __main.o
       392          6         17          0          0         76   __printf_flags_ss_wp.o
        14          0          0          0          0         60   __printf_wp.o
         0          0          0          0          0          0   __rtentry.o
        12          0          0          0          0          0   __rtentry2.o
         6          0          0          0          0          0   __rtentry4.o
        60          8          0          0          0          0   __scatter.o
        28          0          0          0          0          0   __scatter_zi.o
        46          0          0          0          0        100   _printf_char.o
        48          6          0          0          0         88   _printf_char_common.o
        40          6          0          0          0         72   _printf_char_file.o
        10          0          0          0          0          0   _printf_d.o
       108         18          0          0          0         76   _printf_dec.o
       176          0          0          0          0         84   _printf_intcommon.o
         2          0          0          0          0          0   _printf_percent.o
         4          0          0          0          0          0   _printf_percent_end.o
        10          0          0          0          0          0   _printf_s.o
        82          0          0          0          0         72   _printf_str.o
        10          0          0          0          0         60   _sputc.o
       346          0          0          0          0         92   aeabi_sdiv.o
        16          0          0          0          0         68   exit.o
         8          0          0          0          0         60   ferror.o
         6          0          0          0          0        136   heapauxi.o
         2          0          0          0          0          0   libinit.o
         2          0          0          0          0          0   libinit2.o
         2          0          0          0          0          0   libshutdown.o
         2          0          0          0          0          0   libshutdown2.o
         8          4          0          0         96         68   libspace.o
        64          0          0          0          0        108   rt_memclr.o
       186          0          0          0          0        144   rt_memcpy.o
         2          0          0          0          0          0   rtexit.o
        10          0          0          0          0          0   rtexit2.o
        40          0          0          0          0         60   rtudiv10.o
        68          6          0          0          0         72   strlen.o
        62          0          0          0          0         80   sys_stackheap_outer.o
       856         20          0          0          0        208   daddsub.o
      1096         26        128          0          0        112   ddiv.o
        72          4          0          0          0         68   dfixui.o
        88          0          0          0          0         92   dflti.o
       584         26          0          0          0         84   dmul.o
         0          0          0          0          0          0   usenofp.o

    ----------------------------------------------------------------------
      4742        144        145          0         96       2376   Library Totals
         8          4          0          0          0          0   (incl. Padding)

    ----------------------------------------------------------------------

      Code (inc. data)   RO Data    RW Data    ZI Data      Debug   Library Name

      2038         64         17          0         96       1812   c_p.l
      2696         76        128          0          0        564   fz_ps.l

    ----------------------------------------------------------------------
      4742        144        145          0         96       2376   Library Totals

    ----------------------------------------------------------------------

==============================================================================


      Code (inc. data)   RO Data    RW Data    ZI Data      Debug   

     11002        976        846        308       5652     179152   Grand Totals
     11002        976        846         40       5652     179152   ELF Image Totals (compressed)
     11002        976        846         40          0          0   ROM Totals

==============================================================================

    Total RO  Size (Code + RO Data)                11848 (  11.57kB)
    Total RW  Size (RW Data + ZI Data)              5960 (   5.82kB)
    Total ROM Size (Code + RO Data + RW Data)      11888 (  11.61kB)

==============================================================================

