Component: ARM Compiler 6.12 Tool: armlink [5d895400]

==============================================================================

Section Cross References

    encoder.o(.text.get_encoder) refers to zf_driver_encoder.o(.text.encoder_get_count) for encoder_get_count
    encoder.o(.text.get_encoder) refers to zf_driver_encoder.o(.text.encoder_clear_count) for encoder_clear_count
    encoder.o(.text.get_encoder) refers to encoder.o(.bss.encoder) for encoder
    encoder.o(.ARM.exidx.text.get_encoder) refers to encoder.o(.text.get_encoder) for [Anonymous Symbol]
    encoder.o(.text.encoder_init) refers to zf_driver_encoder.o(.text.encoder_dir_init) for encoder_dir_init
    encoder.o(.text.encoder_init) refers to zf_driver_pit.o(.text.pit_ms_init) for pit_ms_init
    encoder.o(.text.encoder_init) refers to encoder.o(.text.get_encoder) for get_encoder
    encoder.o(.ARM.exidx.text.encoder_init) refers to encoder.o(.text.encoder_init) for [Anonymous Symbol]
    motor.o(.text.motor_init) refers to zf_driver_gpio.o(.text.gpio_init) for gpio_init
    motor.o(.text.motor_init) refers to zf_driver_pwm.o(.text.pwm_init) for pwm_init
    motor.o(.ARM.exidx.text.motor_init) refers to motor.o(.text.motor_init) for [Anonymous Symbol]
    motor.o(.text.motor_set) refers to zf_driver_gpio.o(.text.gpio_set_level) for gpio_set_level
    motor.o(.text.motor_set) refers to zf_driver_pwm.o(.text.pwm_set_duty) for pwm_set_duty
    motor.o(.ARM.exidx.text.motor_set) refers to motor.o(.text.motor_set) for [Anonymous Symbol]
    main.o(.text) refers (Special) to _printf_d.o(.ARM.Collect$$_printf_percent$$00000009) for _printf_d
    main.o(.text) refers (Special) to _printf_dec.o(.text) for _printf_int_dec
    main.o(.text) refers (Special) to _printf_percent.o(.ARM.Collect$$_printf_percent$$00000000) for _printf_percent
    main.o(.text.main) refers (Special) to _printf_d.o(.ARM.Collect$$_printf_percent$$00000009) for _printf_d
    main.o(.text.main) refers (Special) to _printf_dec.o(.text) for _printf_int_dec
    main.o(.text.main) refers (Special) to _printf_percent.o(.ARM.Collect$$_printf_percent$$00000000) for _printf_percent
    main.o(.text.main) refers to zf_common_clock.o(.text.clock_init) for clock_init
    main.o(.text.main) refers to zf_common_debug.o(.text.debug_init) for debug_init
    main.o(.text.main) refers to zf_driver_delay.o(.text.system_delay_ms) for system_delay_ms
    main.o(.text.main) refers to zf_driver_gpio.o(.text.gpio_init) for gpio_init
    main.o(.text.main) refers to motor.o(.text.motor_init) for motor_init
    main.o(.text.main) refers to zf_common_interrupt.o(.text.interrupt_global_enable) for interrupt_global_enable
    main.o(.text.main) refers to zf_driver_gpio.o(.text.gpio_set_level) for gpio_set_level
    main.o(.text.main) refers to motor.o(.text.motor_set) for motor_set
    main.o(.text.main) refers to encoder.o(.text.encoder_init) for encoder_init
    main.o(.text.main) refers to __2printf.o(.text) for __2printf
    main.o(.text.main) refers to encoder.o(.bss.encoder) for encoder
    main.o(.ARM.exidx.text.main) refers (Special) to _printf_d.o(.ARM.Collect$$_printf_percent$$00000009) for _printf_d
    main.o(.ARM.exidx.text.main) refers (Special) to _printf_dec.o(.text) for _printf_int_dec
    main.o(.ARM.exidx.text.main) refers (Special) to _printf_percent.o(.ARM.Collect$$_printf_percent$$00000000) for _printf_percent
    main.o(.ARM.exidx.text.main) refers to main.o(.text.main) for [Anonymous Symbol]
    main.o(.ARM.use_no_argv) refers (Special) to _printf_d.o(.ARM.Collect$$_printf_percent$$00000009) for _printf_d
    main.o(.ARM.use_no_argv) refers (Special) to _printf_dec.o(.text) for _printf_int_dec
    main.o(.ARM.use_no_argv) refers (Special) to _printf_percent.o(.ARM.Collect$$_printf_percent$$00000000) for _printf_percent
    isr.o(.text.TIMA0_IRQHandler) refers to zf_driver_pit.o(.data.pit_callback_ptr_list) for pit_callback_ptr_list
    isr.o(.text.TIMA0_IRQHandler) refers to zf_driver_pit.o(.bss.pit_callback_list) for pit_callback_list
    isr.o(.ARM.exidx.text.TIMA0_IRQHandler) refers to isr.o(.text.TIMA0_IRQHandler) for [Anonymous Symbol]
    isr.o(.text.TIMA1_IRQHandler) refers to zf_driver_pit.o(.data.pit_callback_ptr_list) for pit_callback_ptr_list
    isr.o(.text.TIMA1_IRQHandler) refers to zf_driver_pit.o(.bss.pit_callback_list) for pit_callback_list
    isr.o(.ARM.exidx.text.TIMA1_IRQHandler) refers to isr.o(.text.TIMA1_IRQHandler) for [Anonymous Symbol]
    isr.o(.text.TIMG0_IRQHandler) refers to zf_driver_pit.o(.data.pit_callback_ptr_list) for pit_callback_ptr_list
    isr.o(.text.TIMG0_IRQHandler) refers to zf_driver_pit.o(.bss.pit_callback_list) for pit_callback_list
    isr.o(.ARM.exidx.text.TIMG0_IRQHandler) refers to isr.o(.text.TIMG0_IRQHandler) for [Anonymous Symbol]
    isr.o(.text.TIMG6_IRQHandler) refers to zf_driver_pit.o(.data.pit_callback_ptr_list) for pit_callback_ptr_list
[...]
    __arm_cp.1_3                             0x00002bec   Number         4  zf_driver_gpio.o(.text.gpio_init)
    __arm_cp.1_4                             0x00002bf0   Number         4  zf_driver_gpio.o(.text.gpio_init)
    __arm_cp.1_5                             0x00002bf4   Number         4  zf_driver_gpio.o(.text.gpio_init)
    __arm_cp.1_6                             0x00002bf8   Number         4  zf_driver_gpio.o(.text.gpio_init)
    __arm_cp.1_8                             0x00002bfc   Number         4  zf_driver_gpio.o(.text.gpio_init)
    [Anonymous Symbol]                       0x00002c00   Section        0  zf_driver_gpio.o(.text.gpio_set_a0_a1_output)
    [Anonymous Symbol]                       0x00002c24   Section        0  zf_driver_gpio.o(.text.gpio_set_level)
    __arm_cp.2_0                             0x00002c4c   Number         4  zf_driver_gpio.o(.text.gpio_set_level)
    __arm_cp.2_1                             0x00002c50   Number         4  zf_driver_gpio.o(.text.gpio_set_level)
    [Anonymous Symbol]                       0x00002c54   Section        0  zf_common_interrupt.o(.text.interrupt_disable)
    [Anonymous Symbol]                       0x00002c5c   Section        0  zf_common_interrupt.o(.text.interrupt_enable)
    [Anonymous Symbol]                       0x00002c64   Section        0  zf_common_interrupt.o(.text.interrupt_global_disable)
    [Anonymous Symbol]                       0x00002c78   Section        0  zf_common_interrupt.o(.text.interrupt_global_enable)
    __arm_cp.0_0                             0x00002c90   Number         4  zf_common_interrupt.o(.text.interrupt_global_enable)
    [Anonymous Symbol]                       0x00002c94   Section        0  zf_common_interrupt.o(.text.interrupt_init)
    [Anonymous Symbol]                       0x00002c96   Section        0  zf_common_interrupt.o(.text.interrupt_set_priority)
    [Anonymous Symbol]                       0x00002ca0   Section        0  main.o(.text.main)
    __arm_cp.0_0                             0x00002d04   Number         4  main.o(.text.main)
    __arm_cp.0_1                             0x00002d08   Number         4  main.o(.text.main)
    [Anonymous Symbol]                       0x00002d44   Section        0  motor.o(.text.motor_init)
    __arm_cp.0_0                             0x00002d80   Number         4  motor.o(.text.motor_init)
    [Anonymous Symbol]                       0x00002d84   Section        0  motor.o(.text.motor_set)
    __arm_cp.1_0                             0x00002ddc   Number         4  motor.o(.text.motor_set)
    pit_callbakc_defalut                     0x00002de1   Thumb Code     2  zf_driver_pit.o(.text.pit_callbakc_defalut)
    [Anonymous Symbol]                       0x00002de0   Section        0  zf_driver_pit.o(.text.pit_callbakc_defalut)
    [Anonymous Symbol]                       0x00002de4   Section        0  zf_driver_pit.o(.text.pit_enable)
    [Anonymous Symbol]                       0x00002df8   Section        0  zf_driver_pit.o(.text.pit_ms_init)
    __arm_cp.6_1                             0x00002e4c   Number         4  zf_driver_pit.o(.text.pit_ms_init)
    pit_set_div                              0x00002e51   Thumb Code   136  zf_driver_pit.o(.text.pit_set_div)
    [Anonymous Symbol]                       0x00002e50   Section        0  zf_driver_pit.o(.text.pit_set_div)
    __arm_cp.5_1                             0x00002ed0   Number         4  zf_driver_pit.o(.text.pit_set_div)
    __arm_cp.5_3                             0x00002ed4   Number         4  zf_driver_pit.o(.text.pit_set_div)
    [Anonymous Symbol]                       0x00002ed8   Section        0  zf_driver_pit.o(.text.pit_us_init)
    __arm_cp.4_0                             0x00002f98   Number         4  zf_driver_pit.o(.text.pit_us_init)
    __arm_cp.4_1                             0x00002f9c   Number         4  zf_driver_pit.o(.text.pit_us_init)
    __arm_cp.4_2                             0x00002fa0   Number         4  zf_driver_pit.o(.text.pit_us_init)
    __arm_cp.4_3                             0x00002fa4   Number         4  zf_driver_pit.o(.text.pit_us_init)
    __arm_cp.4_6                             0x00002fa8   Number         4  zf_driver_pit.o(.text.pit_us_init)
    __arm_cp.4_8                             0x00002fac   Number         4  zf_driver_pit.o(.text.pit_us_init)
    [Anonymous Symbol]                       0x00002fb0   Section        0  zf_driver_pwm.o(.text.pwm_init)
    __arm_cp.1_0                             0x000030c8   Number         4  zf_driver_pwm.o(.text.pwm_init)
    __arm_cp.1_1                             0x000030cc   Number         4  zf_driver_pwm.o(.text.pwm_init)
    __arm_cp.1_2                             0x000030d0   Number         4  zf_driver_pwm.o(.text.pwm_init)
    __arm_cp.1_3                             0x000030d4   Number         4  zf_driver_pwm.o(.text.pwm_init)
    __arm_cp.1_4                             0x000030d8   Number         4  zf_driver_pwm.o(.text.pwm_init)
    __arm_cp.1_6                             0x000030f8   Number         4  zf_driver_pwm.o(.text.pwm_init)
    __arm_cp.1_7                             0x000030fc   Number         4  zf_driver_pwm.o(.text.pwm_init)
    __arm_cp.1_8                             0x00003100   Number         4  zf_driver_pwm.o(.text.pwm_init)
    __arm_cp.1_9                             0x00003104   Number         4  zf_driver_pwm.o(.text.pwm_init)
    [Anonymous Symbol]                       0x00003108   Section        0  zf_driver_pwm.o(.text.pwm_set_duty)
    __arm_cp.0_0                             0x00003194   Number         4  zf_driver_pwm.o(.text.pwm_set_duty)
    __arm_cp.0_1                             0x00003198   Number         4  zf_driver_pwm.o(.text.pwm_set_duty)
    __arm_cp.0_2                             0x0000319c   Number         4  zf_driver_pwm.o(.text.pwm_set_duty)
    __arm_cp.0_3                             0x000031a0   Number         4  zf_driver_pwm.o(.text.pwm_set_duty)
    __arm_cp.0_4                             0x000031a4   Number         4  zf_driver_pwm.o(.text.pwm_set_duty)
    __arm_cp.0_5                             0x000031a8   Number         4  zf_driver_pwm.o(.text.pwm_set_duty)
    __arm_cp.0_6                             0x000031ac   Number         4  zf_driver_pwm.o(.text.pwm_set_duty)
    __arm_cp.0_7                             0x000031b0   Number         4  zf_driver_pwm.o(.text.pwm_set_duty)
    [Anonymous Symbol]                       0x000031b4   Section        0  zf_driver_delay.o(.text.system_delay_init)
    [Anonymous Symbol]                       0x000031b8   Section        0  zf_driver_delay.o(.text.system_delay_ms)
    __arm_cp.0_0                             0x000031e0   Number         4  zf_driver_delay.o(.text.system_delay_ms)
    __arm_cp.0_1                             0x000031e4   Number         4  zf_driver_delay.o(.text.system_delay_ms)
    [Anonymous Symbol]                       0x000031e8   Section        0  zf_driver_timer.o(.text.timer_clock_enable)
    __arm_cp.1_0                             0x000031fc   Number         4  zf_driver_timer.o(.text.timer_clock_enable)
    __arm_cp.1_1                             0x00003200   Number         4  zf_driver_timer.o(.text.timer_clock_enable)
    [Anonymous Symbol]                       0x00003204   Section        0  zf_driver_timer.o(.text.timer_funciton_check)
    __arm_cp.0_0                             0x0000321c   Number         4  zf_driver_timer.o(.text.timer_funciton_check)
    type_default_callback                    0x00003221   Thumb Code     2  zf_device_type.o(.text.type_default_callback)
    [Anonymous Symbol]                       0x00003220   Section        0  zf_device_type.o(.text.type_default_callback)
    uart_callbakc_defalut                    0x00003223   Thumb Code     2  zf_driver_uart.o(.text.uart_callbakc_defalut)
    [Anonymous Symbol]                       0x00003222   Section        0  zf_driver_uart.o(.text.uart_callbakc_defalut)
    [Anonymous Symbol]                       0x00003224   Section        0  zf_driver_uart.o(.text.uart_init)
    __arm_cp.14_1                            0x000032d4   Number         4  zf_driver_uart.o(.text.uart_init)
    __arm_cp.14_2                            0x000032d8   Number         4  zf_driver_uart.o(.text.uart_init)
    __arm_cp.14_3                            0x000032dc   Number         4  zf_driver_uart.o(.text.uart_init)
    __arm_cp.14_4                            0x000032e0   Number         4  zf_driver_uart.o(.text.uart_init)
    __arm_cp.14_5                            0x000032e4   Number         4  zf_driver_uart.o(.text.uart_init)
    __arm_cp.14_6                            0x000032e8   Number         4  zf_driver_uart.o(.text.uart_init)
    [Anonymous Symbol]                       0x000032ec   Section        0  zf_driver_uart.o(.text.uart_query_byte)
    [Anonymous Symbol]                       0x00003320   Section        0  zf_driver_uart.o(.text.uart_set_interrupt_config)
    __arm_cp.11_1                            0x000033e4   Number         4  zf_driver_uart.o(.text.uart_set_interrupt_config)
    __arm_cp.11_2                            0x000033e8   Number         4  zf_driver_uart.o(.text.uart_set_interrupt_config)
    [Anonymous Symbol]                       0x000033ec   Section        0  zf_driver_uart.o(.text.uart_write_byte)
    [Anonymous Symbol]                       0x0000340c   Section        0  zf_driver_uart.o(.text.uart_write_string)
    __arm_cp.5_0                             0x0000344c   Number         4  zf_driver_uart.o(.text.uart_write_string)
    __arm_cp.5_1                             0x00003450   Number         4  zf_driver_uart.o(.text.uart_write_string)
    .text_divfast                            0x00003454   Section      494  aeabi_sdivfast.o(.text_divfast)
    i._is_digit                              0x00003642   Section        0  __printf_wp.o(i._is_digit)
    x$fpl$fmul                               0x00003650   Section      176  fmul.o(x$fpl$fmul)
    maptable                                 0x00003700   Data          17  __printf_flags_ss_wp.o(.constdata)
    .constdata                               0x00003700   Section       17  __printf_flags_ss_wp.o(.constdata)
    x$fpl$usenofp                            0x00003700   Section        0  usenofp.o(x$fpl$usenofp)
    ddiv_reciptbl                            0x00003711   Data         128  ddiv.o(.constdata)
    .constdata                               0x00003711   Section      128  ddiv.o(.constdata)
    fdiv_tab                                 0x00003791   Data          64  fdiv.o(.constdata)
    .constdata                               0x00003791   Section       64  fdiv.o(.constdata)
    gCAPTURE_0ClockConfig                    0x000037d1   Data           3  zf_driver_encoder.o(.rodata.gCAPTURE_0ClockConfig)
    [Anonymous Symbol]                       0x000037d1   Section        0  zf_driver_encoder.o(.rodata.gCAPTURE_0ClockConfig)
    gLFCLKConfig                             0x000037d4   Data           3  ti_msp_dl_config.o(.rodata.gLFCLKConfig)
    [Anonymous Symbol]                       0x000037d4   Section        0  ti_msp_dl_config.o(.rodata.gLFCLKConfig)
    gSYSPLLConfig                            0x000037d8   Data          40  ti_msp_dl_config.o(.rodata.gSYSPLLConfig)
    [Anonymous Symbol]                       0x000037d8   Section        0  ti_msp_dl_config.o(.rodata.gSYSPLLConfig)
    gVREFConfig                              0x00003800   Data          12  ti_msp_dl_config.o(.rodata.gVREFConfig)
    [Anonymous Symbol]                       0x00003800   Section        0  ti_msp_dl_config.o(.rodata.gVREFConfig)
    .L.str.2                                 0x00003851   Data           9  zf_common_debug.o(.rodata.str1.1)
    [Anonymous Symbol]                       0x00003851   Section        0  zf_common_debug.o(.rodata.str1.1)
    .L.str                                   0x0000385a   Data          43  zf_common_fifo.o(.rodata.str1.1)
    [Anonymous Symbol]                       0x0000385a   Section        0  zf_common_fifo.o(.rodata.str1.1)
    .L.str                                   0x00003885   Data          43  zf_driver_gpio.o(.rodata.str1.1)
    [Anonymous Symbol]                       0x00003885   Section        0  zf_driver_gpio.o(.rodata.str1.1)
    .L.str                                   0x000038b0   Data          42  zf_driver_pit.o(.rodata.str1.1)
    [Anonymous Symbol]                       0x000038b0   Section        0  zf_driver_pit.o(.rodata.str1.1)
    .L.str                                   0x000038da   Data          42  zf_driver_pwm.o(.rodata.str1.1)
    [Anonymous Symbol]                       0x000038da   Section        0  zf_driver_pwm.o(.rodata.str1.1)
    .L.str                                   0x00003904   Data          43  zf_driver_uart.o(.rodata.str1.1)
    [Anonymous Symbol]                       0x00003904   Section        0  zf_driver_uart.o(.rodata.str1.1)
    .L.str                                   0x0000392f   Data          46  zf_driver_encoder.o(.rodata.str1.1)
    [Anonymous Symbol]                       0x0000392f   Section        0  zf_driver_encoder.o(.rodata.str1.1)
    timer_list                               0x00003960   Data          36  zf_driver_encoder.o(.rodata.timer_list)
    [Anonymous Symbol]                       0x00003960   Section        0  zf_driver_encoder.o(.rodata.timer_list)
    uart_init.uart_clock_config              0x000039a8   Data           2  zf_driver_uart.o(.rodata.uart_init.uart_clock_config)
    [Anonymous Symbol]                       0x000039a8   Section        0  zf_driver_uart.o(.rodata.uart_init.uart_clock_config)
    uart_init.uart_default_config            0x000039aa   Data          10  zf_driver_uart.o(.rodata.uart_init.uart_default_config)
    [Anonymous Symbol]                       0x000039aa   Section        0  zf_driver_uart.o(.rodata.uart_init.uart_default_config)
    uart_irq                                 0x000039b4   Data           7  zf_driver_uart.o(.rodata.uart_irq)
    [Anonymous Symbol]                       0x000039b4   Section        0  zf_driver_uart.o(.rodata.uart_irq)
    uart_list                                0x000039bc   Data          28  zf_driver_uart.o(.rodata.uart_list)
    [Anonymous Symbol]                       0x000039bc   Section        0  zf_driver_uart.o(.rodata.uart_list)
    encoder_dir                              0x20200048   Data           9  zf_driver_encoder.o(.data.encoder_dir)
    [Anonymous Symbol]                       0x20200048   Section        0  zf_driver_encoder.o(.data.encoder_dir)
    zf_debug_assert_enable                   0x20200120   Data           1  zf_common_debug.o(.data.zf_debug_assert_enable)
    [Anonymous Symbol]                       0x20200120   Section        0  zf_common_debug.o(.data.zf_debug_assert_enable)
    .bss                                     0x20200128   Section       96  libspace.o(.bss)
    debug_assert_handler.assert_nest_index   0x202001dc   Data           1  zf_common_debug.o(.bss.debug_assert_handler.assert_nest_index)
    [Anonymous Symbol]                       0x202001dc   Section        0  zf_common_debug.o(.bss.debug_assert_handler.assert_nest_index)
    debug_output_info.0                      0x202001e0   Data           2  zf_common_debug.o(.bss.debug_output_info.0)
    [Anonymous Symbol]                       0x202001e0   Section        0  zf_common_debug.o(.bss.debug_output_info.0)
    debug_output_info.1                      0x202001e4   Data           2  zf_common_debug.o(.bss.debug_output_info.1)
    [Anonymous Symbol]                       0x202001e4   Section        0  zf_common_debug.o(.bss.debug_output_info.1)
    debug_output_info.3                      0x202001e6   Data           1  zf_common_debug.o(.bss.debug_output_info.3)
    [Anonymous Symbol]                       0x202001e6   Section        0  zf_common_debug.o(.bss.debug_output_info.3)
    debug_output_info.4                      0x202001e8   Data           1  zf_common_debug.o(.bss.debug_output_info.4)
    [Anonymous Symbol]                       0x202001e8   Section        0  zf_common_debug.o(.bss.debug_output_info.4)
    debug_output_info.5                      0x202001ec   Data           4  zf_common_debug.o(.bss.debug_output_info.5)
    [Anonymous Symbol]                       0x202001ec   Section        0  zf_common_debug.o(.bss.debug_output_info.5)
    debug_output_info.6                      0x202001f0   Data           4  zf_common_debug.o(.bss.debug_output_info.6)
    [Anonymous Symbol]                       0x202001f0   Section        0  zf_common_debug.o(.bss.debug_output_info.6)
    debug_output_info.7                      0x202001f4   Data           4  zf_common_debug.o(.bss.debug_output_info.7)
    [Anonymous Symbol]                       0x202001f4   Section        0  zf_common_debug.o(.bss.debug_output_info.7)
    interrupt_nest_count                     0x202002d4   Data           4  zf_common_interrupt.o(.bss.interrupt_nest_count)
    [Anonymous Symbol]                       0x202002d4   Section        0  zf_common_interrupt.o(.bss.interrupt_nest_count)
    uart_interrupt_state                     0x20200324   Data           7  zf_driver_uart.o(.bss.uart_interrupt_state)
    [Anonymous Symbol]                       0x20200324   Section        0  zf_driver_uart.o(.bss.uart_interrupt_state)
    zf_debug_init_flag                       0x2020032b   Data           1  zf_common_debug.o(.bss.zf_debug_init_flag)
    [Anonymous Symbol]                       0x2020032b   Section        0  zf_common_debug.o(.bss.zf_debug_init_flag)
    Heap_Mem                                 0x20200330   Data        1024  startup_mspm0g351x_uvision.o(HEAP)
    HEAP                                     0x20200330   Section     1024  startup_mspm0g351x_uvision.o(HEAP)
    Stack_Mem                                0x20200730   Data        4096  startup_mspm0g351x_uvision.o(STACK)
    STACK                                    0x20200730   Section     4096  startup_mspm0g351x_uvision.o(STACK)
    __initial_sp                             0x20201730   Data           0  startup_mspm0g351x_uvision.o(STACK)

    Global Symbols

    Symbol Name                              Value     Ov Type        Size  Object(Section)

    BuildAttributes$$THM_ISAv3M$S$PE$A:L22$X:L11$S22$IEEE1$IW$~IW$USESV6$~STKCKD$USESV7$~SHL$OTIME$ROPI$IEEEX$EBA8$UX$STANDARDLIB$REQ8$PRES8$EABIv2 0x00000000   Number         0  anon$$obj.o ABSOLUTE
    __Vectors                                0x00000000   Data           4  startup_mspm0g351x_uvision.o(RESET)
    _printf_flags                            0x00000000   Number         0  printf_stubs.o ABSOLUTE
    _printf_return_value                     0x00000000   Number         0  printf_stubs.o ABSOLUTE
    _printf_sizespec                         0x00000000   Number         0  printf_stubs.o ABSOLUTE
    _printf_widthprec                        0x00000000   Number         0  printf_stubs.o ABSOLUTE
    __ARM_exceptions_init                     - Undefined Weak Reference
    __alloca_initialize                       - Undefined Weak Reference
    __arm_preinit_                            - Undefined Weak Reference
    __cpp_initialize__aeabi_                  - Undefined Weak Reference
    __cxa_finalize                            - Undefined Weak Reference
    __sigvec_lookup                           - Undefined Weak Reference
    _atexit_init                              - Undefined Weak Reference
    _call_atexit_fns                          - Undefined Weak Reference
    _clock_init                               - Undefined Weak Reference
    _fp_trap_init                             - Undefined Weak Reference
    _fp_trap_shutdown                         - Undefined Weak Reference
    _get_lc_collate                           - Undefined Weak Reference
    _get_lc_monetary                          - Undefined Weak Reference
    _get_lc_time                              - Undefined Weak Reference
    _getenv_init                              - Undefined Weak Reference
    _handle_redirection                       - Undefined Weak Reference
    _init_alloc                               - Undefined Weak Reference
    _init_user_alloc                          - Undefined Weak Reference
    _initio                                   - Undefined Weak Reference
    _mutex_acquire                            - Undefined Weak Reference
    _mutex_release                            - Undefined Weak Reference
    _printf_mbtowc                            - Undefined Weak Reference
    _printf_wc                                - Undefined Weak Reference
    _rand_init                                - Undefined Weak Reference
    _signal_finish                            - Undefined Weak Reference
    _signal_init                              - Undefined Weak Reference
    _terminate_alloc                          - Undefined Weak Reference
    _terminate_user_alloc                     - Undefined Weak Reference
    _terminateio                              - Undefined Weak Reference
    __Vectors_End                            0x000000c0   Data           0  startup_mspm0g351x_uvision.o(RESET)
    __Vectors_Size                           0x000000c0   Number         0  startup_mspm0g351x_uvision.o ABSOLUTE
    __main                                   0x000000c1   Thumb Code     8  __main.o(!!!main)
    __scatterload                            0x000000c9   Thumb Code     0  __scatter.o(!!!scatter)
    __scatterload_rt2                        0x000000c9   Thumb Code    52  __scatter.o(!!!scatter)
    __scatterload_rt2_thumb_only             0x000000c9   Thumb Code     0  __scatter.o(!!!scatter)
    __scatterload_null                       0x000000d9   Thumb Code     0  __scatter.o(!!!scatter)
    __scatterload_copy                       0x00000109   Thumb Code    26  __scatter_copy.o(!!handler_copy)
    __scatterload_zeroinit                   0x00000129   Thumb Code    28  __scatter_zi.o(!!handler_zi)
    _printf_percent                          0x00000145   Thumb Code     0  _printf_percent.o(.ARM.Collect$$_printf_percent$$00000000)
    _printf_d                                0x00000147   Thumb Code     0  _printf_d.o(.ARM.Collect$$_printf_percent$$00000009)
    _printf_s                                0x00000151   Thumb Code     0  _printf_s.o(.ARM.Collect$$_printf_percent$$00000014)
    _printf_percent_end                      0x0000015b   Thumb Code     0  _printf_percent_end.o(.ARM.Collect$$_printf_percent$$00000017)
    __rt_lib_init                            0x0000015f   Thumb Code     0  libinit.o(.ARM.Collect$$libinit$$00000000)
    __rt_lib_init_alloca_1                   0x00000161   Thumb Code     0  libinit2.o(.ARM.Collect$$libinit$$0000002E)
    __rt_lib_init_argv_1                     0x00000161   Thumb Code     0  libinit2.o(.ARM.Collect$$libinit$$0000002C)
    __rt_lib_init_atexit_1                   0x00000161   Thumb Code     0  libinit2.o(.ARM.Collect$$libinit$$0000001B)
    __rt_lib_init_clock_1                    0x00000161   Thumb Code     0  libinit2.o(.ARM.Collect$$libinit$$00000021)
    __rt_lib_init_cpp_1                      0x00000161   Thumb Code     0  libinit2.o(.ARM.Collect$$libinit$$00000032)
    __rt_lib_init_exceptions_1               0x00000161   Thumb Code     0  libinit2.o(.ARM.Collect$$libinit$$00000030)
    __rt_lib_init_fp_1                       0x00000161   Thumb Code     0  libinit2.o(.ARM.Collect$$libinit$$00000002)
    __rt_lib_init_fp_trap_1                  0x00000161   Thumb Code     0  libinit2.o(.ARM.Collect$$libinit$$0000001F)
    __rt_lib_init_getenv_1                   0x00000161   Thumb Code     0  libinit2.o(.ARM.Collect$$libinit$$00000023)
    __rt_lib_init_heap_1                     0x00000161   Thumb Code     0  libinit2.o(.ARM.Collect$$libinit$$0000000A)
    __rt_lib_init_lc_collate_1               0x00000161   Thumb Code     0  libinit2.o(.ARM.Collect$$libinit$$00000011)
    __rt_lib_init_lc_ctype_1                 0x00000161   Thumb Code     0  libinit2.o(.ARM.Collect$$libinit$$00000013)
    __rt_lib_init_lc_monetary_1              0x00000161   Thumb Code     0  libinit2.o(.ARM.Collect$$libinit$$00000015)
    __rt_lib_init_lc_numeric_1               0x00000161   Thumb Code     0  libinit2.o(.ARM.Collect$$libinit$$00000017)
    __rt_lib_init_lc_time_1                  0x00000161   Thumb Code     0  libinit2.o(.ARM.Collect$$libinit$$00000019)
    __rt_lib_init_preinit_1                  0x00000161   Thumb Code     0  libinit2.o(.ARM.Collect$$libinit$$00000004)
    __rt_lib_init_rand_1                     0x00000161   Thumb Code     0  libinit2.o(.ARM.Collect$$libinit$$0000000E)
    __rt_lib_init_return                     0x00000161   Thumb Code     0  libinit2.o(.ARM.Collect$$libinit$$00000033)
    __rt_lib_init_signal_1                   0x00000161   Thumb Code     0  libinit2.o(.ARM.Collect$$libinit$$0000001D)
    __rt_lib_init_stdio_1                    0x00000161   Thumb Code     0  libinit2.o(.ARM.Collect$$libinit$$00000025)
    __rt_lib_init_user_alloc_1               0x00000161   Thumb Code     0  libinit2.o(.ARM.Collect$$libinit$$0000000C)
    __rt_lib_shutdown                        0x00000163   Thumb Code     0  libshutdown.o(.ARM.Collect$$libshutdown$$00000000)
    __rt_lib_shutdown_cpp_1                  0x00000165   Thumb Code     0  libshutdown2.o(.ARM.Collect$$libshutdown$$00000002)
    __rt_lib_shutdown_fp_trap_1              0x00000165   Thumb Code     0  libshutdown2.o(.ARM.Collect$$libshutdown$$00000007)
    __rt_lib_shutdown_heap_1                 0x00000165   Thumb Code     0  libshutdown2.o(.ARM.Collect$$libshutdown$$0000000F)
    __rt_lib_shutdown_return                 0x00000165   Thumb Code     0  libshutdown2.o(.ARM.Collect$$libshutdown$$00000010)
    __rt_lib_shutdown_signal_1               0x00000165   Thumb Code     0  libshutdown2.o(.ARM.Collect$$libshutdown$$0000000A)
    __rt_lib_shutdown_stdio_1                0x00000165   Thumb Code     0  libshutdown2.o(.ARM.Collect$$libshutdown$$00000004)
    __rt_lib_shutdown_user_alloc_1           0x00000165   Thumb Code     0  libshutdown2.o(.ARM.Collect$$libshutdown$$0000000C)
    __rt_entry                               0x00000167   Thumb Code     0  __rtentry.o(.ARM.Collect$$rtentry$$00000000)
    __rt_entry_presh_1                       0x00000167   Thumb Code     0  __rtentry2.o(.ARM.Collect$$rtentry$$00000002)
    __rt_entry_sh                            0x00000167   Thumb Code     0  __rtentry4.o(.ARM.Collect$$rtentry$$00000004)
    __rt_entry_li                            0x0000016d   Thumb Code     0  __rtentry2.o(.ARM.Collect$$rtentry$$0000000A)
    __rt_entry_postsh_1                      0x0000016d   Thumb Code     0  __rtentry2.o(.ARM.Collect$$rtentry$$00000009)
    __rt_entry_main                          0x00000171   Thumb Code     0  __rtentry2.o(.ARM.Collect$$rtentry$$0000000D)
    __rt_entry_postli_1                      0x00000171   Thumb Code     0  __rtentry2.o(.ARM.Collect$$rtentry$$0000000C)
    __rt_exit                                0x00000179   Thumb Code     0  rtexit.o(.ARM.Collect$$rtexit$$00000000)
    __rt_exit_ls                             0x0000017b   Thumb Code     0  rtexit2.o(.ARM.Collect$$rtexit$$00000003)
    __rt_exit_prels_1                        0x0000017b   Thumb Code     0  rtexit2.o(.ARM.Collect$$rtexit$$00000002)
    __rt_exit_exit                           0x0000017f   Thumb Code     0  rtexit2.o(.ARM.Collect$$rtexit$$00000004)
    __aeabi_memcpy4                          0x00000185   Thumb Code    56  rt_memcpy.o(.emb_text)
    __aeabi_memcpy8                          0x00000185   Thumb Code     0  rt_memcpy.o(.emb_text)
    Reset_Handler                            0x000001bd   Thumb Code     4  startup_mspm0g351x_uvision.o(.text)
    NMI_Handler                              0x000001c1   Thumb Code     2  startup_mspm0g351x_uvision.o(.text)
    HardFault_Handler                        0x000001c3   Thumb Code     2  startup_mspm0g351x_uvision.o(.text)
    SVC_Handler                              0x000001c5   Thumb Code     2  startup_mspm0g351x_uvision.o(.text)
    PendSV_Handler                           0x000001c7   Thumb Code     2  startup_mspm0g351x_uvision.o(.text)
    SysTick_Handler                          0x000001c9   Thumb Code     2  startup_mspm0g351x_uvision.o(.text)
    ADC0_IRQHandler                          0x000001cb   Thumb Code     0  startup_mspm0g351x_uvision.o(.text)
    ADC1_IRQHandler                          0x000001cb   Thumb Code     0  startup_mspm0g351x_uvision.o(.text)
    AESADV_IRQHandler                        0x000001cb   Thumb Code     0  startup_mspm0g351x_uvision.o(.text)
    CANFD0_IRQHandler                        0x000001cb   Thumb Code     0  startup_mspm0g351x_uvision.o(.text)
    CANFD1_IRQHandler                        0x000001cb   Thumb Code     0  startup_mspm0g351x_uvision.o(.text)
    DAC0_IRQHandler                          0x000001cb   Thumb Code     0  startup_mspm0g351x_uvision.o(.text)
    DMA_IRQHandler                           0x000001cb   Thumb Code     0  startup_mspm0g351x_uvision.o(.text)
    Default_Handler                          0x000001cb   Thumb Code     2  startup_mspm0g351x_uvision.o(.text)
    GROUP0_IRQHandler                        0x000001cb   Thumb Code     0  startup_mspm0g351x_uvision.o(.text)
    I2C0_IRQHandler                          0x000001cb   Thumb Code     0  startup_mspm0g351x_uvision.o(.text)
    I2C1_IRQHandler                          0x000001cb   Thumb Code     0  startup_mspm0g351x_uvision.o(.text)
    I2C2_IRQHandler                          0x000001cb   Thumb Code     0  startup_mspm0g351x_uvision.o(.text)
    LFSS_IRQHandler                          0x000001cb   Thumb Code     0  startup_mspm0g351x_uvision.o(.text)
    SPI0_IRQHandler                          0x000001cb   Thumb Code     0  startup_mspm0g351x_uvision.o(.text)
    SPI1_IRQHandler                          0x000001cb   Thumb Code     0  startup_mspm0g351x_uvision.o(.text)
    SPI2_IRQHandler                          0x000001cb   Thumb Code     0  startup_mspm0g351x_uvision.o(.text)
    __user_initial_stackheap                 0x000001cd   Thumb Code    10  startup_mspm0g351x_uvision.o(.text)
    __2printf                                0x000001ed   Thumb Code    22  __2printf.o(.text)
    __2sprintf                               0x00000209   Thumb Code    40  __2sprintf.o(.text)
    _printf_str                              0x00000235   Thumb Code    82  _printf_str.o(.text)
    _printf_int_dec                          0x00000289   Thumb Code    90  _printf_dec.o(.text)
    __printf                                 0x000002f5   Thumb Code   386  __printf_flags_ss_wp.o(.text)
    strlen                                   0x0000047d   Thumb Code    62  strlen.o(.text)
    __aeabi_memcpy                           0x000004c1   Thumb Code   130  rt_memcpy.o(.text)
    __rt_memcpy                              0x000004c1   Thumb Code     0  rt_memcpy.o(.text)
    _memset_w                                0x00000543   Thumb Code    26  rt_memclr.o(.text)
    _memset                                  0x0000055d   Thumb Code    30  rt_memclr.o(.text)
    __aeabi_memclr                           0x0000057b   Thumb Code     4  rt_memclr.o(.text)
    __rt_memclr                              0x0000057b   Thumb Code     0  rt_memclr.o(.text)
    __aeabi_memclr4                          0x0000057f   Thumb Code     0  rt_memclr.o(.text)
    __aeabi_memclr8                          0x0000057f   Thumb Code     0  rt_memclr.o(.text)
    __rt_memclr_w                            0x0000057f   Thumb Code     4  rt_memclr.o(.text)
    __use_two_region_memory                  0x00000583   Thumb Code     2  heapauxi.o(.text)
    __rt_heap_escrow$2region                 0x00000585   Thumb Code     2  heapauxi.o(.text)
    __rt_heap_expand$2region                 0x00000587   Thumb Code     2  heapauxi.o(.text)
    __aeabi_dadd                             0x00000881   Thumb Code     0  daddsub.o(.text)
    _dadd                                    0x00000881   Thumb Code    26  daddsub.o(.text)
    __aeabi_dsub                             0x0000089b   Thumb Code     0  daddsub.o(.text)
    _dsub                                    0x0000089b   Thumb Code    22  daddsub.o(.text)
    __aeabi_drsub                            0x000008b1   Thumb Code     0  daddsub.o(.text)
    _drsb                                    0x000008b1   Thumb Code    28  daddsub.o(.text)
    __aeabi_ddiv                             0x000008e1   Thumb Code     0  ddiv.o(.text)
    _ddiv                                    0x000008e1   Thumb Code  1072  ddiv.o(.text)
    _drdiv                                   0x00000d11   Thumb Code    20  ddiv.o(.text)
    __aeabi_d2iz                             0x00000d29   Thumb Code     0  dfixi.o(.text)
    _dfix                                    0x00000d29   Thumb Code    98  dfixi.o(.text)
    __aeabi_i2d_normalise                    0x00000d95   Thumb Code    66  dflti.o(.text)
    __aeabi_i2d                              0x00000dd7   Thumb Code    16  dflti.o(.text)
    _dflt                                    0x00000dd7   Thumb Code     0  dflti.o(.text)
    __aeabi_ui2d                             0x00000de7   Thumb Code     6  dflti.o(.text)
    _dfltu                                   0x00000de7   Thumb Code     0  dflti.o(.text)
    __aeabi_dmul                             0x00000ded   Thumb Code     0  dmul.o(.text)
    _dmul                                    0x00000ded   Thumb Code   558  dmul.o(.text)
    __aeabi_fdiv                             0x00001035   Thumb Code     0  fdiv.o(.text)
    _fdiv                                    0x00001035   Thumb Code   334  fdiv.o(.text)
    _frdiv                                   0x00001183   Thumb Code     8  fdiv.o(.text)
    __aeabi_f2uiz                            0x00001195   Thumb Code     0  ffixui.o(.text)
    _ffixu                                   0x00001195   Thumb Code    48  ffixui.o(.text)
    __aeabi_i2f_normalise                    0x000011c5   Thumb Code    72  fflti.o(.text)
    __aeabi_i2f                              0x0000120d   Thumb Code    16  fflti.o(.text)
    _fflt                                    0x0000120d   Thumb Code     0  fflti.o(.text)
    __aeabi_ui2f                             0x0000121d   Thumb Code     6  fflti.o(.text)
    _ffltu                                   0x0000121d   Thumb Code     0  fflti.o(.text)
    _printf_int_common                       0x00001223   Thumb Code   176  _printf_intcommon.o(.text)
    _printf_char_common                      0x000012df   Thumb Code    32  _printf_char_common.o(.text)
    _sputc                                   0x00001305   Thumb Code    10  _sputc.o(.text)
    _printf_cs_common                        0x0000130f   Thumb Code    22  _printf_char.o(.text)
    _printf_char                             0x00001325   Thumb Code    16  _printf_char.o(.text)
    _printf_string                           0x00001335   Thumb Code     8  _printf_char.o(.text)
    _printf_char_file                        0x0000133d   Thumb Code    34  _printf_char_file.o(.text)
    __rt_udiv10                              0x00001365   Thumb Code    40  rtudiv10.o(.text)
    ferror                                   0x0000138d   Thumb Code     8  ferror.o(.text)
    __user_libspace                          0x00001395   Thumb Code     8  libspace.o(.text)
    __user_perproc_libspace                  0x00001395   Thumb Code     0  libspace.o(.text)
    __user_perthread_libspace                0x00001395   Thumb Code     0  libspace.o(.text)
    __user_setup_stackheap                   0x0000139d   Thumb Code    62  sys_stackheap_outer.o(.text)
    exit                                     0x000013db   Thumb Code    16  exit.o(.text)
    DL_Common_delayCycles                    0x00001415   Thumb Code    10  dl_common.o(.text.DL_Common_delayCycles)
    DL_FactoryRegion_initTrimTable           0x0000145d   Thumb Code    88  dl_factoryregion.o(.text.DL_FactoryRegion_initTrimTable)
    DL_SYSCTL_configFCC                      0x00001525   Thumb Code    20  dl_sysctl_mspm0gx51x.o(.text.DL_SYSCTL_configFCC)
    DL_SYSCTL_configSYSPLL                   0x00001539   Thumb Code   176  dl_sysctl_mspm0gx51x.o(.text.DL_SYSCTL_configSYSPLL)
    DL_SYSCTL_setHFCLKSourceHFXTParams       0x000016e5   Thumb Code    76  dl_sysctl_mspm0gx51x.o(.text.DL_SYSCTL_setHFCLKSourceHFXTParams)
    DL_SYSCTL_setLFCLKSourceLFXT             0x00001761   Thumb Code    64  dl_sysctl_mspm0gx51x.o(.text.DL_SYSCTL_setLFCLKSourceLFXT)
    DL_SYSCTL_switchMCLKfromSYSOSCtoHSCLK    0x000017e9   Thumb Code    40  dl_sysctl_mspm0gx51x.o(.text.DL_SYSCTL_switchMCLKfromSYSOSCtoHSCLK)
    DL_Timer_Count_CCP                       0x00001831   Thumb Code    88  dl_timer.o(.text.DL_Timer_Count_CCP)
    DL_Timer_enableCaptureCompareInputFilter 0x00001889   Thumb Code    20  dl_timer.o(.text.DL_Timer_enableCaptureCompareInputFilter)
    DL_Timer_setCaptureCompareCtl            0x0000190d   Thumb Code    28  dl_timer.o(.text.DL_Timer_setCaptureCompareCtl)
    DL_Timer_setCaptureCompareInput          0x00001929   Thumb Code    22  dl_timer.o(.text.DL_Timer_setCaptureCompareInput)
    DL_Timer_setCaptureCompareInputFilter    0x0000193f   Thumb Code    24  dl_timer.o(.text.DL_Timer_setCaptureCompareInputFilter)
    DL_Timer_setClockConfig                  0x00001959   Thumb Code    28  dl_timer.o(.text.DL_Timer_setClockConfig)
    DL_UART_init                             0x00001a09   Thumb Code    60  dl_uart.o(.text.DL_UART_init)
    DL_UART_setClockConfig                   0x00001ab9   Thumb Code    18  dl_uart.o(.text.DL_UART_setClockConfig)
    DL_VREF_configReference                  0x00001ae9   Thumb Code    30  dl_vref.o(.text.DL_VREF_configReference)
    GROUP1_IRQHandler                        0x00001b39   Thumb Code   120  isr.o(.text.GROUP1_IRQHandler)
    SYSCFG_DL_GPIO_init                      0x00001bb1   Thumb Code    28  ti_msp_dl_config.o(.text.SYSCFG_DL_GPIO_init)
    SYSCFG_DL_SYSCTL_CLK_init                0x00001bcd   Thumb Code    20  ti_msp_dl_config.o(.text.SYSCFG_DL_SYSCTL_CLK_init)
    SYSCFG_DL_SYSCTL_SYSPLL_init             0x00001be1   Thumb Code   104  ti_msp_dl_config.o(.text.SYSCFG_DL_SYSCTL_SYSPLL_init)
    SYSCFG_DL_SYSCTL_init                    0x00001c49   Thumb Code   108  ti_msp_dl_config.o(.text.SYSCFG_DL_SYSCTL_init)
    SYSCFG_DL_SYSTICK_init                   0x00001cb5   Thumb Code    12  ti_msp_dl_config.o(.text.SYSCFG_DL_SYSTICK_init)
    SYSCFG_DL_VREF_init                      0x00001cc1   Thumb Code    20  ti_msp_dl_config.o(.text.SYSCFG_DL_VREF_init)
    SYSCFG_DL_init                           0x00001cd5   Thumb Code    28  ti_msp_dl_config.o(.text.SYSCFG_DL_init)
    SYSCFG_DL_initPower                      0x00001cf1   Thumb Code    56  ti_msp_dl_config.o(.text.SYSCFG_DL_initPower)
    TIMA0_IRQHandler                         0x00001d29   Thumb Code    16  isr.o(.text.TIMA0_IRQHandler)
    TIMA1_IRQHandler                         0x00001d39   Thumb Code    16  isr.o(.text.TIMA1_IRQHandler)
    TIMG0_IRQHandler                         0x00001d49   Thumb Code    16  isr.o(.text.TIMG0_IRQHandler)
    TIMG12_IRQHandler                        0x00001d59   Thumb Code    16  isr.o(.text.TIMG12_IRQHandler)
    TIMG14_IRQHandler                        0x00001d69   Thumb Code    16  isr.o(.text.TIMG14_IRQHandler)
    TIMG6_IRQHandler                         0x00001d79   Thumb Code    16  isr.o(.text.TIMG6_IRQHandler)
    TIMG7_IRQHandler                         0x00001d89   Thumb Code    16  isr.o(.text.TIMG7_IRQHandler)
    TIMG8_IRQHandler                         0x00001d99   Thumb Code    16  isr.o(.text.TIMG8_IRQHandler)
    TIMG9_IRQHandler                         0x00001da9   Thumb Code    24  isr.o(.text.TIMG9_IRQHandler)
    UART0_IRQHandler                         0x00001dc1   Thumb Code    68  isr.o(.text.UART0_IRQHandler)
    UART1_IRQHandler                         0x00001e05   Thumb Code    76  isr.o(.text.UART1_IRQHandler)
    UART3_IRQHandler                         0x00001e51   Thumb Code    64  isr.o(.text.UART3_IRQHandler)
    UART4_IRQHandler                         0x00001e91   Thumb Code    60  isr.o(.text.UART4_IRQHandler)
    UART5_IRQHandler                         0x00001ecd   Thumb Code    60  isr.o(.text.UART5_IRQHandler)
    UART6_IRQHandler                         0x00001f09   Thumb Code    60  isr.o(.text.UART6_IRQHandler)
    UART7_IRQHandler                         0x00001f45   Thumb Code    68  isr.o(.text.UART7_IRQHandler)
    _sys_exit                                0x00002001   Thumb Code     2  zf_common_debug.o(.text._sys_exit)
    afio_init                                0x00002005   Thumb Code   152  zf_driver_gpio.o(.text.afio_init)
    clock_init                               0x0000209d   Thumb Code    24  zf_common_clock.o(.text.clock_init)
    debug_assert_handler                     0x00002255   Thumb Code    84  zf_common_debug.o(.text.debug_assert_handler)
    debug_init                               0x000022e5   Thumb Code    84  zf_common_debug.o(.text.debug_init)
    debug_interrupr_handler                  0x00002339   Thumb Code    32  zf_common_debug.o(.text.debug_interrupr_handler)
    debug_output_init                        0x00002649   Thumb Code    84  zf_common_debug.o(.text.debug_output_init)
    debug_output_struct_init                 0x0000269d   Thumb Code    24  zf_common_debug.o(.text.debug_output_struct_init)
    encoder_clear_count                      0x000026c1   Thumb Code    28  zf_driver_encoder.o(.text.encoder_clear_count)
    encoder_dir_init                         0x000026dd   Thumb Code   124  zf_driver_encoder.o(.text.encoder_dir_init)
    encoder_get_count                        0x00002759   Thumb Code    48  zf_driver_encoder.o(.text.encoder_get_count)
    encoder_init                             0x00002789   Thumb Code    48  encoder.o(.text.encoder_init)
    fifo_init                                0x00002801   Thumb Code    92  zf_common_fifo.o(.text.fifo_init)
    fifo_write_buffer                        0x0000285d   Thumb Code   628  zf_common_fifo.o(.text.fifo_write_buffer)
    fputc                                    0x00002ad1   Thumb Code    28  zf_common_debug.o(.text.fputc)
    get_encoder                              0x00002aed   Thumb Code    40  encoder.o(.text.get_encoder)
    gpio_get_level                           0x00002b15   Thumb Code    28  zf_driver_gpio.o(.text.gpio_get_level)
    gpio_init                                0x00002b31   Thumb Code   208  zf_driver_gpio.o(.text.gpio_init)
    gpio_set_a0_a1_output                    0x00002c01   Thumb Code    34  zf_driver_gpio.o(.text.gpio_set_a0_a1_output)
    gpio_set_level                           0x00002c25   Thumb Code    48  zf_driver_gpio.o(.text.gpio_set_level)
    interrupt_disable                        0x00002c55   Thumb Code     8  zf_common_interrupt.o(.text.interrupt_disable)
    interrupt_enable                         0x00002c5d   Thumb Code     8  zf_common_interrupt.o(.text.interrupt_enable)
    interrupt_global_disable                 0x00002c65   Thumb Code    20  zf_common_interrupt.o(.text.interrupt_global_disable)
    interrupt_global_enable                  0x00002c79   Thumb Code    28  zf_common_interrupt.o(.text.interrupt_global_enable)
    interrupt_init                           0x00002c95   Thumb Code     2  zf_common_interrupt.o(.text.interrupt_init)
    interrupt_set_priority                   0x00002c97   Thumb Code     8  zf_common_interrupt.o(.text.interrupt_set_priority)
    main                                     0x00002ca1   Thumb Code   164  main.o(.text.main)
    motor_init                               0x00002d45   Thumb Code    64  motor.o(.text.motor_init)
    motor_set                                0x00002d85   Thumb Code    92  motor.o(.text.motor_set)
    pit_enable                               0x00002de5   Thumb Code    20  zf_driver_pit.o(.text.pit_enable)
    pit_ms_init                              0x00002df9   Thumb Code    88  zf_driver_pit.o(.text.pit_ms_init)
    pit_us_init                              0x00002ed9   Thumb Code   216  zf_driver_pit.o(.text.pit_us_init)
    pwm_init                                 0x00002fb1   Thumb Code   344  zf_driver_pwm.o(.text.pwm_init)
    pwm_set_duty                             0x00003109   Thumb Code   172  zf_driver_pwm.o(.text.pwm_set_duty)
    system_delay_init                        0x000031b5   Thumb Code     2  zf_driver_delay.o(.text.system_delay_init)
    system_delay_ms                          0x000031b9   Thumb Code    48  zf_driver_delay.o(.text.system_delay_ms)
    timer_clock_enable                       0x000031e9   Thumb Code    28  zf_driver_timer.o(.text.timer_clock_enable)
    timer_funciton_check                     0x00003205   Thumb Code    28  zf_driver_timer.o(.text.timer_funciton_check)
    uart_init                                0x00003225   Thumb Code   200  zf_driver_uart.o(.text.uart_init)
    uart_query_byte                          0x000032ed   Thumb Code    52  zf_driver_uart.o(.text.uart_query_byte)
    uart_set_interrupt_config                0x00003321   Thumb Code   204  zf_driver_uart.o(.text.uart_set_interrupt_config)
    uart_write_byte                          0x000033ed   Thumb Code    32  zf_driver_uart.o(.text.uart_write_byte)
    uart_write_string                        0x0000340d   Thumb Code    72  zf_driver_uart.o(.text.uart_write_string)
    __aeabi_uidiv                            0x00003455   Thumb Code    68  aeabi_sdivfast.o(.text_divfast)
    __aeabi_idiv                             0x00003499   Thumb Code   426  aeabi_sdivfast.o(.text_divfast)
    _is_digit                                0x00003643   Thumb Code    14  __printf_wp.o(i._is_digit)
    __aeabi_fmul                             0x00003651   Thumb Code     0  fmul.o(x$fpl$fmul)
    _fmul                                    0x00003651   Thumb Code   172  fmul.o(x$fpl$fmul)
    __I$use$fp                               0x00003700   Number         0  usenofp.o(x$fpl$usenofp)
    gpio_iomux_index                         0x0000380c   Data          60  zf_driver_gpio.o(.rodata.gpio_iomux_index)
    irq_index                                0x00003848   Data           9  zf_driver_pit.o(.rodata.irq_index)
    timer_reg                                0x00003984   Data          36  zf_driver_timer.o(.rodata.timer_reg)
    Region$$Table$$Base                      0x000039d8   Number         0  anon$$obj.o(Region$$Table)
    Region$$Table$$Limit                     0x000039f8   Number         0  anon$$obj.o(Region$$Table)
    DL_FACTORYREGION_TrimTable               0x20200000   Data          68  dl_factoryregion.o(.TrimTable)
    FACTORYVALUE                             0x20200044   Data           4  dl_factoryregion.o(.data.FACTORYVALUE)
    exti_callback_list                       0x20200054   Data         128  zf_driver_exti.o(.data.exti_callback_list)
    gpio_group                               0x202000d4   Data           8  zf_driver_gpio.o(.data.gpio_group)
    pit_callback_ptr_list                    0x202000dc   Data          36  zf_driver_pit.o(.data.pit_callback_ptr_list)
    uart_callback_list                       0x20200100   Data          28  zf_driver_uart.o(.data.uart_callback_list)
    wireless_module_uart_handler             0x2020011c   Data           4  zf_device_type.o(.data.wireless_module_uart_handler)
    __libspace_start                         0x20200128   Data          96  libspace.o(.bss)
    __stdout                                 0x20200188   Data          84  zf_common_debug.o(.bss.__stdout)
    __temporary_stack_top$libspace           0x20200188   Data           0  libspace.o(.bss)
    debug_uart_buffer                        0x202001f8   Data          64  zf_common_debug.o(.bss.debug_uart_buffer)
    debug_uart_data                          0x20200238   Data           1  zf_common_debug.o(.bss.debug_uart_data)
    debug_uart_fifo                          0x20200239   Data          22  zf_common_debug.o(.bss.debug_uart_fifo)
    encoder                                  0x20200250   Data           4  encoder.o(.bss.encoder)
    exti_callback_ptr_list                   0x20200254   Data         128  zf_driver_exti.o(.bss.exti_callback_ptr_list)
    pit_callback_list                        0x202002d8   Data          36  zf_driver_pit.o(.bss.pit_callback_list)
    timer_function_state                     0x202002fc   Data           9  zf_driver_timer.o(.bss.timer_function_state)
    uart_callback_ptr_list                   0x20200308   Data          28  zf_driver_uart.o(.bss.uart_callback_ptr_list)



==============================================================================

Memory Map of the image

  Image Entry point : 0x000000c1

  Load Region LR_IROM1 (Base: 0x00000000, Size: 0x00003b20, Max: 0x00080000, ABSOLUTE)

    Execution Region ER_IROM1 (Exec base: 0x00000000, Load base: 0x00000000, Size: 0x000039f8, Max: 0x00080000, ABSOLUTE)

    Exec Addr    Load Addr    Size         Type   Attr      Idx    E Section Name        Object

    0x00000000   0x00000000   0x000000c0   Data   RO         1691    RESET               startup_mspm0g351x_uvision.o
    0x000000c0   0x000000c0   0x00000008   Code   RO         3082  * !!!main             c_p.l(__main.o)
    0x000000c8   0x000000c8   0x0000003c   Code   RO         3561    !!!scatter          c_p.l(__scatter.o)
    0x00000104   0x00000104   0x00000004   PAD
    0x00000108   0x00000108   0x0000001a   Code   RO         3563    !!handler_copy      c_p.l(__scatter_copy.o)
    0x00000122   0x00000122   0x00000006   PAD
    0x00000128   0x00000128   0x0000001c   Code   RO         3565    !!handler_zi        c_p.l(__scatter_zi.o)
    0x00000144   0x00000144   0x00000002   Code   RO         3051    .ARM.Collect$$_printf_percent$$00000000  c_p.l(_printf_percent.o)
    0x00000146   0x00000146   0x0000000a   Code   RO         3050    .ARM.Collect$$_printf_percent$$00000009  c_p.l(_printf_d.o)
    0x00000150   0x00000150   0x0000000a   Code   RO         3049    .ARM.Collect$$_printf_percent$$00000014  c_p.l(_printf_s.o)
    0x0000015a   0x0000015a   0x00000004   Code   RO         3240    .ARM.Collect$$_printf_percent$$00000017  c_p.l(_printf_percent_end.o)
    0x0000015e   0x0000015e   0x00000002   Code   RO         3413    .ARM.Collect$$libinit$$00000000  c_p.l(libinit.o)
    0x00000160   0x00000160   0x00000000   Code   RO         3439    .ARM.Collect$$libinit$$00000002  c_p.l(libinit2.o)
    0x00000160   0x00000160   0x00000000   Code   RO         3441    .ARM.Collect$$libinit$$00000004  c_p.l(libinit2.o)
    0x00000160   0x00000160   0x00000000   Code   RO         3444    .ARM.Collect$$libinit$$0000000A  c_p.l(libinit2.o)
    0x00000160   0x00000160   0x00000000   Code   RO         3446    .ARM.Collect$$libinit$$0000000C  c_p.l(libinit2.o)
    0x00000160   0x00000160   0x00000000   Code   RO         3448    .ARM.Collect$$libinit$$0000000E  c_p.l(libinit2.o)
    0x00000160   0x00000160   0x00000000   Code   RO         3451    .ARM.Collect$$libinit$$00000011  c_p.l(libinit2.o)
    0x00000160   0x00000160   0x00000000   Code   RO         3453    .ARM.Collect$$libinit$$00000013  c_p.l(libinit2.o)
    0x00000160   0x00000160   0x00000000   Code   RO         3455    .ARM.Collect$$libinit$$00000015  c_p.l(libinit2.o)
    0x00000160   0x00000160   0x00000000   Code   RO         3457    .ARM.Collect$$libinit$$00000017  c_p.l(libinit2.o)
    0x00000160   0x00000160   0x00000000   Code   RO         3459    .ARM.Collect$$libinit$$00000019  c_p.l(libinit2.o)
    0x00000160   0x00000160   0x00000000   Code   RO         3461    .ARM.Collect$$libinit$$0000001B  c_p.l(libinit2.o)
    0x00000160   0x00000160   0x00000000   Code   RO         3463    .ARM.Collect$$libinit$$0000001D  c_p.l(libinit2.o)
    0x00000160   0x00000160   0x00000000   Code   RO         3465    .ARM.Collect$$libinit$$0000001F  c_p.l(libinit2.o)
    0x00000160   0x00000160   0x00000000   Code   RO         3467    .ARM.Collect$$libinit$$00000021  c_p.l(libinit2.o)
    0x00000160   0x00000160   0x00000000   Code   RO         3469    .ARM.Collect$$libinit$$00000023  c_p.l(libinit2.o)
    0x00000160   0x00000160   0x00000000   Code   RO         3471    .ARM.Collect$$libinit$$00000025  c_p.l(libinit2.o)
    0x00000160   0x00000160   0x00000000   Code   RO         3475    .ARM.Collect$$libinit$$0000002C  c_p.l(libinit2.o)
    0x00000160   0x00000160   0x00000000   Code   RO         3477    .ARM.Collect$$libinit$$0000002E  c_p.l(libinit2.o)
    0x00000160   0x00000160   0x00000000   Code   RO         3479    .ARM.Collect$$libinit$$00000030  c_p.l(libinit2.o)
    0x00000160   0x00000160   0x00000000   Code   RO         3481    .ARM.Collect$$libinit$$00000032  c_p.l(libinit2.o)
    0x00000160   0x00000160   0x00000002   Code   RO         3482    .ARM.Collect$$libinit$$00000033  c_p.l(libinit2.o)
    0x00000162   0x00000162   0x00000002   Code   RO         3514    .ARM.Collect$$libshutdown$$00000000  c_p.l(libshutdown.o)
    0x00000164   0x00000164   0x00000000   Code   RO         3545    .ARM.Collect$$libshutdown$$00000002  c_p.l(libshutdown2.o)
    0x00000164   0x00000164   0x00000000   Code   RO         3547    .ARM.Collect$$libshutdown$$00000004  c_p.l(libshutdown2.o)
    0x00000164   0x00000164   0x00000000   Code   RO         3550    .ARM.Collect$$libshutdown$$00000007  c_p.l(libshutdown2.o)
    0x00000164   0x00000164   0x00000000   Code   RO         3553    .ARM.Collect$$libshutdown$$0000000A  c_p.l(libshutdown2.o)
    0x00000164   0x00000164   0x00000000   Code   RO         3555    .ARM.Collect$$libshutdown$$0000000C  c_p.l(libshutdown2.o)
    0x00000164   0x00000164   0x00000000   Code   RO         3558    .ARM.Collect$$libshutdown$$0000000F  c_p.l(libshutdown2.o)
    0x00000164   0x00000164   0x00000002   Code   RO         3559    .ARM.Collect$$libshutdown$$00000010  c_p.l(libshutdown2.o)
    0x00000166   0x00000166   0x00000000   Code   RO         3172    .ARM.Collect$$rtentry$$00000000  c_p.l(__rtentry.o)
    0x00000166   0x00000166   0x00000000   Code   RO         3324    .ARM.Collect$$rtentry$$00000002  c_p.l(__rtentry2.o)
    0x00000166   0x00000166   0x00000006   Code   RO         3336    .ARM.Collect$$rtentry$$00000004  c_p.l(__rtentry4.o)
    0x0000016c   0x0000016c   0x00000000   Code   RO         3326    .ARM.Collect$$rtentry$$00000009  c_p.l(__rtentry2.o)
    0x0000016c   0x0000016c   0x00000004   Code   RO         3327    .ARM.Collect$$rtentry$$0000000A  c_p.l(__rtentry2.o)
    0x00000170   0x00000170   0x00000000   Code   RO         3329    .ARM.Collect$$rtentry$$0000000C  c_p.l(__rtentry2.o)
    0x00000170   0x00000170   0x00000008   Code   RO         3330    .ARM.Collect$$rtentry$$0000000D  c_p.l(__rtentry2.o)
    0x00000178   0x00000178   0x00000002   Code   RO         3423    .ARM.Collect$$rtexit$$00000000  c_p.l(rtexit.o)
    0x0000017a   0x0000017a   0x00000000   Code   RO         3486    .ARM.Collect$$rtexit$$00000002  c_p.l(rtexit2.o)
    0x0000017a   0x0000017a   0x00000004   Code   RO         3487    .ARM.Collect$$rtexit$$00000003  c_p.l(rtexit2.o)
    0x0000017e   0x0000017e   0x00000006   Code   RO         3488    .ARM.Collect$$rtexit$$00000004  c_p.l(rtexit2.o)
    0x00000184   0x00000184   0x00000038   Code   RO         3062    .emb_text           c_p.l(rt_memcpy.o)
    0x000001bc   0x000001bc   0x00000030   Code   RO         1692    .text               startup_mspm0g351x_uvision.o
    0x000001ec   0x000001ec   0x0000001c   Code   RO         3015    .text               c_p.l(__2printf.o)
    0x00000208   0x00000208   0x0000002c   Code   RO         3017    .text               c_p.l(__2sprintf.o)
    0x00000234   0x00000234   0x00000052   Code   RO         3025    .text               c_p.l(_printf_str.o)
    0x00000286   0x00000286   0x00000002   PAD
    0x00000288   0x00000288   0x0000006c   Code   RO         3027    .text               c_p.l(_printf_dec.o)
    0x000002f4   0x000002f4   0x00000188   Code   RO         3046    .text               c_p.l(__printf_flags_ss_wp.o)
    0x0000047c   0x0000047c   0x00000044   Code   RO         3058    .text               c_p.l(strlen.o)
    0x000004c0   0x000004c0   0x00000082   Code   RO         3063    .text               c_p.l(rt_memcpy.o)
    0x00000542   0x00000542   0x00000040   Code   RO         3070    .text               c_p.l(rt_memclr.o)
    0x00000582   0x00000582   0x00000006   Code   RO         3080    .text               c_p.l(heapauxi.o)
    0x00000588   0x00000588   0x00000358   Code   RO         3084    .text               fz_ps.l(daddsub.o)
    0x000008e0   0x000008e0   0x00000448   Code   RO         3098    .text               fz_ps.l(ddiv.o)
    0x00000d28   0x00000d28   0x0000006c   Code   RO         3101    .text               fz_ps.l(dfixi.o)
    0x00000d94   0x00000d94   0x00000058   Code   RO         3105    .text               fz_ps.l(dflti.o)
    0x00000dec   0x00000dec   0x00000248   Code   RO         3107    .text               fz_ps.l(dmul.o)
    0x00001034   0x00001034   0x00000160   Code   RO         3129    .text               fz_ps.l(fdiv.o)
    0x00001194   0x00001194   0x00000030   Code   RO         3134    .text               fz_ps.l(ffixui.o)
    0x000011c4   0x000011c4   0x0000005e   Code   RO         3136    .text               fz_ps.l(fflti.o)
    0x00001222   0x00001222   0x000000b0   Code   RO         3183    .text               c_p.l(_printf_intcommon.o)
    0x000012d2   0x000012d2   0x00000002   PAD
    0x000012d4   0x000012d4   0x00000030   Code   RO         3187    .text               c_p.l(_printf_char_common.o)
    0x00001304   0x00001304   0x0000000a   Code   RO         3189    .text               c_p.l(_sputc.o)
    0x0000130e   0x0000130e   0x0000002e   Code   RO         3193    .text               c_p.l(_printf_char.o)
    0x0000133c   0x0000133c   0x00000028   Code   RO         3195    .text               c_p.l(_printf_char_file.o)
    0x00001364   0x00001364   0x00000028   Code   RO         3250    .text               c_p.l(rtudiv10.o)
    0x0000138c   0x0000138c   0x00000008   Code   RO         3358    .text               c_p.l(ferror.o)
    0x00001394   0x00001394   0x00000008   Code   RO         3374    .text               c_p.l(libspace.o)
    0x0000139c   0x0000139c   0x0000003e   Code   RO         3377    .text               c_p.l(sys_stackheap_outer.o)
    0x000013da   0x000013da   0x00000010   Code   RO         3402    .text               c_p.l(exit.o)
    0x000013ea   0x000013ea   0x00000002   PAD
    0x000013ec   0x000013ec   0x0000000c   Code   RO          107    .text.DL_ADC12_enablePower  zf_common_clock.o
    0x000013f8   0x000013f8   0x00000008   Code   RO          105    .text.DL_ADC12_reset  zf_common_clock.o
    0x00001400   0x00001400   0x00000008   Code   RO         2928    .text.DL_CORE_configInstruction  dl_sysctl_mspm0gx51x.o
    0x00001408   0x00001408   0x0000000c   Code   RO         2926    .text.DL_CORE_getInstructionConfig  dl_sysctl_mspm0gx51x.o
    0x00001414   0x00001414   0x0000000a   Code   RO         1802    .text.DL_Common_delayCycles  dl_common.o
    0x0000141e   0x0000141e   0x0000000c   Code   RO          666    .text.DL_Common_updateReg  zf_driver_uart.o
    0x0000142a   0x0000142a   0x0000000c   Code   RO         1676    .text.DL_Common_updateReg  ti_msp_dl_config.o
    0x00001436   0x00001436   0x0000000c   Code   RO         2727    .text.DL_Common_updateReg  dl_timer.o
    0x00001442   0x00001442   0x0000000c   Code   RO         2845    .text.DL_Common_updateReg  dl_uart.o
    0x0000144e   0x0000144e   0x0000000c   Code   RO         2924    .text.DL_Common_updateReg  dl_sysctl_mspm0gx51x.o
    0x0000145a   0x0000145a   0x00000002   PAD
    0x0000145c   0x0000145c   0x00000058   Code   RO         2993    .text.DL_FactoryRegion_initTrimTable  dl_factoryregion.o
    0x000014b4   0x000014b4   0x00000018   Code   RO         2920    .text.DL_FactoryRegion_isTrimTableInSram  dl_sysctl_mspm0gx51x.o
    0x000014cc   0x000014cc   0x0000000c   Code   RO           91    .text.DL_GPIO_enablePower  zf_common_clock.o
    0x000014d8   0x000014d8   0x0000000c   Code   RO         1632    .text.DL_GPIO_enablePower  ti_msp_dl_config.o
    0x000014e4   0x000014e4   0x00000010   Code   RO         1636    .text.DL_GPIO_initPeripheralAnalogFunction  ti_msp_dl_config.o
    0x000014f4   0x000014f4   0x00000008   Code   RO           89    .text.DL_GPIO_reset  zf_common_clock.o
    0x000014fc   0x000014fc   0x00000008   Code   RO         1628    .text.DL_GPIO_reset  ti_msp_dl_config.o
    0x00001504   0x00001504   0x00000010   Code   RO          103    .text.DL_SPI_enablePower  zf_common_clock.o
    0x00001514   0x00001514   0x00000010   Code   RO          101    .text.DL_SPI_reset  zf_common_clock.o
    0x00001524   0x00001524   0x00000014   Code   RO         2958    .text.DL_SYSCTL_configFCC  dl_sysctl_mspm0gx51x.o
    0x00001538   0x00001538   0x000000b0   Code   RO         2916    .text.DL_SYSCTL_configSYSPLL  dl_sysctl_mspm0gx51x.o
    0x000015e8   0x000015e8   0x00000010   Code   RO         2956    .text.DL_SYSCTL_disableHFCLKStartupMonitor  dl_sysctl_mspm0gx51x.o
    0x000015f8   0x000015f8   0x0000000c   Code   RO         1654    .text.DL_SYSCTL_disableHFXT  ti_msp_dl_config.o
    0x00001604   0x00001604   0x0000000c   Code   RO         2946    .text.DL_SYSCTL_disableHFXT  dl_sysctl_mspm0gx51x.o
    0x00001610   0x00001610   0x00000010   Code   RO         1656    .text.DL_SYSCTL_disableSYSPLL  ti_msp_dl_config.o
    0x00001620   0x00001620   0x00000010   Code   RO         2918    .text.DL_SYSCTL_disableSYSPLL  dl_sysctl_mspm0gx51x.o
    0x00001630   0x00001630   0x00000010   Code   RO         2952    .text.DL_SYSCTL_enableHFCLKStartupMonitor  dl_sysctl_mspm0gx51x.o
    0x00001640   0x00001640   0x00000010   Code   RO         1666    .text.DL_SYSCTL_enableMFCLK  ti_msp_dl_config.o
    0x00001650   0x00001650   0x00000010   Code   RO         1668    .text.DL_SYSCTL_enableMFPCLK  ti_msp_dl_config.o
    0x00001660   0x00001660   0x00000010   Code   RO         1658    .text.DL_SYSCTL_enableSYSPLL  ti_msp_dl_config.o
    0x00001670   0x00001670   0x00000008   Code   RO         1660    .text.DL_SYSCTL_getClockStatus  ti_msp_dl_config.o
    0x00001678   0x00001678   0x0000000c   Code   RO         2922    .text.DL_SYSCTL_getClockStatus  dl_sysctl_mspm0gx51x.o
    0x00001684   0x00001684   0x00000010   Code   RO         1644    .text.DL_SYSCTL_isFCCDone  ti_msp_dl_config.o
    0x00001694   0x00001694   0x0000000c   Code   RO         1646    .text.DL_SYSCTL_readFCC  ti_msp_dl_config.o
    0x000016a0   0x000016a0   0x0000000c   Code   RO         1648    .text.DL_SYSCTL_setBORThreshold  ti_msp_dl_config.o
    0x000016ac   0x000016ac   0x00000010   Code   RO         1640    .text.DL_SYSCTL_setFCCPeriods  ti_msp_dl_config.o
    0x000016bc   0x000016bc   0x00000014   Code   RO         1650    .text.DL_SYSCTL_setFlashWaitState  ti_msp_dl_config.o
    0x000016d0   0x000016d0   0x00000014   Code   RO         1664    .text.DL_SYSCTL_setHFCLKDividerForMFPCLK  ti_msp_dl_config.o
    0x000016e4   0x000016e4   0x0000004c   Code   RO         2954    .text.DL_SYSCTL_setHFCLKSourceHFXTParams  dl_sysctl_mspm0gx51x.o
    0x00001730   0x00001730   0x00000010   Code   RO         2948    .text.DL_SYSCTL_setHFXTFrequencyRange  dl_sysctl_mspm0gx51x.o
    0x00001740   0x00001740   0x00000014   Code   RO         2950    .text.DL_SYSCTL_setHFXTStartupTime  dl_sysctl_mspm0gx51x.o
    0x00001754   0x00001754   0x0000000c   Code   RO         2940    .text.DL_SYSCTL_setHSCLKSource  dl_sysctl_mspm0gx51x.o
    0x00001760   0x00001760   0x00000040   Code   RO         2930    .text.DL_SYSCTL_setLFCLKSourceLFXT  dl_sysctl_mspm0gx51x.o
    0x000017a0   0x000017a0   0x00000014   Code   RO         1670    .text.DL_SYSCTL_setMFPCLKSource  ti_msp_dl_config.o
    0x000017b4   0x000017b4   0x00000014   Code   RO         1652    .text.DL_SYSCTL_setSYSOSCFreq  ti_msp_dl_config.o
    0x000017c8   0x000017c8   0x00000010   Code   RO         1662    .text.DL_SYSCTL_setULPCLKDivider  ti_msp_dl_config.o
    0x000017d8   0x000017d8   0x00000010   Code   RO         1642    .text.DL_SYSCTL_startFCC  ti_msp_dl_config.o
    0x000017e8   0x000017e8   0x00000028   Code   RO         2938    .text.DL_SYSCTL_switchMCLKfromSYSOSCtoHSCLK  dl_sysctl_mspm0gx51x.o
    0x00001810   0x00001810   0x0000000c   Code   RO         1674    .text.DL_SYSTICK_enable  ti_msp_dl_config.o
    0x0000181c   0x0000181c   0x00000014   Code   RO         1672    .text.DL_SYSTICK_init  ti_msp_dl_config.o
    0x00001830   0x00001830   0x00000058   Code   RO         2729    .text.DL_Timer_Count_CCP  dl_timer.o
    0x00001888   0x00001888   0x00000014   Code   RO         2789    .text.DL_Timer_enableCaptureCompareInputFilter  dl_timer.o
    0x0000189c   0x0000189c   0x00000008   Code   RO          730    .text.DL_Timer_enableClock  zf_driver_encoder.o
    0x000018a4   0x000018a4   0x00000010   Code   RO           95    .text.DL_Timer_enablePower  zf_common_clock.o
    0x000018b4   0x000018b4   0x0000003e   Code   RO         2721    .text.DL_Timer_getInChanConfig  dl_timer.o
    0x000018f2   0x000018f2   0x00000008   Code   RO          714    .text.DL_Timer_getTimerCount  zf_driver_encoder.o
    0x000018fa   0x000018fa   0x00000002   PAD
    0x000018fc   0x000018fc   0x00000008   Code   RO           93    .text.DL_Timer_reset  zf_common_clock.o
    0x00001904   0x00001904   0x00000008   Code   RO         2725    .text.DL_Timer_setCCPDirection  dl_timer.o
    0x0000190c   0x0000190c   0x0000001c   Code   RO         2717    .text.DL_Timer_setCaptureCompareCtl  dl_timer.o
    0x00001928   0x00001928   0x00000016   Code   RO         2723    .text.DL_Timer_setCaptureCompareInput  dl_timer.o
    0x0000193e   0x0000193e   0x00000018   Code   RO         2785    .text.DL_Timer_setCaptureCompareInputFilter  dl_timer.o
    0x00001956   0x00001956   0x00000002   PAD
    0x00001958   0x00001958   0x0000001c   Code   RO         2705    .text.DL_Timer_setClockConfig  dl_timer.o
    0x00001974   0x00001974   0x0000000c   Code   RO         2711    .text.DL_Timer_setLoadValue  dl_timer.o
    0x00001980   0x00001980   0x0000000a   Code   RO          720    .text.DL_Timer_setTimerCount  zf_driver_encoder.o
    0x0000198a   0x0000198a   0x00000002   PAD
    0x0000198c   0x0000198c   0x0000000c   Code   RO          722    .text.DL_Timer_startCounter  zf_driver_encoder.o
    0x00001998   0x00001998   0x00000010   Code   RO          718    .text.DL_Timer_stopCounter  zf_driver_encoder.o
    0x000019a8   0x000019a8   0x0000000c   Code   RO           60    .text.DL_UART_clearInterruptStatus  isr.o
    0x000019b4   0x000019b4   0x0000000e   Code   RO         2843    .text.DL_UART_disable  dl_uart.o
    0x000019c2   0x000019c2   0x00000002   PAD
    0x000019c4   0x000019c4   0x0000000c   Code   RO          654    .text.DL_UART_disableInterrupt  zf_driver_uart.o
    0x000019d0   0x000019d0   0x0000000e   Code   RO          664    .text.DL_UART_enable  zf_driver_uart.o
    0x000019de   0x000019de   0x00000002   PAD
    0x000019e0   0x000019e0   0x00000010   Code   RO          656    .text.DL_UART_enableInterrupt  zf_driver_uart.o
    0x000019f0   0x000019f0   0x0000000c   Code   RO           99    .text.DL_UART_enablePower  zf_common_clock.o
    0x000019fc   0x000019fc   0x0000000a   Code   RO           58    .text.DL_UART_getPendingInterrupt  isr.o
    0x00001a06   0x00001a06   0x00000002   PAD
    0x00001a08   0x00001a08   0x0000003c   Code   RO         2841    .text.DL_UART_init  dl_uart.o
    0x00001a44   0x00001a44   0x0000000c   Code   RO          634    .text.DL_UART_isBusy  zf_driver_uart.o
    0x00001a50   0x00001a50   0x00000010   Code   RO          644    .text.DL_UART_isRXFIFOEmpty  zf_driver_uart.o
    0x00001a60   0x00001a60   0x0000000c   Code   RO          646    .text.DL_UART_receiveData  zf_driver_uart.o
    0x00001a6c   0x00001a6c   0x00000010   Code   RO           97    .text.DL_UART_reset  zf_common_clock.o
    0x00001a7c   0x00001a7c   0x0000003c   Code   RO          662    .text.DL_UART_setBaudRateDivisor  zf_driver_uart.o
    0x00001ab8   0x00001ab8   0x00000012   Code   RO         2847    .text.DL_UART_setClockConfig  dl_uart.o
    0x00001aca   0x00001aca   0x00000016   Code   RO          660    .text.DL_UART_setOversampling  zf_driver_uart.o
    0x00001ae0   0x00001ae0   0x00000008   Code   RO          636    .text.DL_UART_transmitData  zf_driver_uart.o
    0x00001ae8   0x00001ae8   0x0000001e   Code   RO         2900    .text.DL_VREF_configReference  dl_vref.o
    0x00001b06   0x00001b06   0x00000002   PAD
    0x00001b08   0x00001b08   0x00000008   Code   RO          111    .text.DL_VREF_enablePower  zf_common_clock.o
    0x00001b10   0x00001b10   0x00000010   Code   RO         1634    .text.DL_VREF_enablePower  ti_msp_dl_config.o
    0x00001b20   0x00001b20   0x00000008   Code   RO          109    .text.DL_VREF_reset  zf_common_clock.o
    0x00001b28   0x00001b28   0x00000010   Code   RO         1630    .text.DL_VREF_reset  ti_msp_dl_config.o
    0x00001b38   0x00001b38   0x00000078   Code   RO           74    .text.GROUP1_IRQHandler  isr.o
    0x00001bb0   0x00001bb0   0x0000001c   Code   RO         1618    .text.SYSCFG_DL_GPIO_init  ti_msp_dl_config.o
    0x00001bcc   0x00001bcc   0x00000014   Code   RO         1626    .text.SYSCFG_DL_SYSCTL_CLK_init  ti_msp_dl_config.o
    0x00001be0   0x00001be0   0x00000068   Code   RO         1638    .text.SYSCFG_DL_SYSCTL_SYSPLL_init  ti_msp_dl_config.o
    0x00001c48   0x00001c48   0x0000006c   Code   RO         1620    .text.SYSCFG_DL_SYSCTL_init  ti_msp_dl_config.o
    0x00001cb4   0x00001cb4   0x0000000c   Code   RO         1624    .text.SYSCFG_DL_SYSTICK_init  ti_msp_dl_config.o
    0x00001cc0   0x00001cc0   0x00000014   Code   RO         1622    .text.SYSCFG_DL_VREF_init  ti_msp_dl_config.o
    0x00001cd4   0x00001cd4   0x0000001c   Code   RO         1614    .text.SYSCFG_DL_init  ti_msp_dl_config.o
    0x00001cf0   0x00001cf0   0x00000038   Code   RO         1616    .text.SYSCFG_DL_initPower  ti_msp_dl_config.o
    0x00001d28   0x00001d28   0x00000010   Code   RO           38    .text.TIMA0_IRQHandler  isr.o
    0x00001d38   0x00001d38   0x00000010   Code   RO           40    .text.TIMA1_IRQHandler  isr.o
    0x00001d48   0x00001d48   0x00000010   Code   RO           42    .text.TIMG0_IRQHandler  isr.o
    0x00001d58   0x00001d58   0x00000010   Code   RO           52    .text.TIMG12_IRQHandler  isr.o
    0x00001d68   0x00001d68   0x00000010   Code   RO           54    .text.TIMG14_IRQHandler  isr.o
    0x00001d78   0x00001d78   0x00000010   Code   RO           44    .text.TIMG6_IRQHandler  isr.o
    0x00001d88   0x00001d88   0x00000010   Code   RO           46    .text.TIMG7_IRQHandler  isr.o
    0x00001d98   0x00001d98   0x00000010   Code   RO           48    .text.TIMG8_IRQHandler  isr.o
    0x00001da8   0x00001da8   0x00000018   Code   RO           50    .text.TIMG9_IRQHandler  isr.o
    0x00001dc0   0x00001dc0   0x00000044   Code   RO           56    .text.UART0_IRQHandler  isr.o
    0x00001e04   0x00001e04   0x0000004c   Code   RO           62    .text.UART1_IRQHandler  isr.o
    0x00001e50   0x00001e50   0x00000040   Code   RO           64    .text.UART3_IRQHandler  isr.o
    0x00001e90   0x00001e90   0x0000003c   Code   RO           66    .text.UART4_IRQHandler  isr.o
    0x00001ecc   0x00001ecc   0x0000003c   Code   RO           68    .text.UART5_IRQHandler  isr.o
    0x00001f08   0x00001f08   0x0000003c   Code   RO           70    .text.UART6_IRQHandler  isr.o
    0x00001f44   0x00001f44   0x00000044   Code   RO           72    .text.UART7_IRQHandler  isr.o
    0x00001f88   0x00001f88   0x00000020   Code   RO          273    .text.__NVIC_DisableIRQ  zf_common_interrupt.o
    0x00001fa8   0x00001fa8   0x00000018   Code   RO          269    .text.__NVIC_EnableIRQ  zf_common_interrupt.o
    0x00001fc0   0x00001fc0   0x00000040   Code   RO          277    .text.__NVIC_SetPriority  zf_common_interrupt.o
    0x00002000   0x00002000   0x00000002   Code   RO          130    .text._sys_exit     zf_common_debug.o
    0x00002002   0x00002002   0x00000002   PAD
    0x00002004   0x00002004   0x00000098   Code   RO          421    .text.afio_init     zf_driver_gpio.o
    0x0000209c   0x0000209c   0x00000018   Code   RO           85    .text.clock_init    zf_common_clock.o
    0x000020b4   0x000020b4   0x000001a0   Code   RO           87    .text.clock_reset   zf_common_clock.o
    0x00002254   0x00002254   0x00000054   Code   RO          140    .text.debug_assert_handler  zf_common_debug.o
    0x000022a8   0x000022a8   0x0000003a   Code   RO          144    .text.debug_delay   zf_common_debug.o
    0x000022e2   0x000022e2   0x00000002   PAD
    0x000022e4   0x000022e4   0x00000054   Code   RO          152    .text.debug_init    zf_common_debug.o
    0x00002338   0x00002338   0x00000020   Code   RO          128    .text.debug_interrupr_handler  zf_common_debug.o
    0x00002358   0x00002358   0x000002f0   Code   RO          142    .text.debug_output  zf_common_debug.o
    0x00002648   0x00002648   0x00000054   Code   RO          150    .text.debug_output_init  zf_common_debug.o
    0x0000269c   0x0000269c   0x00000018   Code   RO          148    .text.debug_output_struct_init  zf_common_debug.o
    0x000026b4   0x000026b4   0x0000000c   Code   RO          154    .text.debug_uart_str_output  zf_common_debug.o
    0x000026c0   0x000026c0   0x0000001c   Code   RO          716    .text.encoder_clear_count  zf_driver_encoder.o
    0x000026dc   0x000026dc   0x0000007c   Code   RO          732    .text.encoder_dir_init  zf_driver_encoder.o
    0x00002758   0x00002758   0x00000030   Code   RO          712    .text.encoder_get_count  zf_driver_encoder.o
    0x00002788   0x00002788   0x00000030   Code   RO            4    .text.encoder_init  encoder.o
    0x000027b8   0x000027b8   0x00000002   Code   RO          390    .text.exti_callbakc_defalut  zf_driver_exti.o
    0x000027ba   0x000027ba   0x00000046   Code   RO          186    .text.fifo_head_offset  zf_common_fifo.o
    0x00002800   0x00002800   0x0000005c   Code   RO          198    .text.fifo_init     zf_common_fifo.o
    0x0000285c   0x0000285c   0x00000274   Code   RO          188    .text.fifo_write_buffer  zf_common_fifo.o
    0x00002ad0   0x00002ad0   0x0000001c   Code   RO          132    .text.fputc         zf_common_debug.o
    0x00002aec   0x00002aec   0x00000028   Code   RO            2    .text.get_encoder   encoder.o
    0x00002b14   0x00002b14   0x0000001c   Code   RO          415    .text.gpio_get_level  zf_driver_gpio.o
    0x00002b30   0x00002b30   0x000000d0   Code   RO          411    .text.gpio_init     zf_driver_gpio.o
    0x00002c00   0x00002c00   0x00000022   Code   RO          409    .text.gpio_set_a0_a1_output  zf_driver_gpio.o
    0x00002c22   0x00002c22   0x00000002   PAD
    0x00002c24   0x00002c24   0x00000030   Code   RO          413    .text.gpio_set_level  zf_driver_gpio.o
    0x00002c54   0x00002c54   0x00000008   Code   RO          271    .text.interrupt_disable  zf_common_interrupt.o
    0x00002c5c   0x00002c5c   0x00000008   Code   RO          267    .text.interrupt_enable  zf_common_interrupt.o
    0x00002c64   0x00002c64   0x00000014   Code   RO          265    .text.interrupt_global_disable  zf_common_interrupt.o
    0x00002c78   0x00002c78   0x0000001c   Code   RO          263    .text.interrupt_global_enable  zf_common_interrupt.o
    0x00002c94   0x00002c94   0x00000002   Code   RO          279    .text.interrupt_init  zf_common_interrupt.o
    0x00002c96   0x00002c96   0x00000008   Code   RO          275    .text.interrupt_set_priority  zf_common_interrupt.o
    0x00002c9e   0x00002c9e   0x00000002   PAD
    0x00002ca0   0x00002ca0   0x000000a4   Code   RO           28    .text.main          main.o
    0x00002d44   0x00002d44   0x00000040   Code   RO           15    .text.motor_init    motor.o
    0x00002d84   0x00002d84   0x0000005c   Code   RO           17    .text.motor_set     motor.o
    0x00002de0   0x00002de0   0x00000002   Code   RO          435    .text.pit_callbakc_defalut  zf_driver_pit.o
    0x00002de2   0x00002de2   0x00000002   PAD
    0x00002de4   0x00002de4   0x00000014   Code   RO          437    .text.pit_enable    zf_driver_pit.o
    0x00002df8   0x00002df8   0x00000058   Code   RO          447    .text.pit_ms_init   zf_driver_pit.o
    0x00002e50   0x00002e50   0x00000088   Code   RO          445    .text.pit_set_div   zf_driver_pit.o
    0x00002ed8   0x00002ed8   0x000000d8   Code   RO          443    .text.pit_us_init   zf_driver_pit.o
    0x00002fb0   0x00002fb0   0x00000158   Code   RO          464    .text.pwm_init      zf_driver_pwm.o
    0x00003108   0x00003108   0x000000ac   Code   RO          462    .text.pwm_set_duty  zf_driver_pwm.o
    0x000031b4   0x000031b4   0x00000002   Code   RO          379    .text.system_delay_init  zf_driver_delay.o
    0x000031b6   0x000031b6   0x00000002   PAD
    0x000031b8   0x000031b8   0x00000030   Code   RO          375    .text.system_delay_ms  zf_driver_delay.o
    0x000031e8   0x000031e8   0x0000001c   Code   RO          606    .text.timer_clock_enable  zf_driver_timer.o
    0x00003204   0x00003204   0x0000001c   Code   RO          604    .text.timer_funciton_check  zf_driver_timer.o
    0x00003220   0x00003220   0x00000002   Code   RO         1324    .text.type_default_callback  zf_device_type.o
    0x00003222   0x00003222   0x00000002   Code   RO          630    .text.uart_callbakc_defalut  zf_driver_uart.o
    0x00003224   0x00003224   0x000000c8   Code   RO          658    .text.uart_init     zf_driver_uart.o
    0x000032ec   0x000032ec   0x00000034   Code   RO          648    .text.uart_query_byte  zf_driver_uart.o
    0x00003320   0x00003320   0x000000cc   Code   RO          652    .text.uart_set_interrupt_config  zf_driver_uart.o
    0x000033ec   0x000033ec   0x00000020   Code   RO          632    .text.uart_write_byte  zf_driver_uart.o
    0x0000340c   0x0000340c   0x00000048   Code   RO          640    .text.uart_write_string  zf_driver_uart.o
    0x00003454   0x00003454   0x000001ee   Code   RO         3073    .text_divfast       c_p.l(aeabi_sdivfast.o)
    0x00003642   0x00003642   0x0000000e   Code   RO         3039    i._is_digit         c_p.l(__printf_wp.o)
    0x00003650   0x00003650   0x000000b0   Code   RO         3138    x$fpl$fmul          fz_ps.l(fmul.o)
    0x00003700   0x00003700   0x00000000   Code   RO         3276    x$fpl$usenofp       fz_ps.l(usenofp.o)
    0x00003700   0x00003700   0x00000011   Data   RO         3047    .constdata          c_p.l(__printf_flags_ss_wp.o)
    0x00003711   0x00003711   0x00000080   Data   RO         3099    .constdata          fz_ps.l(ddiv.o)
    0x00003791   0x00003791   0x00000040   Data   RO         3130    .constdata          fz_ps.l(fdiv.o)
    0x000037d1   0x000037d1   0x00000003   Data   RO          737    .rodata.gCAPTURE_0ClockConfig  zf_driver_encoder.o
    0x000037d4   0x000037d4   0x00000003   Data   RO         1679    .rodata.gLFCLKConfig  ti_msp_dl_config.o
    0x000037d7   0x000037d7   0x00000001   PAD
    0x000037d8   0x000037d8   0x00000028   Data   RO         1678    .rodata.gSYSPLLConfig  ti_msp_dl_config.o
    0x00003800   0x00003800   0x0000000c   Data   RO         1680    .rodata.gVREFConfig  ti_msp_dl_config.o
    0x0000380c   0x0000380c   0x0000003c   Data   RO          424    .rodata.gpio_iomux_index  zf_driver_gpio.o
    0x00003848   0x00003848   0x00000009   Data   RO          449    .rodata.irq_index   zf_driver_pit.o
    0x00003851   0x00003851   0x00000009   Data   RO          163    .rodata.str1.1      zf_common_debug.o
    0x0000385a   0x0000385a   0x0000002b   Data   RO          200    .rodata.str1.1      zf_common_fifo.o
    0x00003885   0x00003885   0x0000002b   Data   RO          425    .rodata.str1.1      zf_driver_gpio.o
    0x000038b0   0x000038b0   0x0000002a   Data   RO          452    .rodata.str1.1      zf_driver_pit.o
    0x000038da   0x000038da   0x0000002a   Data   RO          466    .rodata.str1.1      zf_driver_pwm.o
    0x00003904   0x00003904   0x0000002b   Data   RO          671    .rodata.str1.1      zf_driver_uart.o
    0x0000392f   0x0000392f   0x0000002e   Data   RO          736    .rodata.str1.1      zf_driver_encoder.o
    0x0000395d   0x0000395d   0x00000003   PAD
    0x00003960   0x00003960   0x00000024   Data   RO          734    .rodata.timer_list  zf_driver_encoder.o
    0x00003984   0x00003984   0x00000024   Data   RO          619    .rodata.timer_reg   zf_driver_timer.o
    0x000039a8   0x000039a8   0x00000002   Data   RO          674    .rodata.uart_init.uart_clock_config  zf_driver_uart.o
    0x000039aa   0x000039aa   0x0000000a   Data   RO          675    .rodata.uart_init.uart_default_config  zf_driver_uart.o
    0x000039b4   0x000039b4   0x00000007   Data   RO          673    .rodata.uart_irq    zf_driver_uart.o
    0x000039bb   0x000039bb   0x00000001   PAD
    0x000039bc   0x000039bc   0x0000001c   Data   RO          670    .rodata.uart_list   zf_driver_uart.o
    0x000039d8   0x000039d8   0x00000020   Data   RO         3560    Region$$Table       anon$$obj.o


    Execution Region RW_IRAM1 (Exec base: 0x20200000, Load base: 0x000039f8, Size: 0x00001730, Max: 0x00020000, ABSOLUTE)

    Exec Addr    Load Addr    Size         Type   Attr      Idx    E Section Name        Object

    0x20200000   0x000039f8   0x00000044   Data   RW         2995    .TrimTable          dl_factoryregion.o
    0x20200044   0x00003a3c   0x00000004   Data   RW         2996    .data.FACTORYVALUE  dl_factoryregion.o
    0x20200048   0x00003a40   0x00000009   Data   RW          735    .data.encoder_dir   zf_driver_encoder.o
    0x20200051   0x00003a49   0x00000003   PAD
    0x20200054   0x00003a4c   0x00000080   Data   RW          398    .data.exti_callback_list  zf_driver_exti.o
    0x202000d4   0x00003acc   0x00000008   Data   RW          423    .data.gpio_group    zf_driver_gpio.o
    0x202000dc   0x00003ad4   0x00000024   Data   RW          451    .data.pit_callback_ptr_list  zf_driver_pit.o
    0x20200100   0x00003af8   0x0000001c   Data   RW          669    .data.uart_callback_list  zf_driver_uart.o
    0x2020011c   0x00003b14   0x00000004   Data   RW         1337    .data.wireless_module_uart_handler  zf_device_type.o
    0x20200120   0x00003b18   0x00000001   Data   RW          159    .data.zf_debug_assert_enable  zf_common_debug.o
    0x20200121   0x00003b19   0x00000007   PAD
    0x20200128        -       0x00000060   Zero   RW         3375    .bss                c_p.l(libspace.o)
    0x20200188        -       0x00000054   Zero   RW          162    .bss.__stdout       zf_common_debug.o
    0x202001dc        -       0x00000001   Zero   RW          160    .bss.debug_assert_handler.assert_nest_index  zf_common_debug.o
    0x202001dd   0x00003b19   0x00000003   PAD
    0x202001e0        -       0x00000002   Zero   RW          164    .bss.debug_output_info.0  zf_common_debug.o
    0x202001e2   0x00003b19   0x00000002   PAD
    0x202001e4        -       0x00000002   Zero   RW          165    .bss.debug_output_info.1  zf_common_debug.o
    0x202001e6        -       0x00000001   Zero   RW          166    .bss.debug_output_info.3  zf_common_debug.o
    0x202001e7   0x00003b19   0x00000001   PAD
    0x202001e8        -       0x00000001   Zero   RW          167    .bss.debug_output_info.4  zf_common_debug.o
    0x202001e9   0x00003b19   0x00000003   PAD
    0x202001ec        -       0x00000004   Zero   RW          168    .bss.debug_output_info.5  zf_common_debug.o
    0x202001f0        -       0x00000004   Zero   RW          169    .bss.debug_output_info.6  zf_common_debug.o
    0x202001f4        -       0x00000004   Zero   RW          170    .bss.debug_output_info.7  zf_common_debug.o
    0x202001f8        -       0x00000040   Zero   RW          161    .bss.debug_uart_buffer  zf_common_debug.o
    0x20200238        -       0x00000001   Zero   RW          156    .bss.debug_uart_data  zf_common_debug.o
    0x20200239        -       0x00000016   Zero   RW          157    .bss.debug_uart_fifo  zf_common_debug.o
    0x2020024f   0x00003b19   0x00000001   PAD
    0x20200250        -       0x00000004   Zero   RW            6    .bss.encoder        encoder.o
    0x20200254        -       0x00000080   Zero   RW          399    .bss.exti_callback_ptr_list  zf_driver_exti.o
    0x202002d4        -       0x00000004   Zero   RW          281    .bss.interrupt_nest_count  zf_common_interrupt.o
    0x202002d8        -       0x00000024   Zero   RW          450    .bss.pit_callback_list  zf_driver_pit.o
    0x202002fc        -       0x00000009   Zero   RW          618    .bss.timer_function_state  zf_driver_timer.o
    0x20200305   0x00003b19   0x00000003   PAD
    0x20200308        -       0x0000001c   Zero   RW          668    .bss.uart_callback_ptr_list  zf_driver_uart.o
    0x20200324        -       0x00000007   Zero   RW          672    .bss.uart_interrupt_state  zf_driver_uart.o
    0x2020032b        -       0x00000001   Zero   RW          158    .bss.zf_debug_init_flag  zf_common_debug.o
    0x2020032c   0x00003b19   0x00000004   PAD
    0x20200330        -       0x00000400   Zero   RW         1690    HEAP                startup_mspm0g351x_uvision.o
    0x20200730        -       0x00001000   Zero   RW         1689    STACK               startup_mspm0g351x_uvision.o



  Load Region LR_BCR (Base: 0x41c00000, Size: 0x00000000, Max: 0x00000100, ABSOLUTE)

    Execution Region BCR_CONFIG (Exec base: 0x41c00000, Load base: 0x41c00000, Size: 0x00000000, Max: 0x000000ff, ABSOLUTE)

    **** No section assigned to this execution region ****



  Load Region LR_BSL (Base: 0x41c00100, Size: 0x00000000, Max: 0x00000100, ABSOLUTE)

    Execution Region BSL_CONFIG (Exec base: 0x41c00100, Load base: 0x41c00100, Size: 0x00000000, Max: 0x00000080, ABSOLUTE)

    **** No section assigned to this execution region ****



  Load Region LR_DATA (Base: 0x41d00000, Size: 0x00000000, Max: 0x00004000, ABSOLUTE)

    Execution Region DATA (Exec base: 0x41d00000, Load base: 0x41d00000, Size: 0x00000000, Max: 0x00004000, ABSOLUTE)

    **** No section assigned to this execution region ****


==============================================================================

Image component sizes


      Code (inc. data)   RO Data    RW Data    ZI Data      Debug   Object Name

        10          0          0          0          0        637   dl_common.o
        88         12          0         72          0       2164   dl_factoryregion.o
       552         48          0          0          0      13265   dl_sysctl_mspm0gx51x.o
       304         36          0          0          0      26444   dl_timer.o
       104          4          0          0          0      11568   dl_uart.o
        30          0          0          0          0       2591   dl_vref.o
        88         12          0          0          4       3965   encoder.o
       750         80          0          0          0       6063   isr.o
       164         64          0          0          0       1407   main.o
       156          8          0          0          0       6137   motor.o
        48         22        192          0       5120        740   startup_mspm0g351x_uvision.o
       740         84         55          0          0      17559   ti_msp_dl_config.o
       580        112          0          0          0      11461   zf_common_clock.o
      1160        200          9          1        191       8920   zf_common_debug.o
       790          8         43          0          0       6428   zf_common_fifo.o
       194         20          0          0          4       3882   zf_common_interrupt.o
         2          0          0          4          0       1977   zf_device_type.o
        50          8          0          0          0       1223   zf_driver_delay.o
       254         20         85          9          0       9985   zf_driver_encoder.o
         2          0          0        128        128       3999   zf_driver_exti.o
       470        108        103          8          0       7312   zf_driver_gpio.o
       462         36         51         36         36       7265   zf_driver_pit.o
       516         96         42          0          0      10484   zf_driver_pwm.o
        56         12         36          0          9       5267   zf_driver_timer.o
       746         74         90         28         35      13492   zf_driver_uart.o

    ----------------------------------------------------------------------
      8344       1064        743        292       5548     184235   Object Totals
         0          0         32          0          0          0   (incl. Generated)
        28          0          5          6         21          0   (incl. Padding)

    ----------------------------------------------------------------------

      Code (inc. data)   RO Data    RW Data    ZI Data      Debug   Library Member Name

        28          6          0          0          0         84   __2printf.o
        44          4          0          0          0         84   __2sprintf.o
         8          0          0          0          0         68   __main.o
       392          6         17          0          0         76   __printf_flags_ss_wp.o
        14          0          0          0          0         60   __printf_wp.o
         0          0          0          0          0          0   __rtentry.o
        12          0          0          0          0          0   __rtentry2.o
         6          0          0          0          0          0   __rtentry4.o
        60          8          0          0          0          0   __scatter.o
        26          0          0          0          0          0   __scatter_copy.o
        28          0          0          0          0          0   __scatter_zi.o
        46          0          0          0          0        100   _printf_char.o
        48          6          0          0          0         88   _printf_char_common.o
        40          6          0          0          0         72   _printf_char_file.o
        10          0          0          0          0          0   _printf_d.o
       108         18          0          0          0         76   _printf_dec.o
       176          0          0          0          0         84   _printf_intcommon.o
         2          0          0          0          0          0   _printf_percent.o
         4          0          0          0          0          0   _printf_percent_end.o
        10          0          0          0          0          0   _printf_s.o
        82          0          0          0          0         72   _printf_str.o
        10          0          0          0          0         60   _sputc.o
       494          0          0          0          0         92   aeabi_sdivfast.o
        16          0          0          0          0         68   exit.o
         8          0          0          0          0         60   ferror.o
         6          0          0          0          0        136   heapauxi.o
         2          0          0          0          0          0   libinit.o
         2          0          0          0          0          0   libinit2.o
         2          0          0          0          0          0   libshutdown.o
         2          0          0          0          0          0   libshutdown2.o
         8          4          0          0         96         68   libspace.o
        64          0          0          0          0        108   rt_memclr.o
       186          0          0          0          0        144   rt_memcpy.o
         2          0          0          0          0          0   rtexit.o
        10          0          0          0          0          0   rtexit2.o
        40          0          0          0          0         60   rtudiv10.o
        68          6          0          0          0         72   strlen.o
        62          0          0          0          0         80   sys_stackheap_outer.o
       856         20          0          0          0        208   daddsub.o
      1096         26        128          0          0        112   ddiv.o
       108         10          0          0          0         72   dfixi.o
        88          0          0          0          0         92   dflti.o
       584         26          0          0          0         84   dmul.o
       352         10         64          0          0         92   fdiv.o
        48          0          0          0          0         60   ffixui.o
        94          0          0          0          0         92   fflti.o
       176          4          0          0          0         80   fmul.o
         0          0          0          0          0          0   usenofp.o

    ----------------------------------------------------------------------
      5544        164        209          0         96       2704   Library Totals
        16          4          0          0          0          0   (incl. Padding)

    ----------------------------------------------------------------------

      Code (inc. data)   RO Data    RW Data    ZI Data      Debug   Library Name

      2126         64         17          0         96       1812   c_p.l
      3402         96        192          0          0        892   fz_ps.l

    ----------------------------------------------------------------------
      5544        164        209          0         96       2704   Library Totals

    ----------------------------------------------------------------------

==============================================================================


      Code (inc. data)   RO Data    RW Data    ZI Data      Debug   

     13888       1228        952        292       5644     185271   Grand Totals
     13888       1228        952        292       5644     185271   ELF Image Totals
     13888       1228        952        292          0          0   ROM Totals

==============================================================================

    Total RO  Size (Code + RO Data)                14840 (  14.49kB)
    Total RW  Size (RW Data + ZI Data)              5936 (   5.80kB)
    Total ROM Size (Code + RO Data + RW Data)      15132 (  14.78kB)

==============================================================================

