<html>
<body>
<pre>
<h1>µVision Build Log</h1>
<h2>Tool Versions:</h2>
IDE-Version: ¦ÌVision V5.28.0.0
Copyright (C) 2019 ARM Ltd and ARM Germany GmbH. All rights reserved.
License Information: MECHREUO MECHREUO, MECHREUO, LIC=KRMW3-AFGEY-12ELE-5T39E-77GG9-IGRG8
 
Tool Versions:
Toolchain:       MDK-ARM Plus  Version: 5.28.0.0
Toolchain Path:  D:\keil 5\ARM\ARMCLANG\Bin
C Compiler:      ArmClang.exe V6.12
Assembler:       Armasm.exe V6.12
Linker/Locator:  ArmLink.exe V6.12
Library Manager: ArmAr.exe V6.12
Hex Converter:   FromElf.exe V6.12
CPU DLL:         SARMCM3.DLL V5.28.0.0
Dialog DLL:      DARMCM1.DLL V1.19.2.0
Target DLL:      CMSIS_AGDI.dll V1.31.18.0
Dialog DLL:      TARMCM1.DLL V1.14.1.0
 
<h2>Project:</h2>
D:\Desktop\diansai\Electronics_Competition_3519\project\mdk\SeekFree_MSPM0G3519_Device_Library.uvprojx
Project File Date:  07/26/2026

<h2>Output:</h2>
*** Using Compiler 'V6.12', folder: 'D:\keil 5\ARM\ARMCLANG\Bin'
Rebuild target 'SeekFree_MSPM0G3519_Device_Library'
compiling zf_driver_pit.c...
compiling zf_common_interrupt.c...
compiling seekfree_assistant.c...
compiling isr.c...
compiling zf_driver_exti.c...
compiling seekfree_assistant_interface.c...
compiling zf_common_font.c...
compiling zf_common_fifo.c...
compiling zf_common_debug.c...
compiling zf_common_clock.c...
compiling zf_common_function.c...
compiling zf_driver_adc.c...
compiling zf_driver_delay.c...
compiling zf_driver_gpio.c...
compiling main.c...
compiling zf_driver_pwm.c...
compiling zf_driver_timer.c...
compiling zf_driver_soft_iic.c...
compiling zf_driver_spi.c...
compiling zf_driver_uart.c...
compiling zf_driver_encoder.c...
compiling zf_driver_flash.c...
compiling zf_device_absolute_encoder.c...
compiling zf_device_dl1a.c...
compiling zf_device_dl1b.c...
compiling zf_device_imu660rb.c...
compiling zf_device_imu660ra.c...
compiling zf_device_imu963ra.c...
compiling zf_device_imu660rc.c...
compiling zf_device_ips114.c...
assembling startup_mspm0g351x_uvision.s...
compiling zf_device_ips200.c...
compiling zf_device_tsl1401.c...
compiling zf_device_ips200pro.c...
compiling zf_device_type.c...
compiling zf_device_tft180.c...
compiling zf_device_wifi_spi.c...
compiling zf_device_wireless_uart.c...
compiling zf_device_wifi_uart.c...
compiling zf_device_key.c...
compiling dl_adc12.c...
compiling ti_msp_dl_config.c...
compiling dl_aes.c...
compiling zf_device_gs08ra.c...
compiling zf_device_oled.c...
compiling dl_comp.c...
compiling dl_aesadv.c...
compiling dl_common.c...
compiling dl_crc.c...
compiling dl_crcp.c...
compiling dl_dac12.c...
compiling dl_dma.c...
compiling dl_gpamp.c...
compiling dl_gpio.c...
compiling dl_iwdt.c...
compiling dl_flashctl.c...
compiling dl_lcd.c...
compiling dl_i2c.c...
compiling dl_keystorectl.c...
compiling dl_lfss.c...
compiling dl_mathacl.c...
compiling dl_opa.c...
compiling dl_rtc_a.c...
compiling dl_rtc_b.c...
compiling dl_rtc.c...
compiling dl_scratchpad.c...
compiling dl_mcan.c...
compiling dl_rtc_common.c...
compiling dl_spi.c...
compiling dl_tamperio.c...
compiling dl_timerg.c...
compiling dl_timera.c...
compiling dl_vref.c...
compiling dl_wwdt.c...
compiling dl_trng.c...
compiling dl_factoryregion.c...
compiling dl_uart.c...
compiling dl_sysctl_mspm0gx51x.c...
compiling dl_timer.c...
linking...
Program Size: Code=9682 RO-data=678 RW-data=296 ZI-data=5536  
".\Objects\SeekFree_MSPM0G3519_Device_Library.axf" - 0 Error(s), 0 Warning(s).

<h2>Software Packages used:</h2>

Package Vendor: TexasInstruments
                https://software-dl.ti.com/msp430/esd/MSPM0-CMSIS/MSPM0GX51X/latest/exports/TexasInstruments.MSPM0GX51X_DFP.1.0.0.pack
                TexasInstruments.MSPM0GX51X_DFP.1.0.0
                Device Family Pack for Texas Instruments MSPM0GX51X Series

<h2>Collection of Component include folders:</h2>
  .\RTE\_SeekFree_MSPM0G3519_Device_Library

<h2>Collection of Component Files used:</h2>
Build Time Elapsed:  00:00:04
</pre>
</body>
</html>
