<html>
<body>
<pre>
<h1>µVision Build Log</h1>
<h2>Tool Versions:</h2>
IDE-Version: ¦ÌVision V5.28.0.0
Copyright (C) 2019 ARM Ltd and ARM Germany GmbH. All rights reserved.
License Information: MECHREUO MECHREUO, MECHREUO, LIC=KRMW3-AFGEY-12ELE-5T39E-77GG9-IGRG8
 
Tool Versions:
Toolchain:       MDK-ARM Plus  Version: 5.28.0.0
Toolchain Path:  D:\keil 5\ARM\ARMCLANG\Bin
C Compiler:      ArmClang.exe V6.12
Assembler:       Armasm.exe V6.12
Linker/Locator:  ArmLink.exe V6.12
Library Manager: ArmAr.exe V6.12
Hex Converter:   FromElf.exe V6.12
CPU DLL:         SARMCM3.DLL V5.28.0.0
Dialog DLL:      DARMCM1.DLL V1.19.2.0
Target DLL:      CMSIS_AGDI.dll V1.31.18.0
Dialog DLL:      TARMCM1.DLL V1.14.1.0
 
<h2>Project:</h2>
D:\Desktop\diansai\Electronics_Competition_3519\project\mdk\SeekFree_MSPM0G3519_Device_Library.uvprojx
Project File Date:  07/26/2026

<h2>Output:</h2>
*** Using Compiler 'V6.12', folder: 'D:\keil 5\ARM\ARMCLANG\Bin'
Build target 'SeekFree_MSPM0G3519_Device_Library'
compiling main.c...
linking...
Program Size: Code=9682 RO-data=678 RW-data=296 ZI-data=5536  
".\Objects\SeekFree_MSPM0G3519_Device_Library.axf" - 0 Error(s), 0 Warning(s).

<h2>Software Packages used:</h2>

Package Vendor: TexasInstruments
                https://software-dl.ti.com/msp430/esd/MSPM0-CMSIS/MSPM0GX51X/latest/exports/TexasInstruments.MSPM0GX51X_DFP.1.0.0.pack
                TexasInstruments.MSPM0GX51X_DFP.1.0.0
                Device Family Pack for Texas Instruments MSPM0GX51X Series

<h2>Collection of Component include folders:</h2>
  .\RTE\_SeekFree_MSPM0G3519_Device_Library

<h2>Collection of Component Files used:</h2>
Build Time Elapsed:  00:00:01
</pre>
</body>
</html>
